<html>
<body>
<pre>
<h1>礦ision Build Log</h1>
<h2>Tool Versions:</h2>
IDE-Version: μVision V5.25.2.0
Copyright (C) 2018 ARM Ltd and ARM Germany GmbH. All rights reserved.
License Information: congcong c, 22, LIC=SDAPC-7EADJ-Q06NJ-U2X9M-EMB33-199M1
 
Tool Versions:
Toolchain:       MDK-ARM Plus  Version: 5.25.2.0
Toolchain Path:  D:\Keil_v5\ARM\ARMCC\Bin
C Compiler:      Armcc.exe V5.06 update 6 (build 750)
Assembler:       Armasm.exe V5.06 update 6 (build 750)
Linker/Locator:  ArmLink.exe V5.06 update 6 (build 750)
Library Manager: ArmAr.exe V5.06 update 6 (build 750)
Hex Converter:   FromElf.exe V5.06 update 6 (build 750)
CPU DLL:         SARMCM3.DLL V5.25.2.0
Dialog DLL:      DCM.DLL V1.17.1.0
Target DLL:      Segger\JL2CM3.dll V2.99.29.0
Dialog DLL:      TCM.DLL V1.35.1.0
 
<h2>Project:</h2>
D:\YE6283\stm32h7_freertos-master\Project\MDK-ARM(uV5)\project.uvprojx
Project File Date:  07/18/2019

<h2>Output:</h2>
*** Using Compiler 'V5.06 update 6 (build 750)', folder: 'D:\Keil_v5\ARM\ARMCC\Bin'
Build target 'Flash'
compiling bsp_spi_ad7606.c...
..\..\User\bsp\src\bsp_spi_ad7606.c(628): warning:  #550-D: variable "y"  was set but never used
  	int16_t y;
..\..\User\bsp\src\bsp_spi_ad7606.c: 1 warning, 0 errors
linking...
Program Size: Code=88252 RO-data=2036 RW-data=13792 ZI-data=11761544  
FromELF: creating hex file...
After Build - User command #1: CopyHex_Flash.bat
D:\YE6283\stm32h7_freertos-master\Project\MDK-ARM(uV5)>copy Objects\output.hex ..\output(mdk).hex 
已复制         1 个文件。
".\Objects\output.axf" - 0 Error(s), 1 Warning(s).

<h2>Software Packages used:</h2>

Package Vendor: ARM
                http://www.keil.com/pack/ARM.CMSIS.5.3.0.pack
                ARM.CMSIS.5.3.0
                CMSIS (Cortex Microcontroller Software Interface Standard)
   * Component: CORE Version: 5.1.1
   * Component: DSP Version: 1.5.2

Package Vendor: Keil
                http://www.keil.com/pack/Keil.ARM_Compiler.1.4.0.pack
                Keil.ARM_Compiler.1.4.0
                Keil ARM Compiler extensions for ARM Compiler 5 and ARM Compiler 6
   * Component: Event Recorder Variant: DAP Version: 1.4.0
   * Component: STDOUT Variant: Breakpoint Version: 1.4.0

Package Vendor: Keil
                https://www.keil.com/pack/Keil.STM32H7xx_DFP.2.3.0.pack
                Keil.STM32H7xx_DFP.2.3.0
                STMicroelectronics STM32H7 Series Device Support and Examples

<h2>Collection of Component include folders:</h2>
  .\RTE\Compiler
  .\RTE\_Flash
  D:\Keil_v5\ARM\PACK\ARM\CMSIS\5.3.0\CMSIS\Include
  D:\Keil_v5\ARM\PACK\Keil\ARM_Compiler\1.4.0\Include
  D:\Keil_v5\ARM\PACK\Keil\STM32H7xx_DFP\2.3.0\Drivers\CMSIS\Device\ST\STM32H7xx\Include

<h2>Collection of Component Files used:</h2>

   * Component: ARM::CMSIS:CORE:5.1.1

   * Component: ARM::CMSIS:DSP:1.5.2
      Library file:  CMSIS\Lib\ARM\arm_cortexM7lfdp_math.lib
      Include file:  CMSIS\Include\arm_math.h

   * Component: Keil.ARM Compiler::Compiler:Event Recorder:DAP:1.4.0
      Source file:   Source\EventRecorder.c
      Include file:  Config\EventRecorderConf.h
      Include file:  Include\EventRecorder.h

   * Component: Keil.ARM Compiler::Compiler:I/O:STDOUT:Breakpoint:1.4.0
      Source file:   Source\retarget_io.c
Build Time Elapsed:  00:00:16
</pre>
</body>
</html>
