Component: ARM Compiler 5.06 update 6 (build 750) Tool: armlink [4d35ed]

==============================================================================

Section Cross References

    main.o(i.main) refers to bsp.o(i.bsp_Init) for bsp_Init
    main.o(i.main) refers to elog.o(i.elog_init) for elog_init
    main.o(i.main) refers to elog.o(i.elog_set_fmt) for elog_set_fmt
    main.o(i.main) refers to elog.o(i.elog_set_text_color_enabled) for elog_set_text_color_enabled
    main.o(i.main) refers to elog_buf.o(i.elog_buf_enabled) for elog_buf_enabled
    main.o(i.main) refers to elog.o(i.elog_start) for elog_start
    main.o(i.main) refers to tasks.o(i.xTaskCreate) for xTaskCreate
    main.o(i.main) refers to tasks.o(i.vTaskStartScheduler) for vTaskStartScheduler
    main.o(i.main) refers to main.o(.data) for .data
    main.o(i.main) refers to main.o(i.vTaskLED) for vTaskLED
    main.o(i.main) refers to main.o(i.vTaskLwip) for vTaskLwip
    main.o(i.vTaskLED) refers to tasks.o(i.xTaskNotifyWait) for xTaskNotifyWait
    main.o(i.vTaskLED) refers to bsp_led.o(i.bsp_LedToggle) for bsp_LedToggle
    main.o(i.vTaskLwip) refers to tcpip.o(i.tcpip_init) for tcpip_init
    main.o(i.vTaskLwip) refers to netif.o(i.netif_add) for netif_add
    main.o(i.vTaskLwip) refers to netif.o(i.netif_set_default) for netif_set_default
    main.o(i.vTaskLwip) refers to netif.o(i.netif_set_link_callback) for netif_set_link_callback
    main.o(i.vTaskLwip) refers to tcp_client.o(i.tcp_client_conn_server_task) for tcp_client_conn_server_task
    main.o(i.vTaskLwip) refers to tasks.o(i.vTaskDelay) for vTaskDelay
    main.o(i.vTaskLwip) refers to tcpip.o(i.tcpip_input) for tcpip_input
    main.o(i.vTaskLwip) refers to netif_port.o(i.ethernetif_init) for ethernetif_init
    main.o(i.vTaskLwip) refers to main.o(.bss) for .bss
    main.o(i.vTaskLwip) refers to netif_port.o(i.eth_link_callback) for eth_link_callback
    tcp_client.o(i.received_server_data_process) refers to tcp_client.o(i.send_server_data) for send_server_data
    tcp_client.o(i.send_server_data) refers to api_lib.o(i.netconn_write_partly) for netconn_write_partly
    tcp_client.o(i.send_server_data) refers to tcp_client.o(.data) for .data
    tcp_client.o(i.tcp_client_conn_server_task) refers to ip4_addr.o(i.ip4addr_aton) for ip4addr_aton
    tcp_client.o(i.tcp_client_conn_server_task) refers to queue.o(i.xQueueGenericCreate) for xQueueGenericCreate
    tcp_client.o(i.tcp_client_conn_server_task) refers to ip4_addr.o(i.ip4addr_ntoa) for ip4addr_ntoa
    tcp_client.o(i.tcp_client_conn_server_task) refers to elog.o(i.elog_output) for elog_output
    tcp_client.o(i.tcp_client_conn_server_task) refers to tasks.o(i.xTaskGenericNotify) for xTaskGenericNotify
    tcp_client.o(i.tcp_client_conn_server_task) refers to api_lib.o(i.netconn_new_with_proto_and_callback) for netconn_new_with_proto_and_callback
    tcp_client.o(i.tcp_client_conn_server_task) refers to api_lib.o(i.netconn_connect) for netconn_connect
    tcp_client.o(i.tcp_client_conn_server_task) refers to queue.o(i.xQueueGenericSend) for xQueueGenericSend
    tcp_client.o(i.tcp_client_conn_server_task) refers to api_lib.o(i.netconn_recv) for netconn_recv
    tcp_client.o(i.tcp_client_conn_server_task) refers to netbuf.o(i.netbuf_delete) for netbuf_delete
    tcp_client.o(i.tcp_client_conn_server_task) refers to api_lib.o(i.netconn_close) for netconn_close
    tcp_client.o(i.tcp_client_conn_server_task) refers to api_lib.o(i.netconn_delete) for netconn_delete
    tcp_client.o(i.tcp_client_conn_server_task) refers to tasks.o(i.vTaskDelay) for vTaskDelay
    tcp_client.o(i.tcp_client_conn_server_task) refers to netbuf.o(i.netbuf_data) for netbuf_data
    tcp_client.o(i.tcp_client_conn_server_task) refers to tcp_client.o(i.received_server_data_process) for received_server_data_process
    tcp_client.o(i.tcp_client_conn_server_task) refers to tcp_client.o(.data) for .data
    tcp_client.o(i.tcp_client_conn_server_task) refers to main.o(.data) for xHandleTaskLED
    tcp_client.o(i.tcp_client_conn_server_task) refers to tcp_client.o(.constdata) for .constdata
    bsp.o(i.MPU_Config) refers to stm32h7xx_hal_cortex.o(i.HAL_MPU_Disable) for HAL_MPU_Disable
    bsp.o(i.MPU_Config) refers to stm32h7xx_hal_cortex.o(i.HAL_MPU_ConfigRegion) for HAL_MPU_ConfigRegion
    bsp.o(i.MPU_Config) refers to stm32h7xx_hal_cortex.o(i.HAL_MPU_Enable) for HAL_MPU_Enable
    bsp.o(i.SystemClock_Config) refers to stm32h7xx_hal_rcc.o(i.HAL_RCC_OscConfig) for HAL_RCC_OscConfig
    bsp.o(i.SystemClock_Config) refers to stm32h7xx_hal_rcc.o(i.HAL_RCC_ClockConfig) for HAL_RCC_ClockConfig
    bsp.o(i.SystemClock_Config) refers to stm32h7xx_hal.o(i.HAL_EnableCompensationCell) for HAL_EnableCompensationCell
    bsp.o(i.bsp_Init) refers to bsp.o(i.MPU_Config) for MPU_Config
    bsp.o(i.bsp_Init) refers to bsp.o(i.CPU_CACHE_Enable) for CPU_CACHE_Enable
    bsp.o(i.bsp_Init) refers to stm32h7xx_hal.o(i.HAL_Init) for HAL_Init
[...]
    tcp_shutdown                             0x080104fd   Thumb Code   102  tcp.o(i.tcp_shutdown)
    tcp_slowtmr                              0x080105a1   Thumb Code  1398  tcp.o(i.tcp_slowtmr)
    tcp_split_unsent_seg                     0x08010b41   Thumb Code   370  tcp_out.o(i.tcp_split_unsent_seg)
    tcp_timer_needed                         0x08010d41   Thumb Code    36  timeouts.o(i.tcp_timer_needed)
    tcp_tmr                                  0x08010e3d   Thumb Code    28  tcp.o(i.tcp_tmr)
    tcp_trigger_input_pcb_close              0x08010e5d   Thumb Code    12  tcp_in.o(i.tcp_trigger_input_pcb_close)
    tcp_update_rcv_ann_wnd                   0x08010e6d   Thumb Code    96  tcp.o(i.tcp_update_rcv_ann_wnd)
    tcp_write                                0x08010f2d   Thumb Code  1768  tcp_out.o(i.tcp_write)
    tcp_zero_window_probe                    0x080117ad   Thumb Code   200  tcp_out.o(i.tcp_zero_window_probe)
    tcpip_init                               0x080118bd   Thumb Code    86  tcpip.o(i.tcpip_init)
    tcpip_inpkt                              0x08011995   Thumb Code    88  tcpip.o(i.tcpip_inpkt)
    tcpip_input                              0x08011a21   Thumb Code    20  tcpip.o(i.tcpip_input)
    tcpip_send_msg_wait_sem                  0x08011a3d   Thumb Code    26  tcpip.o(i.tcpip_send_msg_wait_sem)
    tcpip_try_callback                       0x08011be9   Thumb Code    86  tcpip.o(i.tcpip_try_callback)
    udp_bind                                 0x08011c75   Thumb Code   192  udp.o(i.udp_bind)
    udp_connect                              0x08011d75   Thumb Code   110  udp.o(i.udp_connect)
    udp_init                                 0x08011e41   Thumb Code     2  udp.o(i.udp_init)
    udp_input                                0x08011e45   Thumb Code   314  udp.o(i.udp_input)
    udp_netif_ip_addr_changed                0x080120d5   Thumb Code    48  udp.o(i.udp_netif_ip_addr_changed)
    udp_new                                  0x08012109   Thumb Code    32  udp.o(i.udp_new)
    udp_new_ip_type                          0x08012149   Thumb Code     4  udp.o(i.udp_new_ip_type)
    udp_recv                                 0x0801214d   Thumb Code    30  udp.o(i.udp_recv)
    udp_remove                               0x080121a5   Thumb Code    70  udp.o(i.udp_remove)
    uxListRemove                             0x08012229   Thumb Code    38  list.o(i.uxListRemove)
    uxQueueMessagesWaiting                   0x0801224f   Thumb Code    40  queue.o(i.uxQueueMessagesWaiting)
    vListInitialise                          0x08012277   Thumb Code    22  list.o(i.vListInitialise)
    vListInitialiseItem                      0x0801228d   Thumb Code     6  list.o(i.vListInitialiseItem)
    vListInsert                              0x08012293   Thumb Code    48  list.o(i.vListInsert)
    vListInsertEnd                           0x080122c3   Thumb Code    24  list.o(i.vListInsertEnd)
    vPortEnterCritical                       0x080122dd   Thumb Code    62  port.o(i.vPortEnterCritical)
    vPortExitCritical                        0x08012325   Thumb Code    38  port.o(i.vPortExitCritical)
    vPortFree                                0x08012351   Thumb Code    96  heap_4.o(i.vPortFree)
    vPortSetupTimerInterrupt                 0x080123b5   Thumb Code    20  port.o(i.vPortSetupTimerInterrupt)
    vPortValidateInterruptPriority           0x080123cd   Thumb Code    82  port.o(i.vPortValidateInterruptPriority)
    vQueueAddToRegistry                      0x08012429   Thumb Code    32  queue.o(i.vQueueAddToRegistry)
    vQueueDelete                             0x0801244d   Thumb Code    40  queue.o(i.vQueueDelete)
    vQueueUnregisterQueue                    0x08012475   Thumb Code    36  queue.o(i.vQueueUnregisterQueue)
    vQueueWaitForMessageRestricted           0x0801249d   Thumb Code    68  queue.o(i.vQueueWaitForMessageRestricted)
    vTaskDelay                               0x080124e1   Thumb Code    70  tasks.o(i.vTaskDelay)
    vTaskInternalSetTimeOutState             0x08012531   Thumb Code    12  tasks.o(i.vTaskInternalSetTimeOutState)
    vTaskMissedYield                         0x080125d5   Thumb Code     8  tasks.o(i.vTaskMissedYield)
    vTaskPlaceOnEventList                    0x080125e1   Thumb Code    48  tasks.o(i.vTaskPlaceOnEventList)
    vTaskPlaceOnEventListRestricted          0x08012615   Thumb Code    56  tasks.o(i.vTaskPlaceOnEventListRestricted)
    vTaskPriorityDisinheritAfterTimeout      0x08012651   Thumb Code   170  tasks.o(i.vTaskPriorityDisinheritAfterTimeout)
    vTaskStartScheduler                      0x08012705   Thumb Code   102  tasks.o(i.vTaskStartScheduler)
    vTaskSuspendAll                          0x0801277d   Thumb Code    10  tasks.o(i.vTaskSuspendAll)
    vTaskSwitchContext                       0x0801278d   Thumb Code    86  tasks.o(i.vTaskSwitchContext)
    xPortStartScheduler                      0x080127ed   Thumb Code   178  port.o(i.xPortStartScheduler)
    xQueueCreateMutex                        0x080128b1   Thumb Code    36  queue.o(i.xQueueCreateMutex)
    xQueueGenericCreate                      0x080128d5   Thumb Code    90  queue.o(i.xQueueGenericCreate)
    xQueueGenericReset                       0x08012931   Thumb Code   136  queue.o(i.xQueueGenericReset)
    xQueueGenericSend                        0x080129bd   Thumb Code   388  queue.o(i.xQueueGenericSend)
    xQueueGenericSendFromISR                 0x08012b45   Thumb Code   218  queue.o(i.xQueueGenericSendFromISR)
    xQueueGiveFromISR                        0x08012c1f   Thumb Code   190  queue.o(i.xQueueGiveFromISR)
    xQueueReceive                            0x08012cdd   Thumb Code   320  queue.o(i.xQueueReceive)
    xQueueSemaphoreTake                      0x08012e21   Thumb Code   388  queue.o(i.xQueueSemaphoreTake)
    xTaskCheckForTimeOut                     0x08012fa9   Thumb Code   120  tasks.o(i.xTaskCheckForTimeOut)
    xTaskCreate                              0x08013025   Thumb Code    86  tasks.o(i.xTaskCreate)
    xTaskGenericNotify                       0x0801307d   Thumb Code   224  tasks.o(i.xTaskGenericNotify)
    xTaskGetSchedulerState                   0x08013169   Thumb Code    22  tasks.o(i.xTaskGetSchedulerState)
    xTaskGetTickCount                        0x08013185   Thumb Code     6  tasks.o(i.xTaskGetTickCount)
    xTaskIncrementTick                       0x08013191   Thumb Code   196  tasks.o(i.xTaskIncrementTick)
    xTaskNotifyWait                          0x0801325d   Thumb Code   130  tasks.o(i.xTaskNotifyWait)
    xTaskPriorityDisinherit                  0x080132e9   Thumb Code   152  tasks.o(i.xTaskPriorityDisinherit)
    xTaskPriorityInherit                     0x08013389   Thumb Code   140  tasks.o(i.xTaskPriorityInherit)
    xTaskRemoveFromEventList                 0x0801341d   Thumb Code   112  tasks.o(i.xTaskRemoveFromEventList)
    xTaskResumeAll                           0x08013495   Thumb Code   186  tasks.o(i.xTaskResumeAll)
    xTimerCreateTimerTask                    0x0801355d   Thumb Code    62  timers.o(i.xTimerCreateTimerTask)
    xTimerGenericCommand                     0x080135ad   Thumb Code    98  timers.o(i.xTimerGenericCommand)
    aTxBuffer                                0x08013630   Data          17  bsp_spi_ad7606.o(.constdata)
    D1CorePrescTable                         0x0801365a   Data          16  system_stm32h7xx.o(.constdata)
    netconn_aborted                          0x0801366a   Data           1  api_msg.o(.constdata)
    netconn_reset                            0x0801366b   Data           1  api_msg.o(.constdata)
    netconn_closed                           0x0801366c   Data           1  api_msg.o(.constdata)
    memp_UDP_PCB                             0x08013670   Data          16  memp.o(.constdata)
    memp_TCP_PCB                             0x08013680   Data          16  memp.o(.constdata)
    memp_TCP_PCB_LISTEN                      0x08013690   Data          16  memp.o(.constdata)
    memp_TCP_SEG                             0x080136a0   Data          16  memp.o(.constdata)
    memp_NETBUF                              0x080136b0   Data          16  memp.o(.constdata)
    memp_NETCONN                             0x080136c0   Data          16  memp.o(.constdata)
    memp_TCPIP_MSG_API                       0x080136d0   Data          16  memp.o(.constdata)
    memp_TCPIP_MSG_INPKT                     0x080136e0   Data          16  memp.o(.constdata)
    memp_SYS_TIMEOUT                         0x080136f0   Data          16  memp.o(.constdata)
    memp_PBUF                                0x08013700   Data          16  memp.o(.constdata)
    memp_PBUF_POOL                           0x08013710   Data          16  memp.o(.constdata)
    memp_pools                               0x08013720   Data          44  memp.o(.constdata)
    tcp_pcb_lists                            0x08013790   Data          16  tcp.o(.constdata)
    lwip_cyclic_timers                       0x080137a0   Data          16  timeouts.o(.constdata)
    ip_addr_any                              0x080137b0   Data           4  ip4_addr.o(.constdata)
    ethbroadcast                             0x080137b4   Data           6  ethernet.o(.constdata)
    ethzero                                  0x080137ba   Data           6  ethernet.o(.constdata)
    memp_RX_POOL                             0x080137c0   Data          16  netif_port.o(.constdata)
    __ctype_table                            0x08013891   Data         129  ctype_o.o(.constdata)
    Region$$Table$$Base                      0x08013b04   Number         0  anon$$obj.o(Region$$Table)
    Region$$Table$$Limit                     0x08013b54   Number         0  anon$$obj.o(Region$$Table)
    xHandleTaskLED                           0x24000000   Data           4  main.o(.data)
    xHandleTaskLwip                          0x24000004   Data           4  main.o(.data)
    xServerCommunicationLockSemaphore        0x24000008   Data           4  tcp_client.o(.data)
    g_iRunTime                               0x24000018   Data           4  bsp_timer.o(.data)
    SystemCoreClock                          0x24000038   Data           4  system_stm32h7xx.o(.data)
    SystemD2Clock                            0x2400003c   Data           4  system_stm32h7xx.o(.data)
    pxCurrentTCB                             0x24000044   Data           4  tasks.o(.data)
    lock_tcpip_core                          0x240000c4   Data           4  tcpip.o(.data)
    netif_list                               0x2400010c   Data           4  netif.o(.data)
    netif_default                            0x24000110   Data           4  netif.o(.data)
    pbuf_free_ooseq_pending                  0x24000114   Data           1  pbuf.o(.data)
    tcp_active_pcbs_changed                  0x24000118   Data           1  tcp.o(.data)
    tcp_ticks                                0x24000124   Data           4  tcp.o(.data)
    tcp_bound_pcbs                           0x24000128   Data           4  tcp.o(.data)
    tcp_listen_pcbs                          0x2400012c   Data           4  tcp.o(.data)
    tcp_active_pcbs                          0x24000130   Data           4  tcp.o(.data)
    tcp_tw_pcbs                              0x24000134   Data           4  tcp.o(.data)
    tcp_input_pcb                            0x24000158   Data           4  tcp_in.o(.data)
    udp_pcbs                                 0x2400016c   Data           4  udp.o(.data)
    RxPktSemaphore                           0x24000174   Data           4  netif_port.o(.data)
    LAN8742_IOCtx                            0x24000178   Data          20  netif_port.o(.data)
    elog_assert_hook                         0x24000190   Data           4  elog.o(.data)
    __stdout                                 0x240001cc   Data           4  stdout.o(.data)
    gnetif                                   0x240001d0   Data          52  main.o(.bss)
    TimHandle                                0x2400125c   Data          64  stm32h7xx_hal_timebase_tim.o(.bss)
    SpiHandle                                0x240012a0   Data         136  bsp_spi_ad7606.o(.bss)
    g_tAD7606                                0x24001418   Data          18  bsp_spi_ad7606.o(.bss)
    g_tAdcFifo                               0x2400142a   Data        4104  bsp_spi_ad7606.o(.bss)
    aRxBuffer                                0x24002440   Data          16  bsp_spi_ad7606.o(.bss)
    _SEGGER_RTT                              0x24002490   Data         168  segger_rtt.o(.bss)
    xQueueRegistry                           0x24002948   Data          64  queue.o(.bss)
    ip_data                                  0x2400e278   Data          24  ip.o(.bss)
    memp_memory_UDP_PCB_base                 0x2400e290   Data         231  memp.o(.bss)
    memp_memory_TCP_PCB_base                 0x2400e377   Data        1203  memp.o(.bss)
    memp_memory_TCP_PCB_LISTEN_base          0x2400e82a   Data         219  memp.o(.bss)
    memp_memory_TCP_SEG_base                 0x2400e905   Data        1027  memp.o(.bss)
    memp_memory_NETBUF_base                  0x2400ed08   Data         123  memp.o(.bss)
    memp_memory_NETCONN_base                 0x2400ed83   Data         403  memp.o(.bss)
    memp_memory_TCPIP_MSG_API_base           0x2400ef16   Data         483  memp.o(.bss)
    memp_memory_TCPIP_MSG_INPKT_base         0x2400f0f9   Data         483  memp.o(.bss)
    memp_memory_SYS_TIMEOUT_base             0x2400f2dc   Data         603  memp.o(.bss)
    memp_memory_PBUF_base                    0x2400f537   Data         963  memp.o(.bss)
    memp_memory_PBUF_POOL_base               0x2400f8fa   Data       15763  memp.o(.bss)
    EthHandle                                0x240137a4   Data         104  netif_port.o(.bss)
    TxConfig                                 0x2401380c   Data          52  netif_port.o(.bss)
    LAN8742                                  0x24013840   Data          32  netif_port.o(.bss)
    memp_memory_RX_POOL_base                 0x24013860   Data         259  netif_port.o(.bss)
    __initial_sp                             0x24014dc8   Data           0  startup_stm32h743xx.o(STACK)
    DMARxDscrTab                             0x30040000   Data          96  netif_port.o(.RxDecripSection)
    DMATxDscrTab                             0x30040060   Data          96  netif_port.o(.TxDecripSection)
    Rx_Buff                                  0x30040200   Data        6144  netif_port.o(.RxArraySection)



==============================================================================

Memory Map of the image

  Image Entry point : 0x08000299

  Load Region LR_IROM1 (Base: 0x08000000, Size: 0x000155e4, Max: 0x00200000, ABSOLUTE, COMPRESSED[0x00013c9c])

    Execution Region ER_IROM1 (Exec base: 0x08000000, Load base: 0x08000000, Size: 0x00013b54, Max: 0x00200000, ABSOLUTE)

    Exec Addr    Load Addr    Size         Type   Attr      Idx    E Section Name        Object

    0x08000000   0x08000000   0x00000298   Data   RO         1569    RESET               startup_stm32h743xx.o
    0x08000298   0x08000298   0x00000000   Code   RO         9813  * .ARM.Collect$$$$00000000  mc_w.l(entry.o)
    0x08000298   0x08000298   0x00000004   Code   RO        10135    .ARM.Collect$$$$00000001  mc_w.l(entry2.o)
    0x0800029c   0x0800029c   0x00000004   Code   RO        10138    .ARM.Collect$$$$00000004  mc_w.l(entry5.o)
    0x080002a0   0x080002a0   0x00000000   Code   RO        10140    .ARM.Collect$$$$00000008  mc_w.l(entry7b.o)
    0x080002a0   0x080002a0   0x00000000   Code   RO        10142    .ARM.Collect$$$$0000000A  mc_w.l(entry8b.o)
    0x080002a0   0x080002a0   0x00000008   Code   RO        10143    .ARM.Collect$$$$0000000B  mc_w.l(entry9a.o)
    0x080002a8   0x080002a8   0x00000000   Code   RO        10145    .ARM.Collect$$$$0000000D  mc_w.l(entry10a.o)
    0x080002a8   0x080002a8   0x00000000   Code   RO        10147    .ARM.Collect$$$$0000000F  mc_w.l(entry11a.o)
    0x080002a8   0x080002a8   0x00000004   Code   RO        10136    .ARM.Collect$$$$00002712  mc_w.l(entry2.o)
    0x080002ac   0x080002ac   0x000000c2   Code   RO         6428    .emb_text           port.o
    0x0800036e   0x0800036e   0x00000002   PAD
    0x08000370   0x08000370   0x00000024   Code   RO         1570    .text               startup_stm32h743xx.o
    0x08000394   0x08000394   0x00000062   Code   RO         9816    .text               mc_w.l(uldiv.o)
    0x080003f6   0x080003f6   0x00000002   PAD
    0x080003f8   0x080003f8   0x00000008   Code   RO         9818    .text               mc_w.l(ctype_o.o)
    0x08000400   0x08000400   0x00000040   Code   RO         9848    .text               mc_w.l(memmovea.o)
    0x08000440   0x08000440   0x00000024   Code   RO         9852    .text               mc_w.l(memseta.o)
    0x08000464   0x08000464   0x00000024   Code   RO         9854    .text               mc_w.l(strstr.o)
    0x08000488   0x08000488   0x0000000e   Code   RO         9858    .text               mc_w.l(strlen.o)
    0x08000496   0x08000496   0x0000001a   Code   RO         9862    .text               mc_w.l(memcmp.o)
    0x080004b0   0x080004b0   0x00000012   Code   RO         9864    .text               mc_w.l(strcpy.o)
    0x080004c2   0x080004c2   0x0000002c   Code   RO        10150    .text               mc_w.l(uidiv.o)
    0x080004ee   0x080004ee   0x0000001e   Code   RO        10152    .text               mc_w.l(llshl.o)
    0x0800050c   0x0800050c   0x00000020   Code   RO        10154    .text               mc_w.l(llushr.o)
    0x0800052c   0x0800052c   0x00000000   Code   RO        10165    .text               mc_w.l(iusefp.o)
    0x0800052c   0x0800052c   0x0000014e   Code   RO        10166    .text               mf_w.l(dadd.o)
    0x0800067a   0x0800067a   0x000000e4   Code   RO        10168    .text               mf_w.l(dmul.o)
    0x0800075e   0x0800075e   0x000000de   Code   RO        10170    .text               mf_w.l(ddiv.o)
    0x0800083c   0x0800083c   0x00000030   Code   RO        10172    .text               mf_w.l(dfixul.o)
    0x0800086c   0x0800086c   0x00000030   Code   RO        10174    .text               mf_w.l(cdrcmple.o)
    0x0800089c   0x0800089c   0x00000024   Code   RO        10176    .text               mc_w.l(init.o)
    0x080008c0   0x080008c0   0x00000024   Code   RO        10178    .text               mc_w.l(llsshr.o)
    0x080008e4   0x080008e4   0x000000ba   Code   RO        10182    .text               mf_w.l(depilogue.o)
    0x0800099e   0x0800099e   0x00000056   Code   RO        10194    .text               mc_w.l(__dczerorl2.o)
    0x080009f4   0x080009f4   0x00000012   Code   RO         5213    OSKERNEL            hardfaulthandler.o
    0x08000a06   0x08000a06   0x00000002   PAD
    0x08000a08   0x08000a08   0x00000018   Code   RO         1330    i.AD7606_ReadNowAdc  bsp_spi_ad7606.o
    0x08000a20   0x08000a20   0x00000002   Code   RO         1222    i.BusFault_Handler  stm32h7xx_it.o
    0x08000a22   0x08000a22   0x00000002   PAD
    0x08000a24   0x08000a24   0x0000007c   Code   RO          637    i.CPU_CACHE_Enable  bsp.o
    0x08000aa0   0x08000aa0   0x00000002   Code   RO         1338    i.DMA2_Stream2_IRQHandler  bsp_spi_ad7606.o
    0x08000aa2   0x08000aa2   0x00000002   PAD
    0x08000aa4   0x08000aa4   0x00000078   Code   RO         3181    i.DMA_SetConfig     stm32h7xx_hal_dma.o
    0x08000b1c   0x08000b1c   0x00000002   Code   RO         1223    i.DebugMon_Handler  stm32h7xx_it.o
    0x08000b1e   0x08000b1e   0x00000002   PAD
    0x08000b20   0x08000b20   0x0000000c   Code   RO         9338    i.ETH_IRQHandler    netif_port.o
    0x08000b2c   0x08000b2c   0x000000d8   Code   RO         4265    i.ETH_MACDMAConfig  stm32h7xx_hal_eth.o
    0x08000c04   0x08000c04   0x00000004   Code   RO         9339    i.ETH_PHY_IO_DeInit  netif_port.o
    0x08000c08   0x08000c08   0x00000004   Code   RO         9340    i.ETH_PHY_IO_GetTick  netif_port.o
    0x08000c0c   0x08000c0c   0x00000010   Code   RO         9341    i.ETH_PHY_IO_Init   netif_port.o
    0x08000c1c   0x08000c1c   0x0000001c   Code   RO         9342    i.ETH_PHY_IO_ReadReg  netif_port.o
    0x08000c38   0x08000c38   0x0000001c   Code   RO         9343    i.ETH_PHY_IO_WriteReg  netif_port.o
    0x08000c54   0x08000c54   0x000002c8   Code   RO         4266    i.ETH_Prepare_Tx_Descriptors  stm32h7xx_hal_eth.o
    0x08000f1c   0x08000f1c   0x000000a0   Code   RO         4267    i.ETH_SetDMAConfig  stm32h7xx_hal_eth.o
    0x08000fbc   0x08000fbc   0x000001a4   Code   RO         4268    i.ETH_SetMACConfig  stm32h7xx_hal_eth.o
    0x08001160   0x08001160   0x00000008   Code   RO         1339    i.EXTI15_10_IRQHandler  bsp_spi_ad7606.o
    0x08001168   0x08001168   0x00000008   Code   RO          638    i.Error_Handler     bsp.o
    0x08001170   0x08001170   0x00000004   Code   RO         3185    i.HAL_DMA_GetError  stm32h7xx_hal_dma.o
    0x08001174   0x08001174   0x000000d0   Code   RO         3192    i.HAL_DMA_Start_IT  stm32h7xx_hal_dma.o
    0x08001244   0x08001244   0x00000076   Code   RO         4269    i.HAL_ETH_BuildRxDescriptors  stm32h7xx_hal_eth.o
    0x080012ba   0x080012ba   0x00000002   Code   RO         4270    i.HAL_ETH_DMAErrorCallback  stm32h7xx_hal_eth.o
    0x080012bc   0x080012bc   0x0000003c   Code   RO         4272    i.HAL_ETH_DescAssignMemory  stm32h7xx_hal_eth.o
    0x080012f8   0x080012f8   0x00000002   Code   RO         4273    i.HAL_ETH_EEECallback  stm32h7xx_hal_eth.o
    0x080012fa   0x080012fa   0x000001cc   Code   RO         4279    i.HAL_ETH_GetMACConfig  stm32h7xx_hal_eth.o
    0x080014c6   0x080014c6   0x000000a4   Code   RO         4283    i.HAL_ETH_GetRxDataBuffer  stm32h7xx_hal_eth.o
    0x0800156a   0x0800156a   0x00000034   Code   RO         4285    i.HAL_ETH_GetRxDataLength  stm32h7xx_hal_eth.o
    0x0800159e   0x0800159e   0x0000014a   Code   RO         4287    i.HAL_ETH_IRQHandler  stm32h7xx_hal_eth.o
    0x080016e8   0x080016e8   0x00000208   Code   RO         4288    i.HAL_ETH_Init      stm32h7xx_hal_eth.o
    0x080018f0   0x080018f0   0x000000c8   Code   RO         4289    i.HAL_ETH_IsRxDataAvailable  stm32h7xx_hal_eth.o
    0x080019b8   0x080019b8   0x00000002   Code   RO         4290    i.HAL_ETH_MACErrorCallback  stm32h7xx_hal_eth.o
    0x080019ba   0x080019ba   0x00000002   PAD
    0x080019bc   0x080019bc   0x000000e4   Code   RO         9344    i.HAL_ETH_MspInit   netif_port.o
    0x08001aa0   0x08001aa0   0x00000002   Code   RO         4293    i.HAL_ETH_PMTCallback  stm32h7xx_hal_eth.o
    0x08001aa2   0x08001aa2   0x00000062   Code   RO         4294    i.HAL_ETH_ReadPHYRegister  stm32h7xx_hal_eth.o
    0x08001b04   0x08001b04   0x0000002c   Code   RO         9345    i.HAL_ETH_RxCpltCallback  netif_port.o
    0x08001b30   0x08001b30   0x00000018   Code   RO         4298    i.HAL_ETH_SetMACConfig  stm32h7xx_hal_eth.o
    0x08001b48   0x08001b48   0x00000078   Code   RO         4300    i.HAL_ETH_SetMDIOClockRange  stm32h7xx_hal_eth.o
    0x08001bc0   0x08001bc0   0x000000b6   Code   RO         4305    i.HAL_ETH_Start_IT  stm32h7xx_hal_eth.o
    0x08001c76   0x08001c76   0x00000094   Code   RO         4307    i.HAL_ETH_Stop_IT   stm32h7xx_hal_eth.o
    0x08001d0a   0x08001d0a   0x000000b8   Code   RO         4308    i.HAL_ETH_Transmit  stm32h7xx_hal_eth.o
    0x08001dc2   0x08001dc2   0x00000002   Code   RO         4310    i.HAL_ETH_TxCpltCallback  stm32h7xx_hal_eth.o
    0x08001dc4   0x08001dc4   0x00000002   Code   RO         4311    i.HAL_ETH_WakeUpCallback  stm32h7xx_hal_eth.o
    0x08001dc6   0x08001dc6   0x00000002   PAD
    0x08001dc8   0x08001dc8   0x00000064   Code   RO         4312    i.HAL_ETH_WritePHYRegister  stm32h7xx_hal_eth.o
    0x08001e2c   0x08001e2c   0x00000010   Code   RO         1593    i.HAL_EnableCompensationCell  stm32h7xx_hal.o
    0x08001e3c   0x08001e3c   0x0000000c   Code   RO         1340    i.HAL_GPIO_EXTI_Callback  bsp_spi_ad7606.o
    0x08001e48   0x08001e48   0x00000018   Code   RO         2130    i.HAL_GPIO_EXTI_IRQHandler  stm32h7xx_hal_gpio.o
    0x08001e60   0x08001e60   0x000001e8   Code   RO         2131    i.HAL_GPIO_Init     stm32h7xx_hal_gpio.o
    0x08002048   0x08002048   0x00000008   Code   RO         2134    i.HAL_GPIO_TogglePin  stm32h7xx_hal_gpio.o
    0x08002050   0x08002050   0x0000000a   Code   RO         2135    i.HAL_GPIO_WritePin  stm32h7xx_hal_gpio.o
    0x0800205a   0x0800205a   0x00000002   PAD
    0x0800205c   0x0800205c   0x0000000c   Code   RO         1600    i.HAL_GetTick       stm32h7xx_hal.o
    0x08002068   0x08002068   0x00000010   Code   RO         1603    i.HAL_IncTick       stm32h7xx_hal.o
    0x08002078   0x08002078   0x0000001c   Code   RO         1604    i.HAL_Init          stm32h7xx_hal.o
    0x08002094   0x08002094   0x00000080   Code   RO         1273    i.HAL_InitTick      stm32h7xx_hal_timebase_tim.o
    0x08002114   0x08002114   0x00000054   Code   RO         1892    i.HAL_MPU_ConfigRegion  stm32h7xx_hal_cortex.o
    0x08002168   0x08002168   0x0000001c   Code   RO         1893    i.HAL_MPU_Disable   stm32h7xx_hal_cortex.o
    0x08002184   0x08002184   0x00000024   Code   RO         1894    i.HAL_MPU_Enable    stm32h7xx_hal_cortex.o
    0x080021a8   0x080021a8   0x00000002   Code   RO         1607    i.HAL_MspInit       stm32h7xx_hal.o
    0x080021aa   0x080021aa   0x0000001a   Code   RO         1897    i.HAL_NVIC_EnableIRQ  stm32h7xx_hal_cortex.o
    0x080021c4   0x080021c4   0x00000040   Code   RO         1903    i.HAL_NVIC_SetPriority  stm32h7xx_hal_cortex.o
    0x08002204   0x08002204   0x00000024   Code   RO         1904    i.HAL_NVIC_SetPriorityGrouping  stm32h7xx_hal_cortex.o
    0x08002228   0x08002228   0x00000034   Code   RO         2206    i.HAL_RCCEx_GetD1SysClockFreq  stm32h7xx_hal_rcc_ex.o
    0x0800225c   0x0800225c   0x0000002c   Code   RO         2207    i.HAL_RCCEx_GetD3PCLK1Freq  stm32h7xx_hal_rcc_ex.o
    0x08002288   0x08002288   0x000000fc   Code   RO         2209    i.HAL_RCCEx_GetPLL2ClockFreq  stm32h7xx_hal_rcc_ex.o
    0x08002384   0x08002384   0x000000fc   Code   RO         2210    i.HAL_RCCEx_GetPLL3ClockFreq  stm32h7xx_hal_rcc_ex.o
    0x08002480   0x08002480   0x000008b0   Code   RO         2214    i.HAL_RCCEx_PeriphCLKConfig  stm32h7xx_hal_rcc_ex.o
    0x08002d30   0x08002d30   0x000001d8   Code   RO         2033    i.HAL_RCC_ClockConfig  stm32h7xx_hal_rcc.o
    0x08002f08   0x08002f08   0x00000060   Code   RO         2036    i.HAL_RCC_GetClockConfig  stm32h7xx_hal_rcc.o
    0x08002f68   0x08002f68   0x00000034   Code   RO         2037    i.HAL_RCC_GetHCLKFreq  stm32h7xx_hal_rcc.o
    0x08002f9c   0x08002f9c   0x0000002c   Code   RO         2039    i.HAL_RCC_GetPCLK1Freq  stm32h7xx_hal_rcc.o
    0x08002fc8   0x08002fc8   0x0000002c   Code   RO         2040    i.HAL_RCC_GetPCLK2Freq  stm32h7xx_hal_rcc.o
    0x08002ff4   0x08002ff4   0x000000f4   Code   RO         2041    i.HAL_RCC_GetSysClockFreq  stm32h7xx_hal_rcc.o
    0x080030e8   0x080030e8   0x0000049c   Code   RO         2044    i.HAL_RCC_OscConfig  stm32h7xx_hal_rcc.o
    0x08003584   0x08003584   0x00000002   Code   RO         4712    i.HAL_SPI_ErrorCallback  stm32h7xx_hal_spi.o
    0x08003586   0x08003586   0x00000002   Code   RO         4722    i.HAL_SPI_RxCpltCallback  stm32h7xx_hal_spi.o
    0x08003588   0x08003588   0x00000002   Code   RO         4723    i.HAL_SPI_RxHalfCpltCallback  stm32h7xx_hal_spi.o
    0x0800358a   0x0800358a   0x00000002   PAD
    0x0800358c   0x0800358c   0x000001e0   Code   RO         4726    i.HAL_SPI_TransmitReceive_DMA  stm32h7xx_hal_spi.o
    0x0800376c   0x0800376c   0x00000002   Code   RO         4732    i.HAL_SPI_TxRxCpltCallback  stm32h7xx_hal_spi.o
    0x0800376e   0x0800376e   0x00000002   Code   RO         4733    i.HAL_SPI_TxRxHalfCpltCallback  stm32h7xx_hal_spi.o
    0x08003770   0x08003770   0x00000014   Code   RO         1616    i.HAL_SYSCFG_ETHInterfaceSelect  stm32h7xx_hal.o
    0x08003784   0x08003784   0x00000002   Code   RO         4008    i.HAL_TIMEx_BreakCallback  stm32h7xx_hal_tim_ex.o
    0x08003786   0x08003786   0x00000002   Code   RO         4009    i.HAL_TIMEx_CommutationCallback  stm32h7xx_hal_tim_ex.o
    0x08003788   0x08003788   0x00000036   Code   RO         3366    i.HAL_TIM_Base_Init  stm32h7xx_hal_tim.o
    0x080037be   0x080037be   0x00000002   Code   RO         3368    i.HAL_TIM_Base_MspInit  stm32h7xx_hal_tim.o
    0x080037c0   0x080037c0   0x00000018   Code   RO         3371    i.HAL_TIM_Base_Start_IT  stm32h7xx_hal_tim.o
    0x080037d8   0x080037d8   0x00000002   Code   RO         3395    i.HAL_TIM_IC_CaptureCallback  stm32h7xx_hal_tim.o
    0x080037da   0x080037da   0x00000180   Code   RO         3408    i.HAL_TIM_IRQHandler  stm32h7xx_hal_tim.o
    0x0800395a   0x0800395a   0x00000002   Code   RO         3411    i.HAL_TIM_OC_DelayElapsedCallback  stm32h7xx_hal_tim.o
    0x0800395c   0x0800395c   0x00000002   Code   RO         3438    i.HAL_TIM_PWM_PulseFinishedCallback  stm32h7xx_hal_tim.o
    0x0800395e   0x0800395e   0x00000004   Code   RO         1276    i.HAL_TIM_PeriodElapsedCallback  stm32h7xx_hal_timebase_tim.o
    0x08003962   0x08003962   0x00000002   Code   RO         3449    i.HAL_TIM_TriggerCallback  stm32h7xx_hal_tim.o
    0x08003964   0x08003964   0x0000006a   Code   RO         2536    i.HAL_UART_Init     stm32h7xx_hal_uart.o
    0x080039ce   0x080039ce   0x00000002   Code   RO         2538    i.HAL_UART_MspInit  stm32h7xx_hal_uart.o
    0x080039d0   0x080039d0   0x000000e4   Code   RO         5219    i.HardFaultHandler  segger_hardfaulthandler.o
    0x08003ab4   0x08003ab4   0x00000168   Code   RO         1040    i.InitHardUart      bsp_uart_fifo.o
    0x08003c1c   0x08003c1c   0x00000094   Code   RO         9476    i.LAN8742_GetLinkState  lan8742.o
    0x08003cb0   0x08003cb0   0x000000d0   Code   RO         9477    i.LAN8742_Init      lan8742.o
    0x08003d80   0x08003d80   0x0000002c   Code   RO         9478    i.LAN8742_RegisterBusIO  lan8742.o
    0x08003dac   0x08003dac   0x00000084   Code   RO          639    i.MPU_Config        bsp.o
    0x08003e30   0x08003e30   0x00000002   Code   RO         1224    i.MemManage_Handler  stm32h7xx_it.o
    0x08003e32   0x08003e32   0x00000002   Code   RO         1225    i.NMI_Handler       stm32h7xx_it.o
    0x08003e34   0x08003e34   0x000000f0   Code   RO         2217    i.RCCEx_PLL2_Config  stm32h7xx_hal_rcc_ex.o
    0x08003f24   0x08003f24   0x000000f0   Code   RO         2218    i.RCCEx_PLL3_Config  stm32h7xx_hal_rcc_ex.o
    0x08004014   0x08004014   0x0000003c   Code   RO         1041    i.RS485_InitTXE     bsp_uart_fifo.o
    0x08004050   0x08004050   0x00000002   Code   RO         1042    i.RS485_ReciveNew   bsp_uart_fifo.o
    0x08004052   0x08004052   0x00000002   PAD
    0x08004054   0x08004054   0x0000000c   Code   RO         1043    i.RS485_SendBefor   bsp_uart_fifo.o
    0x08004060   0x08004060   0x0000000c   Code   RO         1045    i.RS485_SendOver    bsp_uart_fifo.o
    0x0800406c   0x0800406c   0x00000038   Code   RO         5264    i.SEGGER_RTT_Write  segger_rtt.o
    0x080040a4   0x080040a4   0x0000005c   Code   RO         5265    i.SEGGER_RTT_WriteNoLock  segger_rtt.o
    0x08004100   0x08004100   0x000000de   Code   RO         4741    i.SPI_CloseTransfer  stm32h7xx_hal_spi.o
    0x080041de   0x080041de   0x0000002c   Code   RO         4743    i.SPI_DMAError      stm32h7xx_hal_spi.o
    0x0800420a   0x0800420a   0x0000000a   Code   RO         4744    i.SPI_DMAHalfReceiveCplt  stm32h7xx_hal_spi.o
    0x08004214   0x08004214   0x0000000a   Code   RO         4746    i.SPI_DMAHalfTransmitReceiveCplt  stm32h7xx_hal_spi.o
    0x0800421e   0x0800421e   0x00000028   Code   RO         4747    i.SPI_DMAReceiveCplt  stm32h7xx_hal_spi.o
    0x08004246   0x08004246   0x00000028   Code   RO         4750    i.SPI_DMATransmitReceiveCplt  stm32h7xx_hal_spi.o
    0x0800426e   0x0800426e   0x00000002   PAD
    0x08004270   0x08004270   0x00000030   Code   RO         6429    i.SysTick_Handler   port.o
    0x080042a0   0x080042a0   0x000000b0   Code   RO          640    i.SystemClock_Config  bsp.o
    0x08004350   0x08004350   0x00000084   Code   RO         5179    i.SystemInit        system_stm32h7xx.o
    0x080043d4   0x080043d4   0x00000094   Code   RO          867    i.TIM2_IRQHandler   bsp_timer.o
    0x08004468   0x08004468   0x0000000c   Code   RO         1277    i.TIM7_IRQHandler   stm32h7xx_hal_timebase_tim.o
    0x08004474   0x08004474   0x000000c0   Code   RO         3450    i.TIM_Base_SetConfig  stm32h7xx_hal_tim.o
    0x08004534   0x08004534   0x000000c8   Code   RO         2549    i.UART_AdvFeatureConfig  stm32h7xx_hal_uart.o
    0x080045fc   0x080045fc   0x0000005c   Code   RO         2550    i.UART_CheckIdleState  stm32h7xx_hal_uart.o
    0x08004658   0x08004658   0x000004a8   Code   RO         2564    i.UART_SetConfig    stm32h7xx_hal_uart.o
    0x08004b00   0x08004b00   0x00000062   Code   RO         2566    i.UART_WaitOnFlagUntilTimeout  stm32h7xx_hal_uart.o
    0x08004b62   0x08004b62   0x00000002   PAD
    0x08004b64   0x08004b64   0x0000000c   Code   RO         1048    i.USART1_IRQHandler  bsp_uart_fifo.o
    0x08004b70   0x08004b70   0x0000000c   Code   RO         1049    i.USART3_IRQHandler  bsp_uart_fifo.o
    0x08004b7c   0x08004b7c   0x00000144   Code   RO         1050    i.UartIRQ           bsp_uart_fifo.o
    0x08004cc0   0x08004cc0   0x00000080   Code   RO         1053    i.UartVarInit       bsp_uart_fifo.o
    0x08004d40   0x08004d40   0x00000002   Code   RO         1226    i.UsageFault_Handler  stm32h7xx_it.o
    0x08004d42   0x08004d42   0x00000002   PAD
    0x08004d44   0x08004d44   0x00000068   Code   RO         5269    i._DoInit           segger_rtt.o
    0x08004dac   0x08004dac   0x00000016   Code   RO         5270    i._GetAvailWriteSpace  segger_rtt.o
    0x08004dc2   0x08004dc2   0x0000005a   Code   RO         5272    i._WriteBlocking    segger_rtt.o
    0x08004e1c   0x08004e1c   0x00000042   Code   RO         5273    i._WriteNoCheck     segger_rtt.o
    0x08004e5e   0x08004e5e   0x00000002   PAD
    0x08004e60   0x08004e60   0x00000020   Code   RO        10105    i.__0printf         mc_w.l(printfa.o)
    0x08004e80   0x08004e80   0x00000030   Code   RO        10106    i.__0snprintf       mc_w.l(printfa.o)
    0x08004eb0   0x08004eb0   0x0000002c   Code   RO        10110    i.__0vsnprintf      mc_w.l(printfa.o)
    0x08004edc   0x08004edc   0x00000020   Code   RO         1910    i.__NVIC_SetPriority  stm32h7xx_hal_cortex.o
    0x08004efc   0x08004efc   0x0000000e   Code   RO        10188    i.__scatterload_copy  mc_w.l(handlers.o)
    0x08004f0a   0x08004f0a   0x00000002   Code   RO        10189    i.__scatterload_null  mc_w.l(handlers.o)
    0x08004f0c   0x08004f0c   0x0000000e   Code   RO        10190    i.__scatterload_zeroinit  mc_w.l(handlers.o)
    0x08004f1a   0x08004f1a   0x00000002   PAD
    0x08004f1c   0x08004f1c   0x00000184   Code   RO        10112    i._fp_digits        mc_w.l(printfa.o)
    0x080050a0   0x080050a0   0x000006dc   Code   RO        10113    i._printf_core      mc_w.l(printfa.o)
    0x0800577c   0x0800577c   0x00000024   Code   RO        10114    i._printf_post_padding  mc_w.l(printfa.o)
    0x080057a0   0x080057a0   0x0000002e   Code   RO        10115    i._printf_pre_padding  mc_w.l(printfa.o)
    0x080057ce   0x080057ce   0x00000016   Code   RO        10116    i._snputc           mc_w.l(printfa.o)
    0x080057e4   0x080057e4   0x0000001e   Code   RO          642    i.bsp_Init          bsp.o
    0x08005802   0x08005802   0x00000002   PAD
    0x08005804   0x08005804   0x00000044   Code   RO          720    i.bsp_InitLed       bsp_led.o
    0x08005848   0x08005848   0x00000012   Code   RO         1054    i.bsp_InitUart      bsp_uart_fifo.o
    0x0800585a   0x0800585a   0x00000002   PAD
    0x0800585c   0x0800585c   0x00000014   Code   RO          721    i.bsp_LedOff        bsp_led.o
    0x08005870   0x08005870   0x00000014   Code   RO          723    i.bsp_LedToggle     bsp_led.o
    0x08005884   0x08005884   0x00000060   Code   RO         1055    i.bsp_SetUartParam  bsp_uart_fifo.o
    0x080058e4   0x080058e4   0x00000080   Code   RO         7613    i.do_memp_free_pool  memp.o
    0x08005964   0x08005964   0x0000009c   Code   RO         7614    i.do_memp_malloc_pool_fn  memp.o
    0x08005a00   0x08005a00   0x0000000c   Code   RO         9709    i.elog_buf_enabled  elog_buf.o
    0x08005a0c   0x08005a0c   0x0000006c   Code   RO         9710    i.elog_buf_output   elog_buf.o
    0x08005a78   0x08005a78   0x00000030   Code   RO         9563    i.elog_init         elog.o
    0x08005aa8   0x08005aa8   0x00000368   Code   RO         9564    i.elog_output       elog.o
    0x08005e10   0x08005e10   0x00000020   Code   RO         9565    i.elog_output_lock  elog.o
    0x08005e30   0x08005e30   0x0000002c   Code   RO         9566    i.elog_output_lock_enabled  elog.o
    0x08005e5c   0x08005e5c   0x00000020   Code   RO         9567    i.elog_output_unlock  elog.o
    0x08005e7c   0x08005e7c   0x00000008   Code   RO         9760    i.elog_port_get_p_info  elog_port.o
    0x08005e84   0x08005e84   0x00000006   Code   RO         9761    i.elog_port_get_t_info  elog_port.o
    0x08005e8a   0x08005e8a   0x00000002   PAD
    0x08005e8c   0x08005e8c   0x00000028   Code   RO         9762    i.elog_port_get_time  elog_port.o
    0x08005eb4   0x08005eb4   0x00000004   Code   RO         9763    i.elog_port_init    elog_port.o
    0x08005eb8   0x08005eb8   0x00000010   Code   RO         9764    i.elog_port_output  elog_port.o
    0x08005ec8   0x08005ec8   0x00000002   Code   RO         9765    i.elog_port_output_lock  elog_port.o
    0x08005eca   0x08005eca   0x00000002   Code   RO         9766    i.elog_port_output_unlock  elog_port.o
    0x08005ecc   0x08005ecc   0x000000b8   Code   RO         9571    i.elog_set_filter_lvl  elog.o
    0x08005f84   0x08005f84   0x000000c0   Code   RO         9573    i.elog_set_fmt      elog.o
    0x08006044   0x08006044   0x0000000c   Code   RO         9575    i.elog_set_text_color_enabled  elog.o
    0x08006050   0x08006050   0x0000008c   Code   RO         9576    i.elog_start        elog.o
    0x080060dc   0x080060dc   0x000000f8   Code   RO         9737    i.elog_strcpy       elog_utils.o
    0x080061d4   0x080061d4   0x00000198   Code   RO         6858    i.err_tcp           api_msg.o
    0x0800636c   0x0800636c   0x000000bc   Code   RO         9346    i.eth_link_callback  netif_port.o
    0x08006428   0x08006428   0x0000002c   Code   RO         8895    i.etharp_cleanup_netif  etharp.o
    0x08006454   0x08006454   0x00000230   Code   RO         8897    i.etharp_find_entry  etharp.o
    0x08006684   0x08006684   0x00000038   Code   RO         8898    i.etharp_free_entry  etharp.o
    0x080066bc   0x080066bc   0x000000d4   Code   RO         8900    i.etharp_input      etharp.o
    0x08006790   0x08006790   0x00000180   Code   RO         8901    i.etharp_output     etharp.o
    0x08006910   0x08006910   0x000000d8   Code   RO         8902    i.etharp_output_to_arp_index  etharp.o
    0x080069e8   0x080069e8   0x000001b8   Code   RO         8903    i.etharp_query      etharp.o
    0x08006ba0   0x08006ba0   0x00000140   Code   RO         8904    i.etharp_raw        etharp.o
    0x08006ce0   0x08006ce0   0x0000000c   Code   RO         8905    i.etharp_request    etharp.o
    0x08006cec   0x08006cec   0x00000020   Code   RO         8906    i.etharp_request_dst  etharp.o
    0x08006d0c   0x08006d0c   0x0000005c   Code   RO         8907    i.etharp_tmr        etharp.o
    0x08006d68   0x08006d68   0x000000e8   Code   RO         8908    i.etharp_update_arp_entry  etharp.o
    0x08006e50   0x08006e50   0x000000a4   Code   RO         9133    i.ethernet_input    ethernet.o
    0x08006ef4   0x08006ef4   0x000000a0   Code   RO         9347    i.ethernet_link_thread  netif_port.o
    0x08006f94   0x08006f94   0x000000c0   Code   RO         9134    i.ethernet_output   ethernet.o
    0x08007054   0x08007054   0x00000074   Code   RO         9348    i.ethernetif_init   netif_port.o
    0x080070c8   0x080070c8   0x0000004c   Code   RO         9349    i.ethernetif_input  netif_port.o
    0x08007114   0x08007114   0x00000010   Code   RO         1063    i.fputc             bsp_uart_fifo.o
    0x08007124   0x08007124   0x000000c4   Code   RO         9577    i.get_fmt_enabled   elog.o
    0x080071e8   0x080071e8   0x00000008   Code   RO         8992    i.icmp_dest_unreach  icmp.o
    0x080071f0   0x080071f0   0x000001bc   Code   RO         8993    i.icmp_input        icmp.o
    0x080073ac   0x080073ac   0x000000d8   Code   RO         8994    i.icmp_send_response  icmp.o
    0x08007484   0x08007484   0x0000004a   Code   RO         7398    i.inet_chksum_pbuf  inet_chksum.o
    0x080074ce   0x080074ce   0x0000002e   Code   RO         9067    i.ip4_addr_isbroadcast_u32  ip4_addr.o
    0x080074fc   0x080074fc   0x00000168   Code   RO         9024    i.ip4_input         ip4.o
    0x08007664   0x08007664   0x0000002c   Code   RO         9025    i.ip4_input_accept  ip4.o
    0x08007690   0x08007690   0x0000001e   Code   RO         9027    i.ip4_output_if     ip4.o
    0x080076ae   0x080076ae   0x00000002   PAD
    0x080076b0   0x080076b0   0x0000012c   Code   RO         9028    i.ip4_output_if_src  ip4.o
    0x080077dc   0x080077dc   0x00000060   Code   RO         9029    i.ip4_route         ip4.o
    0x0800783c   0x0800783c   0x0000015c   Code   RO         9069    i.ip4addr_aton      ip4_addr.o
    0x08007998   0x08007998   0x0000000c   Code   RO         9070    i.ip4addr_ntoa      ip4_addr.o
    0x080079a4   0x080079a4   0x00000076   Code   RO         9071    i.ip4addr_ntoa_r    ip4_addr.o
    0x08007a1a   0x08007a1a   0x00000002   PAD
    0x08007a1c   0x08007a1c   0x0000018c   Code   RO         9350    i.low_level_init    netif_port.o
    0x08007ba8   0x08007ba8   0x000000a8   Code   RO         9351    i.low_level_input   netif_port.o
    0x08007c50   0x08007c50   0x00000060   Code   RO         9352    i.low_level_output  netif_port.o
    0x08007cb0   0x08007cb0   0x0000003c   Code   RO         8690    i.lwip_cyclic_timer  timeouts.o
    0x08007cec   0x08007cec   0x00000004   Code   RO         7349    i.lwip_htonl        def.o
    0x08007cf0   0x08007cf0   0x00000004   Code   RO         7350    i.lwip_htons        def.o
    0x08007cf4   0x08007cf4   0x00000022   Code   RO         7458    i.lwip_init         init.o
    0x08007d16   0x08007d16   0x00000002   PAD
    0x08007d18   0x08007d18   0x00000104   Code   RO         6861    i.lwip_netconn_do_close  api_msg.o
    0x08007e1c   0x08007e1c   0x00000298   Code   RO         6862    i.lwip_netconn_do_close_internal  api_msg.o
    0x080080b4   0x080080b4   0x0000012c   Code   RO         6863    i.lwip_netconn_do_connect  api_msg.o
    0x080081e0   0x080081e0   0x0000014c   Code   RO         6864    i.lwip_netconn_do_connected  api_msg.o
    0x0800832c   0x0800832c   0x00000164   Code   RO         6865    i.lwip_netconn_do_delconn  api_msg.o
    0x08008490   0x08008490   0x00000012   Code   RO         6869    i.lwip_netconn_do_newconn  api_msg.o
    0x080084a2   0x080084a2   0x00000044   Code   RO         6870    i.lwip_netconn_do_recv  api_msg.o
    0x080084e6   0x080084e6   0x00000002   PAD
    0x080084e8   0x080084e8   0x0000011c   Code   RO         6872    i.lwip_netconn_do_write  api_msg.o
    0x08008604   0x08008604   0x00000358   Code   RO         6873    i.lwip_netconn_do_writemore  api_msg.o
    0x0800895c   0x0800895c   0x00000070   Code   RO         6874    i.lwip_netconn_err_to_msg  api_msg.o
    0x080089cc   0x080089cc   0x00000074   Code   RO         6875    i.lwip_netconn_is_err_msg  api_msg.o
    0x08008a40   0x08008a40   0x00000056   Code   RO         7405    i.lwip_standard_chksum  inet_chksum.o
    0x08008a96   0x08008a96   0x00000002   PAD
    0x08008a98   0x08008a98   0x000000a4   Code   RO            4    i.main              main.o
    0x08008b3c   0x08008b3c   0x00000198   Code   RO         7542    i.mem_free          mem.o
    0x08008cd4   0x08008cd4   0x00000090   Code   RO         7543    i.mem_init          mem.o
    0x08008d64   0x08008d64   0x0000027c   Code   RO         7544    i.mem_malloc        mem.o
    0x08008fe0   0x08008fe0   0x000000d0   Code   RO         7545    i.mem_overflow_check_raw  mem.o
    0x080090b0   0x080090b0   0x0000001e   Code   RO         7546    i.mem_overflow_init_raw  mem.o
    0x080090ce   0x080090ce   0x00000002   PAD
    0x080090d0   0x080090d0   0x00000010   Code   RO         7547    i.mem_to_ptr        mem.o
    0x080090e0   0x080090e0   0x000001b0   Code   RO         7548    i.mem_trim          mem.o
    0x08009290   0x08009290   0x00000070   Code   RO         7615    i.memp_free         memp.o
    0x08009300   0x08009300   0x0000005c   Code   RO         7616    i.memp_free_pool    memp.o
    0x0800935c   0x0800935c   0x0000001c   Code   RO         7617    i.memp_init         memp.o
    0x08009378   0x08009378   0x0000003a   Code   RO         7618    i.memp_init_pool    memp.o
    0x080093b2   0x080093b2   0x00000002   PAD
    0x080093b4   0x080093b4   0x0000006c   Code   RO         7619    i.memp_malloc_fn    memp.o
    0x08009420   0x08009420   0x00000054   Code   RO         7620    i.memp_malloc_pool_fn  memp.o
    0x08009474   0x08009474   0x00000014   Code   RO         7621    i.memp_overflow_check_element  memp.o
    0x08009488   0x08009488   0x000000c8   Code   RO         7103    i.netbuf_data       netbuf.o
    0x08009550   0x08009550   0x00000022   Code   RO         7104    i.netbuf_delete     netbuf.o
    0x08009572   0x08009572   0x00000002   PAD
    0x08009574   0x08009574   0x000000cc   Code   RO         6876    i.netconn_alloc     api_msg.o
    0x08009640   0x08009640   0x0000001c   Code   RO         6647    i.netconn_apimsg    api_lib.o
    0x0800965c   0x0800965c   0x00000006   Code   RO         6650    i.netconn_close     api_lib.o
    0x08009662   0x08009662   0x00000002   PAD
    0x08009664   0x08009664   0x00000078   Code   RO         6651    i.netconn_close_shutdown  api_lib.o
    0x080096dc   0x080096dc   0x00000084   Code   RO         6652    i.netconn_connect   api_lib.o
    0x08009760   0x08009760   0x0000001e   Code   RO         6653    i.netconn_delete    api_lib.o
    0x0800977e   0x0800977e   0x0000009c   Code   RO         6877    i.netconn_drain     api_msg.o
    0x0800981a   0x0800981a   0x0000001e   Code   RO         6655    i.netconn_err       api_lib.o
    0x08009838   0x08009838   0x00000134   Code   RO         6878    i.netconn_free      api_msg.o
    0x0800996c   0x0800996c   0x00000144   Code   RO         6658    i.netconn_new_with_proto_and_callback  api_lib.o
    0x08009ab0   0x08009ab0   0x00000020   Code   RO         6659    i.netconn_prepare_delete  api_lib.o
    0x08009ad0   0x08009ad0   0x00000110   Code   RO         6660    i.netconn_recv      api_lib.o
    0x08009be0   0x08009be0   0x00000154   Code   RO         6661    i.netconn_recv_data  api_lib.o
    0x08009d34   0x08009d34   0x00000092   Code   RO         6662    i.netconn_recv_data_tcp  api_lib.o
    0x08009dc6   0x08009dc6   0x00000002   PAD
    0x08009dc8   0x08009dc8   0x00000080   Code   RO         6671    i.netconn_tcp_recvd_msg  api_lib.o
    0x08009e48   0x08009e48   0x00000014   Code   RO         6672    i.netconn_write_partly  api_lib.o
    0x08009e5c   0x08009e5c   0x00000158   Code   RO         6673    i.netconn_write_vectors_partly  api_lib.o
    0x08009fb4   0x08009fb4   0x000001a8   Code   RO         7757    i.netif_add         netif.o
    0x0800a15c   0x0800a15c   0x00000016   Code   RO         7759    i.netif_do_ip_addr_changed  netif.o
    0x0800a172   0x0800a172   0x00000016   Code   RO         7760    i.netif_do_set_gw   netif.o
    0x0800a188   0x0800a188   0x00000090   Code   RO         7761    i.netif_do_set_ipaddr  netif.o
    0x0800a218   0x0800a218   0x00000016   Code   RO         7762    i.netif_do_set_netmask  netif.o
    0x0800a22e   0x0800a22e   0x00000002   PAD
    0x0800a230   0x0800a230   0x00000024   Code   RO         7764    i.netif_get_by_index  netif.o
    0x0800a254   0x0800a254   0x00000002   Code   RO         7766    i.netif_init        netif.o
    0x0800a256   0x0800a256   0x00000002   PAD
    0x0800a258   0x0800a258   0x00000088   Code   RO         7768    i.netif_issue_reports  netif.o
    0x0800a2e0   0x0800a2e0   0x00000006   Code   RO         7770    i.netif_null_output_ip4  netif.o
    0x0800a2e6   0x0800a2e6   0x00000002   PAD
    0x0800a2e8   0x0800a2e8   0x00000060   Code   RO         7772    i.netif_set_addr    netif.o
    0x0800a348   0x0800a348   0x0000000c   Code   RO         7773    i.netif_set_default  netif.o
    0x0800a354   0x0800a354   0x0000007c   Code   RO         7774    i.netif_set_down    netif.o
    0x0800a3d0   0x0800a3d0   0x00000008   Code   RO         7777    i.netif_set_link_callback  netif.o
    0x0800a3d8   0x0800a3d8   0x00000080   Code   RO         7778    i.netif_set_link_down  netif.o
    0x0800a458   0x0800a458   0x0000008c   Code   RO         7779    i.netif_set_link_up  netif.o
    0x0800a4e4   0x0800a4e4   0x00000074   Code   RO         7781    i.netif_set_up      netif.o
    0x0800a558   0x0800a558   0x00000006   Code   RO         7933    i.pbuf_add_header   pbuf.o
    0x0800a55e   0x0800a55e   0x00000002   PAD
    0x0800a560   0x0800a560   0x00000088   Code   RO         7935    i.pbuf_add_header_impl  pbuf.o
    0x0800a5e8   0x0800a5e8   0x00000234   Code   RO         7936    i.pbuf_alloc        pbuf.o
    0x0800a81c   0x0800a81c   0x00000080   Code   RO         7937    i.pbuf_alloc_reference  pbuf.o
    0x0800a89c   0x0800a89c   0x00000038   Code   RO         7938    i.pbuf_alloced_custom  pbuf.o
    0x0800a8d4   0x0800a8d4   0x000000fc   Code   RO         7939    i.pbuf_cat          pbuf.o
    0x0800a9d0   0x0800a9d0   0x00000012   Code   RO         7941    i.pbuf_clen         pbuf.o
    0x0800a9e2   0x0800a9e2   0x00000002   PAD
    0x0800a9e4   0x0800a9e4   0x00000064   Code   RO         7942    i.pbuf_clone        pbuf.o
    0x0800aa48   0x0800aa48   0x000001b4   Code   RO         7944    i.pbuf_copy         pbuf.o
    0x0800abfc   0x0800abfc   0x000000e4   Code   RO         7945    i.pbuf_copy_partial  pbuf.o
    0x0800ace0   0x0800ace0   0x00000134   Code   RO         7947    i.pbuf_free         pbuf.o
    0x0800ae14   0x0800ae14   0x0000000c   Code   RO         9353    i.pbuf_free_custom  netif_port.o
    0x0800ae20   0x0800ae20   0x00000034   Code   RO         7949    i.pbuf_free_ooseq_callback  pbuf.o
    0x0800ae54   0x0800ae54   0x00000006   Code   RO         7953    i.pbuf_header_force  pbuf.o
    0x0800ae5a   0x0800ae5a   0x0000000e   Code   RO         7954    i.pbuf_header_impl  pbuf.o
    0x0800ae68   0x0800ae68   0x0000001c   Code   RO         7955    i.pbuf_init_alloced_pbuf  pbuf.o
    0x0800ae84   0x0800ae84   0x00000100   Code   RO         7959    i.pbuf_realloc      pbuf.o
    0x0800af84   0x0800af84   0x00000064   Code   RO         7960    i.pbuf_ref          pbuf.o
    0x0800afe8   0x0800afe8   0x00000098   Code   RO         7961    i.pbuf_remove_header  pbuf.o
    0x0800b080   0x0800b080   0x00000024   Code   RO         5940    i.pcTaskGetName     tasks.o
    0x0800b0a4   0x0800b0a4   0x000000c0   Code   RO         6879    i.pcb_new           api_msg.o
    0x0800b164   0x0800b164   0x00000170   Code   RO         7549    i.plug_holes        mem.o
    0x0800b2d4   0x0800b2d4   0x000000a8   Code   RO         6880    i.poll_tcp          api_msg.o
    0x0800b37c   0x0800b37c   0x00000070   Code   RO         5941    i.prvAddCurrentTaskToDelayedList  tasks.o
    0x0800b3ec   0x0800b3ec   0x000000d0   Code   RO         5942    i.prvAddNewTaskToReadyList  tasks.o
    0x0800b4bc   0x0800b4bc   0x00000050   Code   RO         6280    i.prvCheckForValidListAndQueue  timers.o
    0x0800b50c   0x0800b50c   0x00000026   Code   RO         5540    i.prvCopyDataFromQueue  queue.o
    0x0800b532   0x0800b532   0x0000006c   Code   RO         5541    i.prvCopyDataToQueue  queue.o
    0x0800b59e   0x0800b59e   0x00000014   Code   RO         5943    i.prvDeleteTCB      tasks.o
    0x0800b5b2   0x0800b5b2   0x00000002   PAD
    0x0800b5b4   0x0800b5b4   0x0000004c   Code   RO         6505    i.prvHeapInit       heap_4.o
    0x0800b600   0x0800b600   0x0000005c   Code   RO         5944    i.prvIdleTask       tasks.o
    0x0800b65c   0x0800b65c   0x000000ae   Code   RO         5945    i.prvInitialiseNewTask  tasks.o
    0x0800b70a   0x0800b70a   0x00000002   PAD
    0x0800b70c   0x0800b70c   0x0000004c   Code   RO         6506    i.prvInsertBlockIntoFreeList  heap_4.o
    0x0800b758   0x0800b758   0x00000038   Code   RO         6281    i.prvInsertTimerInActiveList  timers.o
    0x0800b790   0x0800b790   0x0000001a   Code   RO         5542    i.prvIsQueueEmpty   queue.o
    0x0800b7aa   0x0800b7aa   0x00000074   Code   RO         5543    i.prvNotifyQueueSetContainer  queue.o
    0x0800b81e   0x0800b81e   0x00000002   PAD
    0x0800b820   0x0800b820   0x00000100   Code   RO         6282    i.prvProcessReceivedCommands  timers.o
    0x0800b920   0x0800b920   0x000000c4   Code   RO         6283    i.prvProcessTimerOrBlockTask  timers.o
    0x0800b9e4   0x0800b9e4   0x00000020   Code   RO         5947    i.prvResetNextTaskUnblockTime  tasks.o
    0x0800ba04   0x0800ba04   0x00000028   Code   RO         6284    i.prvSampleTimeNow  timers.o
    0x0800ba2c   0x0800ba2c   0x00000070   Code   RO         6285    i.prvSwitchTimerLists  timers.o
    0x0800ba9c   0x0800ba9c   0x00000030   Code   RO         6430    i.prvTaskExitError  port.o
    0x0800bacc   0x0800bacc   0x00000028   Code   RO         6286    i.prvTimerTask      timers.o
    0x0800baf4   0x0800baf4   0x00000078   Code   RO         5544    i.prvUnlockQueue    queue.o
    0x0800bb6c   0x0800bb6c   0x0000000c   Code   RO         7550    i.ptr_to_mem        mem.o
    0x0800bb78   0x0800bb78   0x000000e4   Code   RO         6507    i.pvPortMalloc      heap_4.o
    0x0800bc5c   0x0800bc5c   0x00000018   Code   RO         5949    i.pvTaskIncrementMutexHeldCount  tasks.o
    0x0800bc74   0x0800bc74   0x0000002c   Code   RO         6431    i.pxPortInitialiseStack  port.o
    0x0800bca0   0x0800bca0   0x00000004   Code   RO          503    i.received_server_data_process  tcp_client.o
    0x0800bca4   0x0800bca4   0x00000150   Code   RO         6881    i.recv_tcp          api_msg.o
    0x0800bdf4   0x0800bdf4   0x00000134   Code   RO         6882    i.recv_udp          api_msg.o
    0x0800bf28   0x0800bf28   0x00000024   Code   RO          504    i.send_server_data  tcp_client.o
    0x0800bf4c   0x0800bf4c   0x0000009c   Code   RO         6883    i.sent_tcp          api_msg.o
    0x0800bfe8   0x0800bfe8   0x00000044   Code   RO         6884    i.setup_tcp         api_msg.o
    0x0800c02c   0x0800c02c   0x00000050   Code   RO         9161    i.sys_arch_assert   sys_arch.o
    0x0800c07c   0x0800c07c   0x000000b4   Code   RO         9162    i.sys_arch_mbox_fetch  sys_arch.o
    0x0800c130   0x0800c130   0x00000020   Code   RO         9163    i.sys_arch_mbox_tryfetch  sys_arch.o
    0x0800c150   0x0800c150   0x0000000a   Code   RO         9164    i.sys_arch_protect  sys_arch.o
    0x0800c15a   0x0800c15a   0x00000002   PAD
    0x0800c15c   0x0800c15c   0x000000a4   Code   RO         9165    i.sys_arch_sem_wait  sys_arch.o
    0x0800c200   0x0800c200   0x00000004   Code   RO         9166    i.sys_arch_unprotect  sys_arch.o
    0x0800c204   0x0800c204   0x00000040   Code   RO         8691    i.sys_check_timeouts  timeouts.o
    0x0800c244   0x0800c244   0x00000002   Code   RO         9167    i.sys_init          sys_arch.o
    0x0800c246   0x0800c246   0x00000002   PAD
    0x0800c248   0x0800c248   0x00000084   Code   RO         9169    i.sys_mbox_free     sys_arch.o
    0x0800c2cc   0x0800c2cc   0x00000022   Code   RO         9170    i.sys_mbox_new      sys_arch.o
    0x0800c2ee   0x0800c2ee   0x00000006   Code   RO         9172    i.sys_mbox_set_invalid  sys_arch.o
    0x0800c2f4   0x0800c2f4   0x00000020   Code   RO         9173    i.sys_mbox_trypost  sys_arch.o
    0x0800c314   0x0800c314   0x0000000a   Code   RO         9175    i.sys_mbox_valid    sys_arch.o
    0x0800c31e   0x0800c31e   0x0000000e   Code   RO         9177    i.sys_mutex_lock    sys_arch.o
    0x0800c32c   0x0800c32c   0x00000018   Code   RO         9178    i.sys_mutex_new     sys_arch.o
    0x0800c344   0x0800c344   0x00000012   Code   RO         9179    i.sys_mutex_unlock  sys_arch.o
    0x0800c356   0x0800c356   0x00000004   Code   RO         9180    i.sys_now           sys_arch.o
    0x0800c35a   0x0800c35a   0x00000006   Code   RO         9181    i.sys_sem_free      sys_arch.o
    0x0800c360   0x0800c360   0x00000036   Code   RO         9182    i.sys_sem_new       sys_arch.o
    0x0800c396   0x0800c396   0x00000006   Code   RO         9183    i.sys_sem_set_invalid  sys_arch.o
    0x0800c39c   0x0800c39c   0x00000012   Code   RO         9184    i.sys_sem_signal    sys_arch.o
    0x0800c3ae   0x0800c3ae   0x0000000a   Code   RO         9185    i.sys_sem_valid     sys_arch.o
    0x0800c3b8   0x0800c3b8   0x0000002c   Code   RO         9186    i.sys_thread_new    sys_arch.o
    0x0800c3e4   0x0800c3e4   0x0000008c   Code   RO         8693    i.sys_timeout       timeouts.o
    0x0800c470   0x0800c470   0x000000c8   Code   RO         8694    i.sys_timeout_abs   timeouts.o
    0x0800c538   0x0800c538   0x00000024   Code   RO         8695    i.sys_timeouts_init  timeouts.o
    0x0800c55c   0x0800c55c   0x00000028   Code   RO         8696    i.sys_timeouts_sleeptime  timeouts.o
    0x0800c584   0x0800c584   0x00000178   Code   RO         8169    i.tcp_abandon       tcp.o
    0x0800c6fc   0x0800c6fc   0x00000006   Code   RO         8170    i.tcp_abort         tcp.o
    0x0800c702   0x0800c702   0x0000000e   Code   RO         8171    i.tcp_accept        tcp.o
    0x0800c710   0x0800c710   0x00000160   Code   RO         8173    i.tcp_alloc         tcp.o
    0x0800c870   0x0800c870   0x00000008   Code   RO         8174    i.tcp_arg           tcp.o
    0x0800c878   0x0800c878   0x000002e4   Code   RO          505    i.tcp_client_conn_server_task  tcp_client.o
    0x0800cb5c   0x0800cb5c   0x0000006c   Code   RO         8177    i.tcp_close         tcp.o
    0x0800cbc8   0x0800cbc8   0x000001a8   Code   RO         8178    i.tcp_close_shutdown  tcp.o
    0x0800cd70   0x0800cd70   0x00000090   Code   RO         8179    i.tcp_close_shutdown_fin  tcp.o
    0x0800ce00   0x0800ce00   0x000001b4   Code   RO         8180    i.tcp_connect       tcp.o
    0x0800cfb4   0x0800cfb4   0x00000154   Code   RO         8542    i.tcp_create_segment  tcp_out.o
    0x0800d108   0x0800d108   0x00000080   Code   RO         8182    i.tcp_eff_send_mss_netif  tcp.o
    0x0800d188   0x0800d188   0x00000204   Code   RO         8543    i.tcp_enqueue_flags  tcp_out.o
    0x0800d38c   0x0800d38c   0x0000006c   Code   RO         8183    i.tcp_err           tcp.o
    0x0800d3f8   0x0800d3f8   0x0000006c   Code   RO         8184    i.tcp_fasttmr       tcp.o
    0x0800d464   0x0800d464   0x00000058   Code   RO         8185    i.tcp_free          tcp.o
    0x0800d4bc   0x0800d4bc   0x0000010c   Code   RO         8465    i.tcp_free_acked_segments  tcp_in.o
    0x0800d5c8   0x0800d5c8   0x00000014   Code   RO         8186    i.tcp_free_ooseq    tcp.o
    0x0800d5dc   0x0800d5dc   0x00000028   Code   RO         8466    i.tcp_get_next_optbyte  tcp_in.o
    0x0800d604   0x0800d604   0x00000002   Code   RO         8187    i.tcp_init          tcp.o
    0x0800d606   0x0800d606   0x00000002   PAD
    0x0800d608   0x0800d608   0x00000620   Code   RO         8467    i.tcp_input         tcp_in.o
    0x0800dc28   0x0800dc28   0x0000009c   Code   RO         8468    i.tcp_input_delayed_close  tcp_in.o
    0x0800dcc4   0x0800dcc4   0x00000094   Code   RO         8544    i.tcp_keepalive     tcp_out.o
    0x0800dd58   0x0800dd58   0x00000084   Code   RO         8188    i.tcp_kill_state    tcp.o
    0x0800dddc   0x0800dddc   0x000000dc   Code   RO         8189    i.tcp_listen_closed  tcp.o
    0x0800deb8   0x0800deb8   0x00000160   Code   RO         8469    i.tcp_listen_input  tcp_in.o
    0x0800e018   0x0800e018   0x0000004c   Code   RO         8192    i.tcp_netif_ip_addr_changed  tcp.o
    0x0800e064   0x0800e064   0x0000008c   Code   RO         8193    i.tcp_netif_ip_addr_changed_pcblist  tcp.o
    0x0800e0f0   0x0800e0f0   0x00000006   Code   RO         8195    i.tcp_new_ip_type   tcp.o
    0x0800e0f6   0x0800e0f6   0x00000002   PAD
    0x0800e0f8   0x0800e0f8   0x0000005c   Code   RO         8196    i.tcp_new_port      tcp.o
    0x0800e154   0x0800e154   0x00000060   Code   RO         8197    i.tcp_next_iss      tcp.o
    0x0800e1b4   0x0800e1b4   0x000000d4   Code   RO         8470    i.tcp_oos_insert_segment  tcp_in.o
    0x0800e288   0x0800e288   0x000002b4   Code   RO         8545    i.tcp_output        tcp_out.o
    0x0800e53c   0x0800e53c   0x00000094   Code   RO         8546    i.tcp_output_alloc_header  tcp_out.o
    0x0800e5d0   0x0800e5d0   0x000000d8   Code   RO         8547    i.tcp_output_alloc_header_common  tcp_out.o
    0x0800e6a8   0x0800e6a8   0x000000a8   Code   RO         8548    i.tcp_output_control_segment  tcp_out.o
    0x0800e750   0x0800e750   0x000000a4   Code   RO         8549    i.tcp_output_fill_options  tcp_out.o
    0x0800e7f4   0x0800e7f4   0x000001a8   Code   RO         8550    i.tcp_output_segment  tcp_out.o
    0x0800e99c   0x0800e99c   0x00000074   Code   RO         8551    i.tcp_output_segment_busy  tcp_out.o
    0x0800ea10   0x0800ea10   0x000000c4   Code   RO         8471    i.tcp_parseopt      tcp_in.o
    0x0800ead4   0x0800ead4   0x0000011c   Code   RO         8552    i.tcp_pbuf_prealloc  tcp_out.o
    0x0800ebf0   0x0800ebf0   0x00000098   Code   RO         8198    i.tcp_pcb_purge     tcp.o
    0x0800ec88   0x0800ec88   0x00000160   Code   RO         8199    i.tcp_pcb_remove    tcp.o
    0x0800ede8   0x0800ede8   0x00000098   Code   RO         8200    i.tcp_poll          tcp.o
    0x0800ee80   0x0800ee80   0x000004a4   Code   RO         8472    i.tcp_process       tcp_in.o
    0x0800f324   0x0800f324   0x000000d0   Code   RO         8201    i.tcp_process_refused_data  tcp.o
    0x0800f3f4   0x0800f3f4   0x000008ec   Code   RO         8473    i.tcp_receive       tcp_in.o
    0x0800fce0   0x0800fce0   0x0000006c   Code   RO         8202    i.tcp_recv          tcp.o
    0x0800fd4c   0x0800fd4c   0x00000078   Code   RO         8203    i.tcp_recv_null     tcp.o
    0x0800fdc4   0x0800fdc4   0x000000d0   Code   RO         8204    i.tcp_recved        tcp.o
    0x0800fe94   0x0800fe94   0x000000b4   Code   RO         8553    i.tcp_rexmit        tcp_out.o
    0x0800ff48   0x0800ff48   0x000000b4   Code   RO         8554    i.tcp_rexmit_fast   tcp_out.o
    0x0800fffc   0x0800fffc   0x0000006c   Code   RO         8555    i.tcp_rexmit_rto    tcp_out.o
    0x08010068   0x08010068   0x00000078   Code   RO         8556    i.tcp_rexmit_rto_commit  tcp_out.o
    0x080100e0   0x080100e0   0x000000cc   Code   RO         8557    i.tcp_rexmit_rto_prepare  tcp_out.o
    0x080101ac   0x080101ac   0x00000010   Code   RO         8558    i.tcp_route         tcp_out.o
    0x080101bc   0x080101bc   0x000000e0   Code   RO         8559    i.tcp_rst           tcp_out.o
    0x0801029c   0x0801029c   0x00000078   Code   RO         8205    i.tcp_seg_copy      tcp.o
    0x08010314   0x08010314   0x0000001c   Code   RO         8206    i.tcp_seg_free      tcp.o
    0x08010330   0x08010330   0x00000012   Code   RO         8207    i.tcp_segs_free     tcp.o
    0x08010342   0x08010342   0x00000002   PAD
    0x08010344   0x08010344   0x000000b4   Code   RO         8560    i.tcp_send_empty_ack  tcp_out.o
    0x080103f8   0x080103f8   0x00000098   Code   RO         8561    i.tcp_send_fin      tcp_out.o
    0x08010490   0x08010490   0x0000006c   Code   RO         8208    i.tcp_sent          tcp.o
    0x080104fc   0x080104fc   0x000000a4   Code   RO         8210    i.tcp_shutdown      tcp.o
    0x080105a0   0x080105a0   0x000005a0   Code   RO         8211    i.tcp_slowtmr       tcp.o
    0x08010b40   0x08010b40   0x00000200   Code   RO         8562    i.tcp_split_unsent_seg  tcp_out.o
    0x08010d40   0x08010d40   0x00000034   Code   RO         8698    i.tcp_timer_needed  timeouts.o
    0x08010d74   0x08010d74   0x000000c8   Code   RO         8474    i.tcp_timewait_input  tcp_in.o
    0x08010e3c   0x08010e3c   0x00000020   Code   RO         8213    i.tcp_tmr           tcp.o
    0x08010e5c   0x08010e5c   0x00000010   Code   RO         8475    i.tcp_trigger_input_pcb_close  tcp_in.o
    0x08010e6c   0x08010e6c   0x000000c0   Code   RO         8215    i.tcp_update_rcv_ann_wnd  tcp.o
    0x08010f2c   0x08010f2c   0x00000740   Code   RO         8563    i.tcp_write         tcp_out.o
    0x0801166c   0x0801166c   0x00000140   Code   RO         8564    i.tcp_write_checks  tcp_out.o
    0x080117ac   0x080117ac   0x00000110   Code   RO         8565    i.tcp_zero_window_probe  tcp_out.o
    0x080118bc   0x080118bc   0x000000d8   Code   RO         7201    i.tcpip_init        tcpip.o
    0x08011994   0x08011994   0x0000008c   Code   RO         7202    i.tcpip_inpkt       tcpip.o
    0x08011a20   0x08011a20   0x0000001c   Code   RO         7203    i.tcpip_input       tcpip.o
    0x08011a3c   0x08011a3c   0x00000020   Code   RO         7204    i.tcpip_send_msg_wait_sem  tcpip.o
    0x08011a5c   0x08011a5c   0x00000038   Code   RO         8699    i.tcpip_tcp_timer   timeouts.o
    0x08011a94   0x08011a94   0x000000c0   Code   RO         7205    i.tcpip_thread      tcpip.o
    0x08011b54   0x08011b54   0x00000094   Code   RO         7206    i.tcpip_thread_handle_msg  tcpip.o
    0x08011be8   0x08011be8   0x0000008c   Code   RO         7207    i.tcpip_try_callback  tcpip.o
    0x08011c74   0x08011c74   0x00000100   Code   RO         8770    i.udp_bind          udp.o
    0x08011d74   0x08011d74   0x000000cc   Code   RO         8772    i.udp_connect       udp.o
    0x08011e40   0x08011e40   0x00000002   Code   RO         8774    i.udp_init          udp.o
    0x08011e42   0x08011e42   0x00000002   PAD
    0x08011e44   0x08011e44   0x000001b4   Code   RO         8775    i.udp_input         udp.o
    0x08011ff8   0x08011ff8   0x000000dc   Code   RO         8776    i.udp_input_local_match  udp.o
    0x080120d4   0x080120d4   0x00000034   Code   RO         8777    i.udp_netif_ip_addr_changed  udp.o
    0x08012108   0x08012108   0x00000040   Code   RO         8778    i.udp_new           udp.o
    0x08012148   0x08012148   0x00000004   Code   RO         8779    i.udp_new_ip_type   udp.o
    0x0801214c   0x0801214c   0x00000058   Code   RO         8780    i.udp_recv          udp.o
    0x080121a4   0x080121a4   0x00000084   Code   RO         8781    i.udp_remove        udp.o
    0x08012228   0x08012228   0x00000026   Code   RO         5494    i.uxListRemove      list.o
    0x0801224e   0x0801224e   0x00000028   Code   RO         5547    i.uxQueueMessagesWaiting  queue.o
    0x08012276   0x08012276   0x00000016   Code   RO         5495    i.vListInitialise   list.o
    0x0801228c   0x0801228c   0x00000006   Code   RO         5496    i.vListInitialiseItem  list.o
    0x08012292   0x08012292   0x00000030   Code   RO         5497    i.vListInsert       list.o
    0x080122c2   0x080122c2   0x00000018   Code   RO         5498    i.vListInsertEnd    list.o
    0x080122da   0x080122da   0x00000002   PAD
    0x080122dc   0x080122dc   0x00000048   Code   RO         6433    i.vPortEnterCritical  port.o
    0x08012324   0x08012324   0x0000002c   Code   RO         6434    i.vPortExitCritical  port.o
    0x08012350   0x08012350   0x00000064   Code   RO         6508    i.vPortFree         heap_4.o
    0x080123b4   0x080123b4   0x00000018   Code   RO         6435    i.vPortSetupTimerInterrupt  port.o
    0x080123cc   0x080123cc   0x0000005c   Code   RO         6436    i.vPortValidateInterruptPriority  port.o
    0x08012428   0x08012428   0x00000024   Code   RO         5550    i.vQueueAddToRegistry  queue.o
    0x0801244c   0x0801244c   0x00000028   Code   RO         5551    i.vQueueDelete      queue.o
    0x08012474   0x08012474   0x00000028   Code   RO         5553    i.vQueueUnregisterQueue  queue.o
    0x0801249c   0x0801249c   0x00000044   Code   RO         5554    i.vQueueWaitForMessageRestricted  queue.o
    0x080124e0   0x080124e0   0x00000050   Code   RO         5957    i.vTaskDelay        tasks.o
    0x08012530   0x08012530   0x00000010   Code   RO         5962    i.vTaskInternalSetTimeOutState  tasks.o
    0x08012540   0x08012540   0x00000030   Code   RO            5    i.vTaskLED          main.o
    0x08012570   0x08012570   0x00000064   Code   RO            6    i.vTaskLwip         main.o
    0x080125d4   0x080125d4   0x0000000c   Code   RO         5963    i.vTaskMissedYield  tasks.o
    0x080125e0   0x080125e0   0x00000034   Code   RO         5965    i.vTaskPlaceOnEventList  tasks.o
    0x08012614   0x08012614   0x0000003c   Code   RO         5966    i.vTaskPlaceOnEventListRestricted  tasks.o
    0x08012650   0x08012650   0x000000b4   Code   RO         5968    i.vTaskPriorityDisinheritAfterTimeout  tasks.o
    0x08012704   0x08012704   0x00000078   Code   RO         5974    i.vTaskStartScheduler  tasks.o
    0x0801277c   0x0801277c   0x00000010   Code   RO         5976    i.vTaskSuspendAll   tasks.o
    0x0801278c   0x0801278c   0x00000060   Code   RO         5977    i.vTaskSwitchContext  tasks.o
    0x080127ec   0x080127ec   0x000000c4   Code   RO         6437    i.xPortStartScheduler  port.o
    0x080128b0   0x080128b0   0x00000024   Code   RO         5557    i.xQueueCreateMutex  queue.o
    0x080128d4   0x080128d4   0x0000005a   Code   RO         5559    i.xQueueGenericCreate  queue.o
    0x0801292e   0x0801292e   0x00000002   PAD
    0x08012930   0x08012930   0x0000008c   Code   RO         5560    i.xQueueGenericReset  queue.o
    0x080129bc   0x080129bc   0x00000188   Code   RO         5561    i.xQueueGenericSend  queue.o
    0x08012b44   0x08012b44   0x000000da   Code   RO         5562    i.xQueueGenericSendFromISR  queue.o
    0x08012c1e   0x08012c1e   0x000000be   Code   RO         5563    i.xQueueGiveFromISR  queue.o
    0x08012cdc   0x08012cdc   0x00000144   Code   RO         5569    i.xQueueReceive     queue.o
    0x08012e20   0x08012e20   0x00000188   Code   RO         5574    i.xQueueSemaphoreTake  queue.o
    0x08012fa8   0x08012fa8   0x0000007c   Code   RO         5978    i.xTaskCheckForTimeOut  tasks.o
    0x08013024   0x08013024   0x00000056   Code   RO         5979    i.xTaskCreate       tasks.o
    0x0801307a   0x0801307a   0x00000002   PAD
    0x0801307c   0x0801307c   0x000000ec   Code   RO         5980    i.xTaskGenericNotify  tasks.o
    0x08013168   0x08013168   0x0000001c   Code   RO         5983    i.xTaskGetSchedulerState  tasks.o
    0x08013184   0x08013184   0x0000000c   Code   RO         5984    i.xTaskGetTickCount  tasks.o
    0x08013190   0x08013190   0x000000cc   Code   RO         5986    i.xTaskIncrementTick  tasks.o
    0x0801325c   0x0801325c   0x0000008c   Code   RO         5988    i.xTaskNotifyWait   tasks.o
    0x080132e8   0x080132e8   0x000000a0   Code   RO         5989    i.xTaskPriorityDisinherit  tasks.o
    0x08013388   0x08013388   0x00000094   Code   RO         5990    i.xTaskPriorityInherit  tasks.o
    0x0801341c   0x0801341c   0x00000078   Code   RO         5991    i.xTaskRemoveFromEventList  tasks.o
    0x08013494   0x08013494   0x000000c8   Code   RO         5992    i.xTaskResumeAll    tasks.o
    0x0801355c   0x0801355c   0x00000050   Code   RO         6293    i.xTimerCreateTimerTask  timers.o
    0x080135ac   0x080135ac   0x00000068   Code   RO         6294    i.xTimerGenericCommand  timers.o
    0x08013614   0x08013614   0x0000001c   Data   RO          506    .constdata          tcp_client.o
    0x08013630   0x08013630   0x00000011   Data   RO         1344    .constdata          bsp_spi_ad7606.o
    0x08013641   0x08013641   0x00000001   PAD
    0x08013642   0x08013642   0x00000018   Data   RO         2567    .constdata          stm32h7xx_hal_uart.o
    0x0801365a   0x0801365a   0x00000010   Data   RO         5180    .constdata          system_stm32h7xx.o
    0x0801366a   0x0801366a   0x00000003   Data   RO         6885    .constdata          api_msg.o
    0x0801366d   0x0801366d   0x00000003   PAD
    0x08013670   0x08013670   0x00000010   Data   RO         7633    .constdata          memp.o
    0x08013680   0x08013680   0x00000010   Data   RO         7634    .constdata          memp.o
    0x08013690   0x08013690   0x00000010   Data   RO         7635    .constdata          memp.o
    0x080136a0   0x080136a0   0x00000010   Data   RO         7636    .constdata          memp.o
    0x080136b0   0x080136b0   0x00000010   Data   RO         7637    .constdata          memp.o
    0x080136c0   0x080136c0   0x00000010   Data   RO         7638    .constdata          memp.o
    0x080136d0   0x080136d0   0x00000010   Data   RO         7639    .constdata          memp.o
    0x080136e0   0x080136e0   0x00000010   Data   RO         7640    .constdata          memp.o
    0x080136f0   0x080136f0   0x00000010   Data   RO         7641    .constdata          memp.o
    0x08013700   0x08013700   0x00000010   Data   RO         7642    .constdata          memp.o
    0x08013710   0x08013710   0x00000010   Data   RO         7643    .constdata          memp.o
    0x08013720   0x08013720   0x0000002c   Data   RO         7644    .constdata          memp.o
    0x0801374c   0x0801374c   0x00000054   Data   RO         8216    .constdata          tcp.o
    0x080137a0   0x080137a0   0x00000010   Data   RO         8700    .constdata          timeouts.o
    0x080137b0   0x080137b0   0x00000004   Data   RO         9074    .constdata          ip4_addr.o
    0x080137b4   0x080137b4   0x00000006   Data   RO         9135    .constdata          ethernet.o
    0x080137ba   0x080137ba   0x00000006   Data   RO         9136    .constdata          ethernet.o
    0x080137c0   0x080137c0   0x00000022   Data   RO         9359    .constdata          netif_port.o
    0x080137e2   0x080137e2   0x0000008c   Data   RO         9579    .constdata          elog.o
    0x0801386e   0x0801386e   0x00000023   Data   RO         9738    .constdata          elog_utils.o
    0x08013891   0x08013891   0x00000081   Data   RO         9819    .constdata          mc_w.l(ctype_o.o)
    0x08013912   0x08013912   0x00000002   PAD
    0x08013914   0x08013914   0x00000004   Data   RO         9820    .constdata          mc_w.l(ctype_o.o)
    0x08013918   0x08013918   0x00000008   Data   RO         7645    .conststring        memp.o
    0x08013920   0x08013920   0x00000008   Data   RO         7646    .conststring        memp.o
    0x08013928   0x08013928   0x0000000f   Data   RO         7647    .conststring        memp.o
    0x08013937   0x08013937   0x00000001   PAD
    0x08013938   0x08013938   0x00000008   Data   RO         7648    .conststring        memp.o
    0x08013940   0x08013940   0x00000007   Data   RO         7649    .conststring        memp.o
    0x08013947   0x08013947   0x00000001   PAD
    0x08013948   0x08013948   0x00000008   Data   RO         7650    .conststring        memp.o
    0x08013950   0x08013950   0x0000000e   Data   RO         7651    .conststring        memp.o
    0x0801395e   0x0801395e   0x00000002   PAD
    0x08013960   0x08013960   0x00000010   Data   RO         7652    .conststring        memp.o
    0x08013970   0x08013970   0x0000000c   Data   RO         7653    .conststring        memp.o
    0x0801397c   0x0801397c   0x0000000d   Data   RO         7654    .conststring        memp.o
    0x08013989   0x08013989   0x00000003   PAD
    0x0801398c   0x0801398c   0x0000000a   Data   RO         7655    .conststring        memp.o
    0x08013996   0x08013996   0x00000002   PAD
    0x08013998   0x08013998   0x0000006d   Data   RO         8217    .conststring        tcp.o
    0x08013a05   0x08013a05   0x00000003   PAD
    0x08013a08   0x08013a08   0x00000055   Data   RO         8566    .conststring        tcp_out.o
    0x08013a5d   0x08013a5d   0x00000003   PAD
    0x08013a60   0x08013a60   0x00000041   Data   RO         8910    .conststring        etharp.o
    0x08013aa1   0x08013aa1   0x00000003   PAD
    0x08013aa4   0x08013aa4   0x00000017   Data   RO         9360    .conststring        netif_port.o
    0x08013abb   0x08013abb   0x00000001   PAD
    0x08013abc   0x08013abc   0x00000048   Data   RO         9580    .conststring        elog.o
    0x08013b04   0x08013b04   0x00000050   Data   RO        10186    Region$$Table       anon$$obj.o


    Execution Region RW_IRAM2 (Exec base: 0x24000000, Load base: 0x08013b54, Size: 0x00014dc8, Max: 0x00080000, ABSOLUTE, COMPRESSED[0x00000054])

    Exec Addr    Load Addr    Size         Type   Attr      Idx    E Section Name        Object

    0x24000000   COMPRESSED   0x00000008   Data   RW            8    .data               main.o
    0x24000008   COMPRESSED   0x00000008   Data   RW          507    .data               tcp_client.o
    0x24000010   COMPRESSED   0x0000001c   Data   RW          881    .data               bsp_timer.o
    0x2400002c   COMPRESSED   0x0000000c   Data   RW         1626    .data               stm32h7xx_hal.o
    0x24000038   COMPRESSED   0x00000004   Data   RW         5181    .data               system_stm32h7xx.o
    0x2400003c   COMPRESSED   0x00000004   Data   RW         5182    .data               system_stm32h7xx.o
    0x24000040   COMPRESSED   0x00000004   Data   RW         5221    .data               segger_hardfaulthandler.o
    0x24000044   COMPRESSED   0x0000003c   Data   RW         5995    .data               tasks.o
    0x24000080   COMPRESSED   0x00000014   Data   RW         6302    .data               timers.o
    0x24000094   COMPRESSED   0x0000000c   Data   RW         6438    .data               port.o
    0x240000a0   COMPRESSED   0x00000018   Data   RW         6513    .data               heap_4.o
    0x240000b8   COMPRESSED   0x00000010   Data   RW         7208    .data               tcpip.o
    0x240000c8   COMPRESSED   0x00000014   Data   RW         7551    .data               mem.o
    0x240000dc   COMPRESSED   0x00000004   Data   RW         7656    .data               memp.o
    0x240000e0   COMPRESSED   0x00000004   Data   RW         7657    .data               memp.o
    0x240000e4   COMPRESSED   0x00000004   Data   RW         7658    .data               memp.o
    0x240000e8   COMPRESSED   0x00000004   Data   RW         7659    .data               memp.o
    0x240000ec   COMPRESSED   0x00000004   Data   RW         7660    .data               memp.o
    0x240000f0   COMPRESSED   0x00000004   Data   RW         7661    .data               memp.o
    0x240000f4   COMPRESSED   0x00000004   Data   RW         7662    .data               memp.o
    0x240000f8   COMPRESSED   0x00000004   Data   RW         7663    .data               memp.o
    0x240000fc   COMPRESSED   0x00000004   Data   RW         7664    .data               memp.o
    0x24000100   COMPRESSED   0x00000004   Data   RW         7665    .data               memp.o
    0x24000104   COMPRESSED   0x00000004   Data   RW         7666    .data               memp.o
    0x24000108   COMPRESSED   0x0000000c   Data   RW         7782    .data               netif.o
    0x24000114   COMPRESSED   0x00000001   Data   RW         7968    .data               pbuf.o
    0x24000115   COMPRESSED   0x00000003   PAD
    0x24000118   COMPRESSED   0x00000020   Data   RW         8218    .data               tcp.o
    0x24000138   COMPRESSED   0x00000024   Data   RW         8477    .data               tcp_in.o
    0x2400015c   COMPRESSED   0x0000000c   Data   RW         8702    .data               timeouts.o
    0x24000168   COMPRESSED   0x00000008   Data   RW         8786    .data               udp.o
    0x24000170   COMPRESSED   0x00000001   Data   RW         8911    .data               etharp.o
    0x24000171   COMPRESSED   0x00000001   PAD
    0x24000172   COMPRESSED   0x00000002   Data   RW         9030    .data               ip4.o
    0x24000174   COMPRESSED   0x00000018   Data   RW         9361    .data               netif_port.o
    0x2400018c   COMPRESSED   0x00000004   Data   RW         9362    .data               netif_port.o
    0x24000190   COMPRESSED   0x00000034   Data   RW         9581    .data               elog.o
    0x240001c4   COMPRESSED   0x00000008   Data   RW         9712    .data               elog_buf.o
    0x240001cc   COMPRESSED   0x00000004   Data   RW        10149    .data               mc_w.l(stdout.o)
    0x240001d0        -       0x00000034   Zero   RW            7    .bss                main.o
    0x24000204        -       0x00001058   Zero   RW         1064    .bss                bsp_uart_fifo.o
    0x2400125c        -       0x00000040   Zero   RW         1278    .bss                stm32h7xx_hal_timebase_tim.o
    0x2400129c   COMPRESSED   0x00000004   PAD
    0x240012a0        -       0x000011b0   Zero   RW         1343    .bss                bsp_spi_ad7606.o
    0x24002450        -       0x00000040   Zero   RW         5220    .bss                segger_hardfaulthandler.o
    0x24002490        -       0x000004b8   Zero   RW         5274    .bss                segger_rtt.o
    0x24002948        -       0x00000040   Zero   RW         5576    .bss                queue.o
    0x24002988        -       0x000000c8   Zero   RW         5994    .bss                tasks.o
    0x24002a50        -       0x00000028   Zero   RW         6301    .bss                timers.o
    0x24002a78        -       0x0000b800   Zero   RW         6512    .bss                heap_4.o
    0x2400e278        -       0x00000018   Zero   RW         7529    .bss                ip.o
    0x2400e290        -       0x000000e7   Zero   RW         7622    .bss                memp.o
    0x2400e377        -       0x000004b3   Zero   RW         7623    .bss                memp.o
    0x2400e82a        -       0x000000db   Zero   RW         7624    .bss                memp.o
    0x2400e905        -       0x00000403   Zero   RW         7625    .bss                memp.o
    0x2400ed08        -       0x0000007b   Zero   RW         7626    .bss                memp.o
    0x2400ed83        -       0x00000193   Zero   RW         7627    .bss                memp.o
    0x2400ef16        -       0x000001e3   Zero   RW         7628    .bss                memp.o
    0x2400f0f9        -       0x000001e3   Zero   RW         7629    .bss                memp.o
    0x2400f2dc        -       0x0000025b   Zero   RW         7630    .bss                memp.o
    0x2400f537        -       0x000003c3   Zero   RW         7631    .bss                memp.o
    0x2400f8fa        -       0x00003d93   Zero   RW         7632    .bss                memp.o
    0x2401368d   COMPRESSED   0x00000003   PAD
    0x24013690        -       0x00000014   Zero   RW         8476    .bss                tcp_in.o
    0x240136a4        -       0x000000f0   Zero   RW         8909    .bss                etharp.o
    0x24013794        -       0x00000010   Zero   RW         9073    .bss                ip4_addr.o
    0x240137a4        -       0x000000bc   Zero   RW         9357    .bss                netif_port.o
    0x24013860        -       0x00000103   Zero   RW         9358    .bss                netif_port.o
    0x24013963   COMPRESSED   0x00000001   PAD
    0x24013964        -       0x00000454   Zero   RW         9578    .bss                elog.o
    0x24013db8        -       0x00000010   Zero   RW         9767    .bss                elog_port.o
    0x24013dc8        -       0x00001000   Zero   RW         1567    STACK               startup_stm32h743xx.o


    Execution Region RW_DMARxDscrTab (Exec base: 0x30040000, Load base: 0x08013ba8, Size: 0x00000060, Max: 0x00000060, ABSOLUTE)

    Exec Addr    Load Addr    Size         Type   Attr      Idx    E Section Name        Object

    0x30040000   0x08013ba8   0x00000060   Data   RW         9355    .RxDecripSection    netif_port.o


    Execution Region RW_DMATxDscrTab (Exec base: 0x30040060, Load base: 0x08013c08, Size: 0x00000060, Max: 0x00000140, ABSOLUTE)

    Exec Addr    Load Addr    Size         Type   Attr      Idx    E Section Name        Object

    0x30040060   0x08013c08   0x00000060   Data   RW         9356    .TxDecripSection    netif_port.o


    Execution Region RW_Rx_Buffb (Exec base: 0x30040200, Load base: 0x08013c68, Size: 0x00001800, Max: 0x00001800, ABSOLUTE, COMPRESSED[0x00000034])

    Exec Addr    Load Addr    Size         Type   Attr      Idx    E Section Name        Object

    0x30040200   COMPRESSED   0x00001800   Data   RW         9354    .RxArraySection     netif_port.o


==============================================================================

Image component sizes


      Code (inc. data)   RO Data    RW Data    ZI Data      Debug   Object Name

      1952        750          0          0          0      31011   api_lib.o
      5670       2034          3          0          0      40113   api_msg.o
       470         28          0          0          0      40474   bsp.o
       108         20          0          0          0       2195   bsp_led.o
        46         10         17          0       4528       6480   bsp_spi_ad7606.o
       148          4          0         28          0       2565   bsp_timer.o
      1052        114          0          0       4184      13277   bsp_uart_fifo.o
         0          0          0          0          0        524   croutine.o
         8          0          0          0          0       1106   def.o
      1752        646        212         52       1108      14389   elog.o
         0          0          0          0          0       3019   elog_async.o
       120         10          0          8          0       2133   elog_buf.o
        78         30          0          0         16       3969   elog_port.o
       248        100         35          0          0       2849   elog_utils.o
         0          0          0          0          0       2356   err.o
      2600        798         65          1        240      13039   etharp.o
       356         96         12          0          0       2734   ethernet.o
        18          0          0          0          0        336   hardfaulthandler.o
       480         24          0         24      47104       4787   heap_4.o
       668        238          0          0          0       3925   icmp.o
       160          0          0          0          0       2783   inet_chksum.o
        34          0          0          0          0      15254   init.o
         0          0          0          0         24       3218   ip.o
       830        130          0          2          0       5528   ip4.o
       524         68          4          0         16      13129   ip4_addr.o
       400          0          0          0          0       3086   lan8742.o
       138          0          0          0          0       3430   list.o
       312         58          0          8         52    1272682   main.o
      2254        862          0         20          0      10323   mem.o
       786        386        339         44      21501      13286   memp.o
       234        124          0          0          0      10734   netbuf.o
      1438        604          0         12          0      16388   netif.o
      1576        402         57       6364        447      57222   netif_port.o
      2840       1180          0          1          0      16889   pbuf.o
       762         80          0         12          0      11725   port.o
      2414         24          0          0         64      31908   queue.o
       228         60          0          4         64       3595   segger_hardfaulthandler.o
       430         40          0          0       1208      10546   segger_rtt.o
        36          8        664          0       4096        952   startup_stm32h743xx.o
        94         20          0         12          0       4642   stm32h7xx_hal.o
       306         28          0          0          0      40620   stm32h7xx_hal_cortex.o
       332         18          0          0          0       3986   stm32h7xx_hal_dma.o
      4280        104          0          0          0      25107   stm32h7xx_hal_eth.o
       530         50          0          0          0       4180   stm32h7xx_hal_gpio.o
      2132        114          0          0          0       7481   stm32h7xx_hal_rcc.o
      3304        154          0          0          0       8623   stm32h7xx_hal_rcc_ex.o
       856         20          0          0          0       8906   stm32h7xx_hal_spi.o
       664         32          0          0          0       7700   stm32h7xx_hal_tim.o
         4          0          0          0          0       1914   stm32h7xx_hal_tim_ex.o
       144         24          0          0         64       2685   stm32h7xx_hal_timebase_tim.o
      1690        112         24          0          0      27696   stm32h7xx_hal_uart.o
        10          0          0          0          0       2509   stm32h7xx_it.o
       884        326          0          0          0      14913   sys_arch.o
       132         16         16          8          0       1562   system_stm32h7xx.o
      2788        210          0         60        200      30472   tasks.o
      6486       2500        193         32          0      41133   tcp.o
       780        366         28          8          0      50790   tcp_client.o
      6480       1530          0         36         20      22987   tcp_in.o
      7540       2858         85          0          0      35582   tcp_out.o
       896        386          0         16          0      14189   tcpip.o
       648        258         16         12          0       7519   timeouts.o
       964         86          0         20         40      20523   timers.o
      1458        550          0          8          0      10323   udp.o

    ----------------------------------------------------------------------
     74660      18690       1873       6796      84984    2090001   Object Totals
         0          0         80          0          0          0   (incl. Generated)
        88          0         23          4          8          0   (incl. Padding)

    ----------------------------------------------------------------------

      Code (inc. data)   RO Data    RW Data    ZI Data      Debug   Library Member Name

        86          0          0          0          0          0   __dczerorl2.o
         8          4        133          0          0         68   ctype_o.o
         0          0          0          0          0          0   entry.o
         0          0          0          0          0          0   entry10a.o
         0          0          0          0          0          0   entry11a.o
         8          4          0          0          0          0   entry2.o
         4          0          0          0          0          0   entry5.o
         0          0          0          0          0          0   entry7b.o
         0          0          0          0          0          0   entry8b.o
         8          4          0          0          0          0   entry9a.o
        30          0          0          0          0          0   handlers.o
        36          8          0          0          0         68   init.o
         0          0          0          0          0          0   iusefp.o
        30          0          0          0          0         68   llshl.o
        36          0          0          0          0         68   llsshr.o
        32          0          0          0          0         68   llushr.o
        26          0          0          0          0         80   memcmp.o
        64          0          0          0          0         76   memmovea.o
        36          0          0          0          0        108   memseta.o
      2372         98          0          0          0        684   printfa.o
         0          0          0          4          0          0   stdout.o
        18          0          0          0          0         68   strcpy.o
        14          0          0          0          0         68   strlen.o
        36          0          0          0          0         80   strstr.o
        44          0          0          0          0         80   uidiv.o
        98          0          0          0          0         92   uldiv.o
        48          0          0          0          0         68   cdrcmple.o
       334          0          0          0          0        148   dadd.o
       222          0          0          0          0        100   ddiv.o
       186          0          0          0          0        176   depilogue.o
        48          0          0          0          0         68   dfixul.o
       228          0          0          0          0         96   dmul.o

    ----------------------------------------------------------------------
      4056        118        135          4          0       2332   Library Totals
         4          0          2          0          0          0   (incl. Padding)

    ----------------------------------------------------------------------

      Code (inc. data)   RO Data    RW Data    ZI Data      Debug   Library Name

      2986        118        133          4          0       1676   mc_w.l
      1066          0          0          0          0        656   mf_w.l

    ----------------------------------------------------------------------
      4056        118        135          4          0       2332   Library Totals

    ----------------------------------------------------------------------

==============================================================================


      Code (inc. data)   RO Data    RW Data    ZI Data      Debug   

     78716      18808       2008       6800      84984    2043621   Grand Totals
     78716      18808       2008        328      84984    2043621   ELF Image Totals (compressed)
     78716      18808       2008        328          0          0   ROM Totals

==============================================================================

    Total RO  Size (Code + RO Data)                80724 (  78.83kB)
    Total RW  Size (RW Data + ZI Data)             91784 (  89.63kB)
    Total ROM Size (Code + RO Data + RW Data)      81052 (  79.15kB)

==============================================================================

