Component: ARM Compiler 5.06 update 6 (build 750) Tool: armlink [4d35ed]

==============================================================================

Section Cross References

    main.o(i.main) refers to bsp.o(i.bsp_Init) for bsp_Init
    main.o(i.main) refers to bsp_fmc_sdram.o(i.bsp_InitExtSDRAM) for bsp_InitExtSDRAM
    main.o(i.main) refers to bsp_spi_ad7606.o(i.bsp_InitAD7606) for bsp_InitAD7606
    main.o(i.main) refers to elog.o(i.elog_init) for elog_init
    main.o(i.main) refers to elog.o(i.elog_set_fmt) for elog_set_fmt
    main.o(i.main) refers to elog.o(i.elog_set_text_color_enabled) for elog_set_text_color_enabled
    main.o(i.main) refers to elog_buf.o(i.elog_buf_enabled) for elog_buf_enabled
    main.o(i.main) refers to elog.o(i.elog_start) for elog_start
    main.o(i.main) refers to queue.o(i.xQueueGenericCreate) for xQueueGenericCreate
    main.o(i.main) refers to queue.o(i.xQueueGenericSend) for xQueueGenericSend
    main.o(i.main) refers to tasks.o(i.xTaskCreate) for xTaskCreate
    main.o(i.main) refers to tasks.o(i.vTaskStartScheduler) for vTaskStartScheduler
    main.o(i.main) refers to main.o(.data) for .data
    main.o(i.main) refers to main.o(i.vTaskLED) for vTaskLED
    main.o(i.main) refers to main.o(i.vTaskLwip) for vTaskLwip
    main.o(i.main) refers to main.o(i.vTaskTlvloop) for vTaskTlvloop
    main.o(i.main) refers to main.o(i.vTaskTSendBuf) for vTaskTSendBuf
    main.o(i.main) refers to main.o(i.vTaskTDataProcess) for vTaskTDataProcess
    main.o(i.vTaskLED) refers to tasks.o(i.xTaskNotifyWait) for xTaskNotifyWait
    main.o(i.vTaskLED) refers to bsp_led.o(i.bsp_LedToggle) for bsp_LedToggle
    main.o(i.vTaskLwip) refers to tcpip.o(i.tcpip_init) for tcpip_init
    main.o(i.vTaskLwip) refers to netif.o(i.netif_add) for netif_add
    main.o(i.vTaskLwip) refers to netif.o(i.netif_set_default) for netif_set_default
    main.o(i.vTaskLwip) refers to netif.o(i.netif_set_link_callback) for netif_set_link_callback
    main.o(i.vTaskLwip) refers to tcp_client.o(i.tcp_client_conn_server_task) for tcp_client_conn_server_task
    main.o(i.vTaskLwip) refers to tasks.o(i.vTaskDelay) for vTaskDelay
    main.o(i.vTaskLwip) refers to tcpip.o(i.tcpip_input) for tcpip_input
    main.o(i.vTaskLwip) refers to netif_port.o(i.ethernetif_init) for ethernetif_init
    main.o(i.vTaskLwip) refers to main.o(.bss) for .bss
    main.o(i.vTaskLwip) refers to netif_port.o(i.eth_link_callback) for eth_link_callback
    main.o(i.vTaskTDataProcess) refers to date_process_task.o(i.AD7606_TASK) for AD7606_TASK
    main.o(i.vTaskTSendBuf) refers to send_buffer_task.o(i.send_buffer_task) for send_buffer_task
    main.o(i.vTaskTlvloop) refers to tcp_client.o(i.receive_server_data_task) for receive_server_data_task
    tcp_client.o(i.AnalyCmd) refers to tcp_client.o(i.command_id) for command_id
    tcp_client.o(i.AnalyCmd) refers to tcp_client.o(i.command_stop) for command_stop
    tcp_client.o(i.AnalyCmd) refers to tcp_client.o(i.command_start) for command_start
    tcp_client.o(i.AnalyCmd) refers to tcp_client.o(.bss) for .bss
    tcp_client.o(i.RxdByte) refers to tcp_client.o(i.leftRxdTel) for leftRxdTel
    tcp_client.o(i.RxdByte) refers to tcp_client.o(i.isVaildTel) for isVaildTel
    tcp_client.o(i.RxdByte) refers to tcp_client.o(i.isTelComplete) for isTelComplete
    tcp_client.o(i.RxdByte) refers to tcp_client.o(i.AnalyCmd) for AnalyCmd
    tcp_client.o(i.RxdByte) refers to tcp_client.o(.bss) for .bss
    tcp_client.o(i.RxdByte) refers to tcp_client.o(.data) for .data
    tcp_client.o(i.command_id) refers to send_buffer_task.o(i.WriteDataToTXDBUF) for WriteDataToTXDBUF
    tcp_client.o(i.command_id) refers to tcp_client.o(.bss) for .bss
    tcp_client.o(i.command_id) refers to main.o(.data) for config
    tcp_client.o(i.command_id) refers to tcp_client.o(.data) for .data
    tcp_client.o(i.command_start) refers to send_buffer_task.o(i.WriteDataToTXDBUF) for WriteDataToTXDBUF
    tcp_client.o(i.command_start) refers to bsp_spi_ad7606.o(i.AD7606_StartRecord) for AD7606_StartRecord
    tcp_client.o(i.command_start) refers to tcp_client.o(.data) for .data
    tcp_client.o(i.command_start) refers to tcp_client.o(.bss) for .bss
    tcp_client.o(i.command_start) refers to main.o(.data) for config
    tcp_client.o(i.command_stop) refers to bsp_spi_ad7606.o(i.AD7606_StopRecord) for AD7606_StopRecord
    tcp_client.o(i.command_stop) refers to tcp_client.o(.data) for .data
    tcp_client.o(i.command_stop) refers to tcp_client.o(.bss) for .bss
    tcp_client.o(i.getTelLength) refers to tcp_client.o(.bss) for .bss
    tcp_client.o(i.isTelComplete) refers to tcp_client.o(i.getTelLength) for getTelLength
    tcp_client.o(i.isTelComplete) refers to tcp_client.o(i.sumofRxdBuf) for sumofRxdBuf
    tcp_client.o(i.isTelComplete) refers to tcp_client.o(.data) for .data
    tcp_client.o(i.isTelComplete) refers to tcp_client.o(.bss) for .bss
[...]
    ip_data                                  0x24018e1c   Data          24  ip.o(.bss)
    memp_memory_UDP_PCB_base                 0x24018e34   Data         231  memp.o(.bss)
    memp_memory_TCP_PCB_base                 0x24018f1b   Data        1203  memp.o(.bss)
    memp_memory_TCP_PCB_LISTEN_base          0x240193ce   Data         219  memp.o(.bss)
    memp_memory_TCP_SEG_base                 0x240194a9   Data        1027  memp.o(.bss)
    memp_memory_NETBUF_base                  0x240198ac   Data         123  memp.o(.bss)
    memp_memory_NETCONN_base                 0x24019927   Data         403  memp.o(.bss)
    memp_memory_TCPIP_MSG_API_base           0x24019aba   Data         483  memp.o(.bss)
    memp_memory_TCPIP_MSG_INPKT_base         0x24019c9d   Data         483  memp.o(.bss)
    memp_memory_SYS_TIMEOUT_base             0x24019e80   Data         603  memp.o(.bss)
    memp_memory_PBUF_base                    0x2401a0db   Data         963  memp.o(.bss)
    memp_memory_PBUF_POOL_base               0x2401a49e   Data       15763  memp.o(.bss)
    EthHandle                                0x2401e348   Data         104  netif_port.o(.bss)
    TxConfig                                 0x2401e3b0   Data          52  netif_port.o(.bss)
    LAN8742                                  0x2401e3e4   Data          32  netif_port.o(.bss)
    memp_memory_RX_POOL_base                 0x2401e404   Data         259  netif_port.o(.bss)
    __initial_sp                             0x2401fe28   Data           0  startup_stm32h743xx.o(STACK)
    DMARxDscrTab                             0x30040000   Data          96  netif_port.o(.RxDecripSection)
    DMATxDscrTab                             0x30040060   Data          96  netif_port.o(.TxDecripSection)
    Rx_Buff                                  0x30040200   Data        6144  netif_port.o(.RxArraySection)
    emu_data                                 0xc0000000   Data       1638400  send_buffer_task.o(.ARM.__AT_0xC0000000)
    TXD_BUFFER_NET                           0xc0200000   Data       10000000  send_buffer_task.o(.ARM.__AT_0xC0200000)



==============================================================================

Memory Map of the image

  Image Entry point : 0x08000299

  Load Region LR_IROM1 (Base: 0x08000000, Size: 0x00019690, Max: 0x00200000, ABSOLUTE, COMPRESSED[0x000162e0])

    Execution Region ER_IROM1 (Exec base: 0x08000000, Load base: 0x08000000, Size: 0x000160b0, Max: 0x00200000, ABSOLUTE)

    Exec Addr    Load Addr    Size         Type   Attr      Idx    E Section Name        Object

    0x08000000   0x08000000   0x00000298   Data   RO         1967    RESET               startup_stm32h743xx.o
    0x08000298   0x08000298   0x00000000   Code   RO        11074  * .ARM.Collect$$$$00000000  mc_w.l(entry.o)
    0x08000298   0x08000298   0x00000004   Code   RO        11402    .ARM.Collect$$$$00000001  mc_w.l(entry2.o)
    0x0800029c   0x0800029c   0x00000004   Code   RO        11405    .ARM.Collect$$$$00000004  mc_w.l(entry5.o)
    0x080002a0   0x080002a0   0x00000000   Code   RO        11407    .ARM.Collect$$$$00000008  mc_w.l(entry7b.o)
    0x080002a0   0x080002a0   0x00000000   Code   RO        11409    .ARM.Collect$$$$0000000A  mc_w.l(entry8b.o)
    0x080002a0   0x080002a0   0x00000008   Code   RO        11410    .ARM.Collect$$$$0000000B  mc_w.l(entry9a.o)
    0x080002a8   0x080002a8   0x00000000   Code   RO        11412    .ARM.Collect$$$$0000000D  mc_w.l(entry10a.o)
    0x080002a8   0x080002a8   0x00000000   Code   RO        11414    .ARM.Collect$$$$0000000F  mc_w.l(entry11a.o)
    0x080002a8   0x080002a8   0x00000004   Code   RO        11403    .ARM.Collect$$$$00002712  mc_w.l(entry2.o)
    0x080002ac   0x080002ac   0x000000c2   Code   RO         7524    .emb_text           port.o
    0x0800036e   0x0800036e   0x00000002   PAD
    0x08000370   0x08000370   0x00000024   Code   RO         1968    .text               startup_stm32h743xx.o
    0x08000394   0x08000394   0x00000062   Code   RO        11083    .text               mc_w.l(uldiv.o)
    0x080003f6   0x080003f6   0x00000002   PAD
    0x080003f8   0x080003f8   0x00000008   Code   RO        11085    .text               mc_w.l(ctype_o.o)
    0x08000400   0x08000400   0x00000040   Code   RO        11115    .text               mc_w.l(memmovea.o)
    0x08000440   0x08000440   0x00000024   Code   RO        11119    .text               mc_w.l(memseta.o)
    0x08000464   0x08000464   0x00000024   Code   RO        11121    .text               mc_w.l(strstr.o)
    0x08000488   0x08000488   0x0000000e   Code   RO        11125    .text               mc_w.l(strlen.o)
    0x08000496   0x08000496   0x0000001a   Code   RO        11129    .text               mc_w.l(memcmp.o)
    0x080004b0   0x080004b0   0x00000012   Code   RO        11131    .text               mc_w.l(strcpy.o)
    0x080004c2   0x080004c2   0x0000002c   Code   RO        11416    .text               mc_w.l(uidiv.o)
    0x080004ee   0x080004ee   0x0000001e   Code   RO        11418    .text               mc_w.l(llshl.o)
    0x0800050c   0x0800050c   0x00000020   Code   RO        11420    .text               mc_w.l(llushr.o)
    0x0800052c   0x0800052c   0x00000000   Code   RO        11431    .text               mc_w.l(iusefp.o)
    0x0800052c   0x0800052c   0x0000014e   Code   RO        11432    .text               mf_w.l(dadd.o)
    0x0800067a   0x0800067a   0x000000e4   Code   RO        11434    .text               mf_w.l(dmul.o)
    0x0800075e   0x0800075e   0x000000de   Code   RO        11436    .text               mf_w.l(ddiv.o)
    0x0800083c   0x0800083c   0x00000030   Code   RO        11438    .text               mf_w.l(dfixul.o)
    0x0800086c   0x0800086c   0x00000030   Code   RO        11440    .text               mf_w.l(cdrcmple.o)
    0x0800089c   0x0800089c   0x00000024   Code   RO        11442    .text               mc_w.l(init.o)
    0x080008c0   0x080008c0   0x00000024   Code   RO        11444    .text               mc_w.l(llsshr.o)
    0x080008e4   0x080008e4   0x000000ba   Code   RO        11448    .text               mf_w.l(depilogue.o)
    0x0800099e   0x0800099e   0x00000056   Code   RO        11460    .text               mc_w.l(__dczerorl2.o)
    0x080009f4   0x080009f4   0x00000012   Code   RO         6315    OSKERNEL            hardfaulthandler.o
    0x08000a06   0x08000a06   0x00000002   PAD
    0x08000a08   0x08000a08   0x0000007c   Code   RO         1535    i.AD7606_CtrlLinesConfig  bsp_spi_ad7606.o
    0x08000a84   0x08000a84   0x0000007c   Code   RO         1536    i.AD7606_EnterAutoMode  bsp_spi_ad7606.o
    0x08000b00   0x08000b00   0x00000020   Code   RO         1538    i.AD7606_ReadNowAdc  bsp_spi_ad7606.o
    0x08000b20   0x08000b20   0x00000048   Code   RO         1539    i.AD7606_Reset      bsp_spi_ad7606.o
    0x08000b68   0x08000b68   0x00000040   Code   RO         1540    i.AD7606_SPIConfig  bsp_spi_ad7606.o
    0x08000ba8   0x08000ba8   0x00000010   Code   RO         1541    i.AD7606_SetInputRange  bsp_spi_ad7606.o
    0x08000bb8   0x08000bb8   0x00000090   Code   RO         1542    i.AD7606_SetOS      bsp_spi_ad7606.o
    0x08000c48   0x08000c48   0x00000014   Code   RO         1543    i.AD7606_StartConvst  bsp_spi_ad7606.o
    0x08000c5c   0x08000c5c   0x0000002c   Code   RO         1544    i.AD7606_StartRecord  bsp_spi_ad7606.o
    0x08000c88   0x08000c88   0x00000060   Code   RO         1545    i.AD7606_StopRecord  bsp_spi_ad7606.o
    0x08000ce8   0x08000ce8   0x00000204   Code   RO          730    i.AD7606_TASK       date_process_task.o
    0x08000eec   0x08000eec   0x00000028   Code   RO          529    i.AnalyCmd          tcp_client.o
    0x08000f14   0x08000f14   0x00000002   Code   RO         1433    i.BusFault_Handler  stm32h7xx_it.o
    0x08000f16   0x08000f16   0x00000002   PAD
    0x08000f18   0x08000f18   0x0000007c   Code   RO          870    i.CPU_CACHE_Enable  bsp.o
    0x08000f94   0x08000f94   0x0000000c   Code   RO         1546    i.DMA2_Stream2_IRQHandler  bsp_spi_ad7606.o
    0x08000fa0   0x08000fa0   0x0000000c   Code   RO         1547    i.DMA2_Stream3_IRQHandler  bsp_spi_ad7606.o
    0x08000fac   0x08000fac   0x00000028   Code   RO         3575    i.DMA_CalcBaseAndBitshift  stm32h7xx_hal_dma.o
    0x08000fd4   0x08000fd4   0x0000005c   Code   RO         3576    i.DMA_CalcDMAMUXChannelBaseAndMask  stm32h7xx_hal_dma.o
    0x08001030   0x08001030   0x00000044   Code   RO         3577    i.DMA_CalcDMAMUXRequestGenBaseAndMask  stm32h7xx_hal_dma.o
    0x08001074   0x08001074   0x00000054   Code   RO         3578    i.DMA_CheckFifoParam  stm32h7xx_hal_dma.o
    0x080010c8   0x080010c8   0x00000078   Code   RO         3579    i.DMA_SetConfig     stm32h7xx_hal_dma.o
    0x08001140   0x08001140   0x00000002   Code   RO         1434    i.DebugMon_Handler  stm32h7xx_it.o
    0x08001142   0x08001142   0x00000002   PAD
    0x08001144   0x08001144   0x0000000c   Code   RO        10434    i.ETH_IRQHandler    netif_port.o
    0x08001150   0x08001150   0x000000d8   Code   RO         4663    i.ETH_MACDMAConfig  stm32h7xx_hal_eth.o
    0x08001228   0x08001228   0x00000004   Code   RO        10435    i.ETH_PHY_IO_DeInit  netif_port.o
    0x0800122c   0x0800122c   0x00000004   Code   RO        10436    i.ETH_PHY_IO_GetTick  netif_port.o
    0x08001230   0x08001230   0x00000010   Code   RO        10437    i.ETH_PHY_IO_Init   netif_port.o
    0x08001240   0x08001240   0x0000001c   Code   RO        10438    i.ETH_PHY_IO_ReadReg  netif_port.o
    0x0800125c   0x0800125c   0x0000001c   Code   RO        10439    i.ETH_PHY_IO_WriteReg  netif_port.o
    0x08001278   0x08001278   0x000002c8   Code   RO         4664    i.ETH_Prepare_Tx_Descriptors  stm32h7xx_hal_eth.o
    0x08001540   0x08001540   0x000000a0   Code   RO         4665    i.ETH_SetDMAConfig  stm32h7xx_hal_eth.o
    0x080015e0   0x080015e0   0x000001a4   Code   RO         4666    i.ETH_SetMACConfig  stm32h7xx_hal_eth.o
    0x08001784   0x08001784   0x00000008   Code   RO         1548    i.EXTI15_10_IRQHandler  bsp_spi_ad7606.o
    0x0800178c   0x0800178c   0x00000008   Code   RO          871    i.Error_Handler     bsp.o
    0x08001794   0x08001794   0x00000050   Code   RO         2773    i.FMC_SDRAM_Init    stm32h7xx_ll_fmc.o
    0x080017e4   0x080017e4   0x0000000c   Code   RO         2774    i.FMC_SDRAM_ProgramRefreshRate  stm32h7xx_ll_fmc.o
    0x080017f0   0x080017f0   0x00000022   Code   RO         2775    i.FMC_SDRAM_SendCommand  stm32h7xx_ll_fmc.o
    0x08001812   0x08001812   0x00000002   PAD
    0x08001814   0x08001814   0x00000080   Code   RO         2777    i.FMC_SDRAM_Timing_Init  stm32h7xx_ll_fmc.o
    0x08001894   0x08001894   0x00000094   Code   RO         3581    i.HAL_DMA_Abort_IT  stm32h7xx_hal_dma.o
    0x08001928   0x08001928   0x00000004   Code   RO         3583    i.HAL_DMA_GetError  stm32h7xx_hal_dma.o
    0x0800192c   0x0800192c   0x000002c0   Code   RO         3585    i.HAL_DMA_IRQHandler  stm32h7xx_hal_dma.o
    0x08001bec   0x08001bec   0x00000194   Code   RO         3586    i.HAL_DMA_Init      stm32h7xx_hal_dma.o
    0x08001d80   0x08001d80   0x000000d0   Code   RO         3590    i.HAL_DMA_Start_IT  stm32h7xx_hal_dma.o
    0x08001e50   0x08001e50   0x00000024   Code   RO         1982    i.HAL_Delay         stm32h7xx_hal.o
    0x08001e74   0x08001e74   0x00000076   Code   RO         4667    i.HAL_ETH_BuildRxDescriptors  stm32h7xx_hal_eth.o
    0x08001eea   0x08001eea   0x00000002   Code   RO         4668    i.HAL_ETH_DMAErrorCallback  stm32h7xx_hal_eth.o
    0x08001eec   0x08001eec   0x0000003c   Code   RO         4670    i.HAL_ETH_DescAssignMemory  stm32h7xx_hal_eth.o
    0x08001f28   0x08001f28   0x00000002   Code   RO         4671    i.HAL_ETH_EEECallback  stm32h7xx_hal_eth.o
    0x08001f2a   0x08001f2a   0x000001cc   Code   RO         4677    i.HAL_ETH_GetMACConfig  stm32h7xx_hal_eth.o
    0x080020f6   0x080020f6   0x000000a4   Code   RO         4681    i.HAL_ETH_GetRxDataBuffer  stm32h7xx_hal_eth.o
    0x0800219a   0x0800219a   0x00000034   Code   RO         4683    i.HAL_ETH_GetRxDataLength  stm32h7xx_hal_eth.o
    0x080021ce   0x080021ce   0x0000014a   Code   RO         4685    i.HAL_ETH_IRQHandler  stm32h7xx_hal_eth.o
    0x08002318   0x08002318   0x00000208   Code   RO         4686    i.HAL_ETH_Init      stm32h7xx_hal_eth.o
    0x08002520   0x08002520   0x000000c8   Code   RO         4687    i.HAL_ETH_IsRxDataAvailable  stm32h7xx_hal_eth.o
    0x080025e8   0x080025e8   0x00000002   Code   RO         4688    i.HAL_ETH_MACErrorCallback  stm32h7xx_hal_eth.o
    0x080025ea   0x080025ea   0x00000002   PAD
    0x080025ec   0x080025ec   0x000000c4   Code   RO        10440    i.HAL_ETH_MspInit   netif_port.o
    0x080026b0   0x080026b0   0x00000002   Code   RO         4691    i.HAL_ETH_PMTCallback  stm32h7xx_hal_eth.o
    0x080026b2   0x080026b2   0x00000062   Code   RO         4692    i.HAL_ETH_ReadPHYRegister  stm32h7xx_hal_eth.o
    0x08002714   0x08002714   0x0000002c   Code   RO        10441    i.HAL_ETH_RxCpltCallback  netif_port.o
    0x08002740   0x08002740   0x00000018   Code   RO         4696    i.HAL_ETH_SetMACConfig  stm32h7xx_hal_eth.o
    0x08002758   0x08002758   0x00000078   Code   RO         4698    i.HAL_ETH_SetMDIOClockRange  stm32h7xx_hal_eth.o
    0x080027d0   0x080027d0   0x000000b6   Code   RO         4703    i.HAL_ETH_Start_IT  stm32h7xx_hal_eth.o
    0x08002886   0x08002886   0x00000094   Code   RO         4705    i.HAL_ETH_Stop_IT   stm32h7xx_hal_eth.o
    0x0800291a   0x0800291a   0x000000b8   Code   RO         4706    i.HAL_ETH_Transmit  stm32h7xx_hal_eth.o
    0x080029d2   0x080029d2   0x00000002   Code   RO         4708    i.HAL_ETH_TxCpltCallback  stm32h7xx_hal_eth.o
    0x080029d4   0x080029d4   0x00000002   Code   RO         4709    i.HAL_ETH_WakeUpCallback  stm32h7xx_hal_eth.o
    0x080029d6   0x080029d6   0x00000002   PAD
    0x080029d8   0x080029d8   0x00000064   Code   RO         4710    i.HAL_ETH_WritePHYRegister  stm32h7xx_hal_eth.o
    0x08002a3c   0x08002a3c   0x00000010   Code   RO         1991    i.HAL_EnableCompensationCell  stm32h7xx_hal.o
    0x08002a4c   0x08002a4c   0x0000000c   Code   RO         1549    i.HAL_GPIO_EXTI_Callback  bsp_spi_ad7606.o
    0x08002a58   0x08002a58   0x00000018   Code   RO         2528    i.HAL_GPIO_EXTI_IRQHandler  stm32h7xx_hal_gpio.o
    0x08002a70   0x08002a70   0x000001e8   Code   RO         2529    i.HAL_GPIO_Init     stm32h7xx_hal_gpio.o
    0x08002c58   0x08002c58   0x00000008   Code   RO         2532    i.HAL_GPIO_TogglePin  stm32h7xx_hal_gpio.o
    0x08002c60   0x08002c60   0x0000000a   Code   RO         2533    i.HAL_GPIO_WritePin  stm32h7xx_hal_gpio.o
    0x08002c6a   0x08002c6a   0x00000002   PAD
    0x08002c6c   0x08002c6c   0x0000000c   Code   RO         1998    i.HAL_GetTick       stm32h7xx_hal.o
    0x08002c78   0x08002c78   0x00000010   Code   RO         2001    i.HAL_IncTick       stm32h7xx_hal.o
    0x08002c88   0x08002c88   0x0000001c   Code   RO         2002    i.HAL_Init          stm32h7xx_hal.o
    0x08002ca4   0x08002ca4   0x00000080   Code   RO         1484    i.HAL_InitTick      stm32h7xx_hal_timebase_tim.o
    0x08002d24   0x08002d24   0x00000174   Code   RO         3440    i.HAL_MDMA_IRQHandler  stm32h7xx_hal_mdma.o
    0x08002e98   0x08002e98   0x0000005e   Code   RO         3441    i.HAL_MDMA_Init     stm32h7xx_hal_mdma.o
    0x08002ef6   0x08002ef6   0x00000056   Code   RO         3448    i.HAL_MDMA_RegisterCallback  stm32h7xx_hal_mdma.o
    0x08002f4c   0x08002f4c   0x0000009a   Code   RO         3450    i.HAL_MDMA_Start_IT  stm32h7xx_hal_mdma.o
    0x08002fe6   0x08002fe6   0x00000002   PAD
    0x08002fe8   0x08002fe8   0x00000054   Code   RO         2290    i.HAL_MPU_ConfigRegion  stm32h7xx_hal_cortex.o
    0x0800303c   0x0800303c   0x0000001c   Code   RO         2291    i.HAL_MPU_Disable   stm32h7xx_hal_cortex.o
    0x08003058   0x08003058   0x00000024   Code   RO         2292    i.HAL_MPU_Enable    stm32h7xx_hal_cortex.o
    0x0800307c   0x0800307c   0x00000002   Code   RO         2005    i.HAL_MspInit       stm32h7xx_hal.o
    0x0800307e   0x0800307e   0x00000022   Code   RO         2294    i.HAL_NVIC_DisableIRQ  stm32h7xx_hal_cortex.o
    0x080030a0   0x080030a0   0x0000001a   Code   RO         2295    i.HAL_NVIC_EnableIRQ  stm32h7xx_hal_cortex.o
    0x080030ba   0x080030ba   0x00000002   PAD
    0x080030bc   0x080030bc   0x00000040   Code   RO         2301    i.HAL_NVIC_SetPriority  stm32h7xx_hal_cortex.o
    0x080030fc   0x080030fc   0x00000024   Code   RO         2302    i.HAL_NVIC_SetPriorityGrouping  stm32h7xx_hal_cortex.o
    0x08003120   0x08003120   0x00000010   Code   RO         6167    i.HAL_PWR_EnableBkUpAccess  stm32h7xx_hal_pwr.o
    0x08003130   0x08003130   0x00000034   Code   RO         2604    i.HAL_RCCEx_GetD1SysClockFreq  stm32h7xx_hal_rcc_ex.o
    0x08003164   0x08003164   0x000008b0   Code   RO         2612    i.HAL_RCCEx_PeriphCLKConfig  stm32h7xx_hal_rcc_ex.o
    0x08003a14   0x08003a14   0x000001d8   Code   RO         2431    i.HAL_RCC_ClockConfig  stm32h7xx_hal_rcc.o
    0x08003bec   0x08003bec   0x00000060   Code   RO         2434    i.HAL_RCC_GetClockConfig  stm32h7xx_hal_rcc.o
    0x08003c4c   0x08003c4c   0x00000034   Code   RO         2435    i.HAL_RCC_GetHCLKFreq  stm32h7xx_hal_rcc.o
    0x08003c80   0x08003c80   0x0000002c   Code   RO         2437    i.HAL_RCC_GetPCLK1Freq  stm32h7xx_hal_rcc.o
    0x08003cac   0x08003cac   0x000000f8   Code   RO         2439    i.HAL_RCC_GetSysClockFreq  stm32h7xx_hal_rcc.o
    0x08003da4   0x08003da4   0x0000049c   Code   RO         2442    i.HAL_RCC_OscConfig  stm32h7xx_hal_rcc.o
    0x08004240   0x08004240   0x0000000a   Code   RO         5921    i.HAL_RTCEx_BKUPRead  stm32h7xx_hal_rtc_ex.o
    0x0800424a   0x0800424a   0x0000000a   Code   RO         5922    i.HAL_RTCEx_BKUPWrite  stm32h7xx_hal_rtc_ex.o
    0x08004254   0x08004254   0x00000044   Code   RO         5788    i.HAL_RTC_GetDate   stm32h7xx_hal_rtc.o
    0x08004298   0x08004298   0x00000058   Code   RO         5790    i.HAL_RTC_GetTime   stm32h7xx_hal_rtc.o
    0x080042f0   0x080042f0   0x000000a8   Code   RO         5791    i.HAL_RTC_Init      stm32h7xx_hal_rtc.o
    0x08004398   0x08004398   0x00000002   Code   RO         5793    i.HAL_RTC_MspInit   stm32h7xx_hal_rtc.o
    0x0800439a   0x0800439a   0x00000002   PAD
    0x0800439c   0x0800439c   0x000000d8   Code   RO         5797    i.HAL_RTC_SetDate   stm32h7xx_hal_rtc.o
    0x08004474   0x08004474   0x000000f8   Code   RO         5798    i.HAL_RTC_SetTime   stm32h7xx_hal_rtc.o
    0x0800456c   0x0800456c   0x00000034   Code   RO         5799    i.HAL_RTC_WaitForSynchro  stm32h7xx_hal_rtc.o
    0x080045a0   0x080045a0   0x00000050   Code   RO         5426    i.HAL_SDRAM_Init    stm32h7xx_hal_sdram.o
    0x080045f0   0x080045f0   0x00000002   Code   RO         5428    i.HAL_SDRAM_MspInit  stm32h7xx_hal_sdram.o
    0x080045f2   0x080045f2   0x00000022   Code   RO         5429    i.HAL_SDRAM_ProgramRefreshRate  stm32h7xx_hal_sdram.o
    0x08004614   0x08004614   0x0000002e   Code   RO         5435    i.HAL_SDRAM_SendCommand  stm32h7xx_hal_sdram.o
    0x08004642   0x08004642   0x00000002   PAD
    0x08004644   0x08004644   0x0000000c   Code   RO         1550    i.HAL_SPI_ErrorCallback  bsp_spi_ad7606.o
    0x08004650   0x08004650   0x000001fc   Code   RO         5113    i.HAL_SPI_IRQHandler  stm32h7xx_hal_spi.o
    0x0800484c   0x0800484c   0x000001e0   Code   RO         5114    i.HAL_SPI_Init      stm32h7xx_hal_spi.o
    0x08004a2c   0x08004a2c   0x0000014c   Code   RO         1551    i.HAL_SPI_MspInit   bsp_spi_ad7606.o
    0x08004b78   0x08004b78   0x00000002   Code   RO         5120    i.HAL_SPI_RxCpltCallback  stm32h7xx_hal_spi.o
    0x08004b7a   0x08004b7a   0x00000002   Code   RO         5121    i.HAL_SPI_RxHalfCpltCallback  stm32h7xx_hal_spi.o
    0x08004b7c   0x08004b7c   0x000001e0   Code   RO         5124    i.HAL_SPI_TransmitReceive_DMA  stm32h7xx_hal_spi.o
    0x08004d5c   0x08004d5c   0x00000002   Code   RO         5128    i.HAL_SPI_TxCpltCallback  stm32h7xx_hal_spi.o
    0x08004d5e   0x08004d5e   0x00000002   PAD
    0x08004d60   0x08004d60   0x000000ec   Code   RO         1552    i.HAL_SPI_TxRxCpltCallback  bsp_spi_ad7606.o
    0x08004e4c   0x08004e4c   0x00000002   Code   RO         5131    i.HAL_SPI_TxRxHalfCpltCallback  stm32h7xx_hal_spi.o
    0x08004e4e   0x08004e4e   0x00000002   PAD
    0x08004e50   0x08004e50   0x00000014   Code   RO         2014    i.HAL_SYSCFG_ETHInterfaceSelect  stm32h7xx_hal.o
    0x08004e64   0x08004e64   0x00000002   Code   RO         4406    i.HAL_TIMEx_BreakCallback  stm32h7xx_hal_tim_ex.o
    0x08004e66   0x08004e66   0x00000002   Code   RO         4407    i.HAL_TIMEx_CommutationCallback  stm32h7xx_hal_tim_ex.o
    0x08004e68   0x08004e68   0x00000036   Code   RO         3764    i.HAL_TIM_Base_Init  stm32h7xx_hal_tim.o
    0x08004e9e   0x08004e9e   0x00000002   Code   RO         3766    i.HAL_TIM_Base_MspInit  stm32h7xx_hal_tim.o
    0x08004ea0   0x08004ea0   0x00000018   Code   RO         3769    i.HAL_TIM_Base_Start_IT  stm32h7xx_hal_tim.o
    0x08004eb8   0x08004eb8   0x00000002   Code   RO         3793    i.HAL_TIM_IC_CaptureCallback  stm32h7xx_hal_tim.o
    0x08004eba   0x08004eba   0x00000180   Code   RO         3806    i.HAL_TIM_IRQHandler  stm32h7xx_hal_tim.o
    0x0800503a   0x0800503a   0x00000002   Code   RO         3809    i.HAL_TIM_OC_DelayElapsedCallback  stm32h7xx_hal_tim.o
    0x0800503c   0x0800503c   0x00000128   Code   RO         3830    i.HAL_TIM_PWM_ConfigChannel  stm32h7xx_hal_tim.o
    0x08005164   0x08005164   0x00000038   Code   RO         3831    i.HAL_TIM_PWM_DeInit  stm32h7xx_hal_tim.o
    0x0800519c   0x0800519c   0x00000036   Code   RO         3833    i.HAL_TIM_PWM_Init  stm32h7xx_hal_tim.o
    0x080051d2   0x080051d2   0x00000002   Code   RO         3834    i.HAL_TIM_PWM_MspDeInit  stm32h7xx_hal_tim.o
    0x080051d4   0x080051d4   0x00000002   Code   RO         3835    i.HAL_TIM_PWM_MspInit  stm32h7xx_hal_tim.o
    0x080051d6   0x080051d6   0x00000002   Code   RO         3836    i.HAL_TIM_PWM_PulseFinishedCallback  stm32h7xx_hal_tim.o
    0x080051d8   0x080051d8   0x00000058   Code   RO         3837    i.HAL_TIM_PWM_Start  stm32h7xx_hal_tim.o
    0x08005230   0x08005230   0x00000004   Code   RO         1487    i.HAL_TIM_PeriodElapsedCallback  stm32h7xx_hal_timebase_tim.o
    0x08005234   0x08005234   0x00000002   Code   RO         3847    i.HAL_TIM_TriggerCallback  stm32h7xx_hal_tim.o
    0x08005236   0x08005236   0x00000002   PAD
    0x08005238   0x08005238   0x000000e4   Code   RO         6321    i.HardFaultHandler  segger_hardfaulthandler.o
    0x0800531c   0x0800531c   0x00000094   Code   RO        10568    i.LAN8742_GetLinkState  lan8742.o
    0x080053b0   0x080053b0   0x000000d0   Code   RO        10569    i.LAN8742_Init      lan8742.o
    0x08005480   0x08005480   0x0000002c   Code   RO        10570    i.LAN8742_RegisterBusIO  lan8742.o
    0x080054ac   0x080054ac   0x0000000c   Code   RO          787    i.MDMA_IRQHandler   send_buffer_task.o
    0x080054b8   0x080054b8   0x000000d4   Code   RO         3452    i.MDMA_Init         stm32h7xx_hal_mdma.o
    0x0800558c   0x0800558c   0x00000080   Code   RO         3453    i.MDMA_SetConfig    stm32h7xx_hal_mdma.o
    0x0800560c   0x0800560c   0x0000000c   Code   RO          788    i.MDMA_TransferCompleteCallback  send_buffer_task.o
    0x08005618   0x08005618   0x000000d8   Code   RO          789    i.MDMA_init         send_buffer_task.o
    0x080056f0   0x080056f0   0x00000084   Code   RO          872    i.MPU_Config        bsp.o
    0x08005774   0x08005774   0x00000002   Code   RO         1435    i.MemManage_Handler  stm32h7xx_it.o
    0x08005776   0x08005776   0x00000002   Code   RO         1436    i.NMI_Handler       stm32h7xx_it.o
    0x08005778   0x08005778   0x000000f0   Code   RO         2615    i.RCCEx_PLL2_Config  stm32h7xx_hal_rcc_ex.o
    0x08005868   0x08005868   0x000000f0   Code   RO         2616    i.RCCEx_PLL3_Config  stm32h7xx_hal_rcc_ex.o
    0x08005958   0x08005958   0x00000012   Code   RO         5800    i.RTC_Bcd2ToByte    stm32h7xx_hal_rtc.o
    0x0800596a   0x0800596a   0x00000016   Code   RO         5801    i.RTC_ByteToBcd2    stm32h7xx_hal_rtc.o
    0x08005980   0x08005980   0x00000082   Code   RO         1913    i.RTC_CalcWeek      bsp_cpu_rtc.o
    0x08005a02   0x08005a02   0x00000002   PAD
    0x08005a04   0x08005a04   0x000000ac   Code   RO         1914    i.RTC_Config        bsp_cpu_rtc.o
    0x08005ab0   0x08005ab0   0x00000038   Code   RO         5802    i.RTC_EnterInitMode  stm32h7xx_hal_rtc.o
    0x08005ae8   0x08005ae8   0x00000098   Code   RO         1915    i.RTC_ReadClock     bsp_cpu_rtc.o
    0x08005b80   0x08005b80   0x00000098   Code   RO         1916    i.RTC_WriteClock    bsp_cpu_rtc.o
    0x08005c18   0x08005c18   0x00000084   Code   RO          530    i.RxdByte           tcp_client.o
    0x08005c9c   0x08005c9c   0x00000100   Code   RO         1744    i.SDRAM_GPIOConfig  bsp_fmc_sdram.o
    0x08005d9c   0x08005d9c   0x0000007a   Code   RO         1745    i.SDRAM_Initialization_Sequence  bsp_fmc_sdram.o
    0x08005e16   0x08005e16   0x00000002   PAD
    0x08005e18   0x08005e18   0x00000038   Code   RO         6366    i.SEGGER_RTT_Write  segger_rtt.o
    0x08005e50   0x08005e50   0x0000005c   Code   RO         6367    i.SEGGER_RTT_WriteNoLock  segger_rtt.o
    0x08005eac   0x08005eac   0x0000000c   Code   RO         1553    i.SPI1_IRQHandler   bsp_spi_ad7606.o
    0x08005eb8   0x08005eb8   0x000000de   Code   RO         5139    i.SPI_CloseTransfer  stm32h7xx_hal_spi.o
    0x08005f96   0x08005f96   0x0000001a   Code   RO         5140    i.SPI_DMAAbortOnError  stm32h7xx_hal_spi.o
    0x08005fb0   0x08005fb0   0x0000002c   Code   RO         5141    i.SPI_DMAError      stm32h7xx_hal_spi.o
    0x08005fdc   0x08005fdc   0x0000000a   Code   RO         5142    i.SPI_DMAHalfReceiveCplt  stm32h7xx_hal_spi.o
    0x08005fe6   0x08005fe6   0x0000000a   Code   RO         5144    i.SPI_DMAHalfTransmitReceiveCplt  stm32h7xx_hal_spi.o
    0x08005ff0   0x08005ff0   0x00000028   Code   RO         5145    i.SPI_DMAReceiveCplt  stm32h7xx_hal_spi.o
    0x08006018   0x08006018   0x00000028   Code   RO         5148    i.SPI_DMATransmitReceiveCplt  stm32h7xx_hal_spi.o
    0x08006040   0x08006040   0x00000030   Code   RO         7525    i.SysTick_Handler   port.o
    0x08006070   0x08006070   0x000000e8   Code   RO          873    i.SystemClock_Config  bsp.o
    0x08006158   0x08006158   0x00000084   Code   RO         6281    i.SystemInit        system_stm32h7xx.o
    0x080061dc   0x080061dc   0x00000094   Code   RO         1078    i.TIM2_IRQHandler   bsp_timer.o
    0x08006270   0x08006270   0x0000000c   Code   RO         1488    i.TIM7_IRQHandler   stm32h7xx_hal_timebase_tim.o
    0x0800627c   0x0800627c   0x000000c0   Code   RO         3848    i.TIM_Base_SetConfig  stm32h7xx_hal_tim.o
    0x0800633c   0x0800633c   0x00000016   Code   RO         3849    i.TIM_CCxChannelCmd  stm32h7xx_hal_tim.o
    0x08006352   0x08006352   0x00000002   PAD
    0x08006354   0x08006354   0x0000009c   Code   RO         3857    i.TIM_OC1_SetConfig  stm32h7xx_hal_tim.o
    0x080063f0   0x080063f0   0x00000090   Code   RO         3858    i.TIM_OC2_SetConfig  stm32h7xx_hal_tim.o
    0x08006480   0x08006480   0x00000088   Code   RO         3859    i.TIM_OC3_SetConfig  stm32h7xx_hal_tim.o
    0x08006508   0x08006508   0x0000006c   Code   RO         3860    i.TIM_OC4_SetConfig  stm32h7xx_hal_tim.o
    0x08006574   0x08006574   0x0000006c   Code   RO         3861    i.TIM_OC5_SetConfig  stm32h7xx_hal_tim.o
    0x080065e0   0x080065e0   0x0000006c   Code   RO         3862    i.TIM_OC6_SetConfig  stm32h7xx_hal_tim.o
    0x0800664c   0x0800664c   0x0000000c   Code   RO         1259    i.USART1_IRQHandler  bsp_uart_fifo.o
    0x08006658   0x08006658   0x0000000c   Code   RO         1260    i.USART3_IRQHandler  bsp_uart_fifo.o
    0x08006664   0x08006664   0x00000144   Code   RO         1261    i.UartIRQ           bsp_uart_fifo.o
    0x080067a8   0x080067a8   0x00000050   Code   RO          731    i.UpdateAccelerationData  date_process_task.o
    0x080067f8   0x080067f8   0x00000100   Code   RO          732    i.UpdateWave        date_process_task.o
    0x080068f8   0x080068f8   0x00000002   Code   RO         1437    i.UsageFault_Handler  stm32h7xx_it.o
    0x080068fa   0x080068fa   0x00000002   PAD
    0x080068fc   0x080068fc   0x0000008c   Code   RO          790    i.WriteDataToTXDBUF  send_buffer_task.o
    0x08006988   0x08006988   0x00000068   Code   RO         6371    i._DoInit           segger_rtt.o
    0x080069f0   0x080069f0   0x00000016   Code   RO         6372    i._GetAvailWriteSpace  segger_rtt.o
    0x08006a06   0x08006a06   0x0000005a   Code   RO         6374    i._WriteBlocking    segger_rtt.o
    0x08006a60   0x08006a60   0x00000042   Code   RO         6375    i._WriteNoCheck     segger_rtt.o
    0x08006aa2   0x08006aa2   0x00000002   PAD
    0x08006aa4   0x08006aa4   0x00000020   Code   RO        11372    i.__0printf         mc_w.l(printfa.o)
    0x08006ac4   0x08006ac4   0x00000030   Code   RO        11373    i.__0snprintf       mc_w.l(printfa.o)
    0x08006af4   0x08006af4   0x0000002c   Code   RO        11377    i.__0vsnprintf      mc_w.l(printfa.o)
    0x08006b20   0x08006b20   0x00000020   Code   RO         2308    i.__NVIC_SetPriority  stm32h7xx_hal_cortex.o
    0x08006b40   0x08006b40   0x0000000e   Code   RO        11454    i.__scatterload_copy  mc_w.l(handlers.o)
    0x08006b4e   0x08006b4e   0x00000002   Code   RO        11455    i.__scatterload_null  mc_w.l(handlers.o)
    0x08006b50   0x08006b50   0x0000000e   Code   RO        11456    i.__scatterload_zeroinit  mc_w.l(handlers.o)
    0x08006b5e   0x08006b5e   0x00000002   PAD
    0x08006b60   0x08006b60   0x00000184   Code   RO        11379    i._fp_digits        mc_w.l(printfa.o)
    0x08006ce4   0x08006ce4   0x000006dc   Code   RO        11380    i._printf_core      mc_w.l(printfa.o)
    0x080073c0   0x080073c0   0x00000024   Code   RO        11381    i._printf_post_padding  mc_w.l(printfa.o)
    0x080073e4   0x080073e4   0x0000002e   Code   RO        11382    i._printf_pre_padding  mc_w.l(printfa.o)
    0x08007412   0x08007412   0x00000016   Code   RO        11383    i._snputc           mc_w.l(printfa.o)
    0x08007428   0x08007428   0x00000026   Code   RO         1677    i.bsp_ConfigGpioOut  bsp_tim_pwm.o
    0x0800744e   0x0800744e   0x00000036   Code   RO         1678    i.bsp_ConfigTimGpio  bsp_tim_pwm.o
    0x08007484   0x08007484   0x000000bc   Code   RO         1679    i.bsp_GetAFofTIM    bsp_tim_pwm.o
    0x08007540   0x08007540   0x0000001e   Code   RO          875    i.bsp_Init          bsp.o
    0x0800755e   0x0800755e   0x00000002   PAD
    0x08007560   0x08007560   0x00000028   Code   RO         1554    i.bsp_InitAD7606    bsp_spi_ad7606.o
    0x08007588   0x08007588   0x000000a4   Code   RO         1746    i.bsp_InitExtSDRAM  bsp_fmc_sdram.o
    0x0800762c   0x0800762c   0x00000044   Code   RO          937    i.bsp_InitLed       bsp_led.o
    0x08007670   0x08007670   0x00000060   Code   RO         1917    i.bsp_InitRTC       bsp_cpu_rtc.o
    0x080076d0   0x080076d0   0x0000001c   Code   RO          939    i.bsp_LedToggle     bsp_led.o
    0x080076ec   0x080076ec   0x00000128   Code   RO         1680    i.bsp_RCC_GPIO_Enable  bsp_tim_pwm.o
    0x08007814   0x08007814   0x000001a0   Code   RO         1682    i.bsp_RCC_TIM_Enable  bsp_tim_pwm.o
    0x080079b4   0x080079b4   0x00000170   Code   RO         1683    i.bsp_SetTIMOutPWM  bsp_tim_pwm.o
    0x08007b24   0x08007b24   0x0000007c   Code   RO          531    i.command_id        tcp_client.o
    0x08007ba0   0x08007ba0   0x00000044   Code   RO          532    i.command_start     tcp_client.o
    0x08007be4   0x08007be4   0x00000030   Code   RO          533    i.command_stop      tcp_client.o
    0x08007c14   0x08007c14   0x00000080   Code   RO         8709    i.do_memp_free_pool  memp.o
    0x08007c94   0x08007c94   0x0000009c   Code   RO         8710    i.do_memp_malloc_pool_fn  memp.o
    0x08007d30   0x08007d30   0x0000000c   Code   RO        10801    i.elog_buf_enabled  elog_buf.o
    0x08007d3c   0x08007d3c   0x0000006c   Code   RO        10802    i.elog_buf_output   elog_buf.o
    0x08007da8   0x08007da8   0x00000030   Code   RO        10655    i.elog_init         elog.o
    0x08007dd8   0x08007dd8   0x00000368   Code   RO        10656    i.elog_output       elog.o
    0x08008140   0x08008140   0x00000020   Code   RO        10657    i.elog_output_lock  elog.o
    0x08008160   0x08008160   0x0000002c   Code   RO        10658    i.elog_output_lock_enabled  elog.o
    0x0800818c   0x0800818c   0x00000020   Code   RO        10659    i.elog_output_unlock  elog.o
    0x080081ac   0x080081ac   0x00000008   Code   RO        10852    i.elog_port_get_p_info  elog_port.o
    0x080081b4   0x080081b4   0x00000006   Code   RO        10853    i.elog_port_get_t_info  elog_port.o
    0x080081ba   0x080081ba   0x00000002   PAD
    0x080081bc   0x080081bc   0x00000028   Code   RO        10854    i.elog_port_get_time  elog_port.o
    0x080081e4   0x080081e4   0x00000004   Code   RO        10855    i.elog_port_init    elog_port.o
    0x080081e8   0x080081e8   0x00000010   Code   RO        10856    i.elog_port_output  elog_port.o
    0x080081f8   0x080081f8   0x00000002   Code   RO        10857    i.elog_port_output_lock  elog_port.o
    0x080081fa   0x080081fa   0x00000002   Code   RO        10858    i.elog_port_output_unlock  elog_port.o
    0x080081fc   0x080081fc   0x000000b8   Code   RO        10663    i.elog_set_filter_lvl  elog.o
    0x080082b4   0x080082b4   0x000000c0   Code   RO        10665    i.elog_set_fmt      elog.o
    0x08008374   0x08008374   0x0000000c   Code   RO        10667    i.elog_set_text_color_enabled  elog.o
    0x08008380   0x08008380   0x0000008c   Code   RO        10668    i.elog_start        elog.o
    0x0800840c   0x0800840c   0x000000f8   Code   RO        10829    i.elog_strcpy       elog_utils.o
    0x08008504   0x08008504   0x00000198   Code   RO         7954    i.err_tcp           api_msg.o
    0x0800869c   0x0800869c   0x000000bc   Code   RO        10442    i.eth_link_callback  netif_port.o
    0x08008758   0x08008758   0x0000002c   Code   RO         9991    i.etharp_cleanup_netif  etharp.o
    0x08008784   0x08008784   0x00000230   Code   RO         9993    i.etharp_find_entry  etharp.o
    0x080089b4   0x080089b4   0x00000038   Code   RO         9994    i.etharp_free_entry  etharp.o
    0x080089ec   0x080089ec   0x000000d4   Code   RO         9996    i.etharp_input      etharp.o
    0x08008ac0   0x08008ac0   0x00000180   Code   RO         9997    i.etharp_output     etharp.o
    0x08008c40   0x08008c40   0x000000d8   Code   RO         9998    i.etharp_output_to_arp_index  etharp.o
    0x08008d18   0x08008d18   0x000001b8   Code   RO         9999    i.etharp_query      etharp.o
    0x08008ed0   0x08008ed0   0x00000140   Code   RO        10000    i.etharp_raw        etharp.o
    0x08009010   0x08009010   0x0000000c   Code   RO        10001    i.etharp_request    etharp.o
    0x0800901c   0x0800901c   0x00000020   Code   RO        10002    i.etharp_request_dst  etharp.o
    0x0800903c   0x0800903c   0x0000005c   Code   RO        10003    i.etharp_tmr        etharp.o
    0x08009098   0x08009098   0x000000e8   Code   RO        10004    i.etharp_update_arp_entry  etharp.o
    0x08009180   0x08009180   0x000000a4   Code   RO        10229    i.ethernet_input    ethernet.o
    0x08009224   0x08009224   0x000000a0   Code   RO        10443    i.ethernet_link_thread  netif_port.o
    0x080092c4   0x080092c4   0x000000c0   Code   RO        10230    i.ethernet_output   ethernet.o
    0x08009384   0x08009384   0x00000074   Code   RO        10444    i.ethernetif_init   netif_port.o
    0x080093f8   0x080093f8   0x0000004c   Code   RO        10445    i.ethernetif_input  netif_port.o
    0x08009444   0x08009444   0x00000010   Code   RO         1274    i.fputc             bsp_uart_fifo.o
    0x08009454   0x08009454   0x00000014   Code   RO          534    i.getTelLength      tcp_client.o
    0x08009468   0x08009468   0x000000c4   Code   RO        10669    i.get_fmt_enabled   elog.o
    0x0800952c   0x0800952c   0x00000008   Code   RO        10088    i.icmp_dest_unreach  icmp.o
    0x08009534   0x08009534   0x000001bc   Code   RO        10089    i.icmp_input        icmp.o
    0x080096f0   0x080096f0   0x000000d8   Code   RO        10090    i.icmp_send_response  icmp.o
    0x080097c8   0x080097c8   0x0000004a   Code   RO         8494    i.inet_chksum_pbuf  inet_chksum.o
    0x08009812   0x08009812   0x0000002e   Code   RO        10163    i.ip4_addr_isbroadcast_u32  ip4_addr.o
    0x08009840   0x08009840   0x00000168   Code   RO        10120    i.ip4_input         ip4.o
    0x080099a8   0x080099a8   0x0000002c   Code   RO        10121    i.ip4_input_accept  ip4.o
    0x080099d4   0x080099d4   0x0000001e   Code   RO        10123    i.ip4_output_if     ip4.o
    0x080099f2   0x080099f2   0x00000002   PAD
    0x080099f4   0x080099f4   0x0000012c   Code   RO        10124    i.ip4_output_if_src  ip4.o
    0x08009b20   0x08009b20   0x00000060   Code   RO        10125    i.ip4_route         ip4.o
    0x08009b80   0x08009b80   0x0000015c   Code   RO        10165    i.ip4addr_aton      ip4_addr.o
    0x08009cdc   0x08009cdc   0x0000000c   Code   RO        10166    i.ip4addr_ntoa      ip4_addr.o
    0x08009ce8   0x08009ce8   0x00000076   Code   RO        10167    i.ip4addr_ntoa_r    ip4_addr.o
    0x08009d5e   0x08009d5e   0x00000002   PAD
    0x08009d60   0x08009d60   0x00000048   Code   RO          535    i.isTelComplete     tcp_client.o
    0x08009da8   0x08009da8   0x000000b0   Code   RO          536    i.isVaildTel        tcp_client.o
    0x08009e58   0x08009e58   0x00000034   Code   RO          537    i.leftRxdTel        tcp_client.o
    0x08009e8c   0x08009e8c   0x000001b8   Code   RO        10446    i.low_level_init    netif_port.o
    0x0800a044   0x0800a044   0x000000a8   Code   RO        10447    i.low_level_input   netif_port.o
    0x0800a0ec   0x0800a0ec   0x00000060   Code   RO        10448    i.low_level_output  netif_port.o
    0x0800a14c   0x0800a14c   0x0000003c   Code   RO         9786    i.lwip_cyclic_timer  timeouts.o
    0x0800a188   0x0800a188   0x00000004   Code   RO         8445    i.lwip_htonl        def.o
    0x0800a18c   0x0800a18c   0x00000004   Code   RO         8446    i.lwip_htons        def.o
    0x0800a190   0x0800a190   0x00000022   Code   RO         8554    i.lwip_init         init.o
    0x0800a1b2   0x0800a1b2   0x00000002   PAD
    0x0800a1b4   0x0800a1b4   0x00000104   Code   RO         7957    i.lwip_netconn_do_close  api_msg.o
    0x0800a2b8   0x0800a2b8   0x00000298   Code   RO         7958    i.lwip_netconn_do_close_internal  api_msg.o
    0x0800a550   0x0800a550   0x0000012c   Code   RO         7959    i.lwip_netconn_do_connect  api_msg.o
    0x0800a67c   0x0800a67c   0x0000014c   Code   RO         7960    i.lwip_netconn_do_connected  api_msg.o
    0x0800a7c8   0x0800a7c8   0x00000164   Code   RO         7961    i.lwip_netconn_do_delconn  api_msg.o
    0x0800a92c   0x0800a92c   0x00000012   Code   RO         7965    i.lwip_netconn_do_newconn  api_msg.o
    0x0800a93e   0x0800a93e   0x00000044   Code   RO         7966    i.lwip_netconn_do_recv  api_msg.o
    0x0800a982   0x0800a982   0x00000002   PAD
    0x0800a984   0x0800a984   0x0000011c   Code   RO         7968    i.lwip_netconn_do_write  api_msg.o
    0x0800aaa0   0x0800aaa0   0x00000358   Code   RO         7969    i.lwip_netconn_do_writemore  api_msg.o
    0x0800adf8   0x0800adf8   0x00000070   Code   RO         7970    i.lwip_netconn_err_to_msg  api_msg.o
    0x0800ae68   0x0800ae68   0x00000074   Code   RO         7971    i.lwip_netconn_is_err_msg  api_msg.o
    0x0800aedc   0x0800aedc   0x00000056   Code   RO         8501    i.lwip_standard_chksum  inet_chksum.o
    0x0800af32   0x0800af32   0x00000002   PAD
    0x0800af34   0x0800af34   0x00000140   Code   RO            4    i.main              main.o
    0x0800b074   0x0800b074   0x00000198   Code   RO         8638    i.mem_free          mem.o
    0x0800b20c   0x0800b20c   0x00000090   Code   RO         8639    i.mem_init          mem.o
    0x0800b29c   0x0800b29c   0x0000027c   Code   RO         8640    i.mem_malloc        mem.o
    0x0800b518   0x0800b518   0x000000d0   Code   RO         8641    i.mem_overflow_check_raw  mem.o
    0x0800b5e8   0x0800b5e8   0x0000001e   Code   RO         8642    i.mem_overflow_init_raw  mem.o
    0x0800b606   0x0800b606   0x00000002   PAD
    0x0800b608   0x0800b608   0x00000010   Code   RO         8643    i.mem_to_ptr        mem.o
    0x0800b618   0x0800b618   0x000001b0   Code   RO         8644    i.mem_trim          mem.o
    0x0800b7c8   0x0800b7c8   0x00000070   Code   RO         8711    i.memp_free         memp.o
    0x0800b838   0x0800b838   0x0000005c   Code   RO         8712    i.memp_free_pool    memp.o
    0x0800b894   0x0800b894   0x0000001c   Code   RO         8713    i.memp_init         memp.o
    0x0800b8b0   0x0800b8b0   0x0000003a   Code   RO         8714    i.memp_init_pool    memp.o
    0x0800b8ea   0x0800b8ea   0x00000002   PAD
    0x0800b8ec   0x0800b8ec   0x0000006c   Code   RO         8715    i.memp_malloc_fn    memp.o
    0x0800b958   0x0800b958   0x00000054   Code   RO         8716    i.memp_malloc_pool_fn  memp.o
    0x0800b9ac   0x0800b9ac   0x00000014   Code   RO         8717    i.memp_overflow_check_element  memp.o
    0x0800b9c0   0x0800b9c0   0x00000022   Code   RO         8200    i.netbuf_delete     netbuf.o
    0x0800b9e2   0x0800b9e2   0x00000002   PAD
    0x0800b9e4   0x0800b9e4   0x000000cc   Code   RO         7972    i.netconn_alloc     api_msg.o
    0x0800bab0   0x0800bab0   0x0000001c   Code   RO         7743    i.netconn_apimsg    api_lib.o
    0x0800bacc   0x0800bacc   0x00000006   Code   RO         7746    i.netconn_close     api_lib.o
    0x0800bad2   0x0800bad2   0x00000002   PAD
    0x0800bad4   0x0800bad4   0x00000078   Code   RO         7747    i.netconn_close_shutdown  api_lib.o
    0x0800bb4c   0x0800bb4c   0x00000084   Code   RO         7748    i.netconn_connect   api_lib.o
    0x0800bbd0   0x0800bbd0   0x0000001e   Code   RO         7749    i.netconn_delete    api_lib.o
    0x0800bbee   0x0800bbee   0x0000009c   Code   RO         7973    i.netconn_drain     api_msg.o
    0x0800bc8a   0x0800bc8a   0x0000001e   Code   RO         7751    i.netconn_err       api_lib.o
    0x0800bca8   0x0800bca8   0x00000134   Code   RO         7974    i.netconn_free      api_msg.o
    0x0800bddc   0x0800bddc   0x00000144   Code   RO         7754    i.netconn_new_with_proto_and_callback  api_lib.o
    0x0800bf20   0x0800bf20   0x00000020   Code   RO         7755    i.netconn_prepare_delete  api_lib.o
    0x0800bf40   0x0800bf40   0x00000110   Code   RO         7756    i.netconn_recv      api_lib.o
    0x0800c050   0x0800c050   0x00000154   Code   RO         7757    i.netconn_recv_data  api_lib.o
    0x0800c1a4   0x0800c1a4   0x00000092   Code   RO         7758    i.netconn_recv_data_tcp  api_lib.o
    0x0800c236   0x0800c236   0x00000002   PAD
    0x0800c238   0x0800c238   0x00000080   Code   RO         7767    i.netconn_tcp_recvd_msg  api_lib.o
    0x0800c2b8   0x0800c2b8   0x00000014   Code   RO         7768    i.netconn_write_partly  api_lib.o
    0x0800c2cc   0x0800c2cc   0x00000158   Code   RO         7769    i.netconn_write_vectors_partly  api_lib.o
    0x0800c424   0x0800c424   0x000001a8   Code   RO         8853    i.netif_add         netif.o
    0x0800c5cc   0x0800c5cc   0x00000016   Code   RO         8855    i.netif_do_ip_addr_changed  netif.o
    0x0800c5e2   0x0800c5e2   0x00000016   Code   RO         8856    i.netif_do_set_gw   netif.o
    0x0800c5f8   0x0800c5f8   0x00000090   Code   RO         8857    i.netif_do_set_ipaddr  netif.o
    0x0800c688   0x0800c688   0x00000016   Code   RO         8858    i.netif_do_set_netmask  netif.o
    0x0800c69e   0x0800c69e   0x00000002   PAD
    0x0800c6a0   0x0800c6a0   0x00000024   Code   RO         8860    i.netif_get_by_index  netif.o
    0x0800c6c4   0x0800c6c4   0x00000002   Code   RO         8862    i.netif_init        netif.o
    0x0800c6c6   0x0800c6c6   0x00000002   PAD
    0x0800c6c8   0x0800c6c8   0x00000088   Code   RO         8864    i.netif_issue_reports  netif.o
    0x0800c750   0x0800c750   0x00000006   Code   RO         8866    i.netif_null_output_ip4  netif.o
    0x0800c756   0x0800c756   0x00000002   PAD
    0x0800c758   0x0800c758   0x00000060   Code   RO         8868    i.netif_set_addr    netif.o
    0x0800c7b8   0x0800c7b8   0x0000000c   Code   RO         8869    i.netif_set_default  netif.o
    0x0800c7c4   0x0800c7c4   0x0000007c   Code   RO         8870    i.netif_set_down    netif.o
    0x0800c840   0x0800c840   0x00000008   Code   RO         8873    i.netif_set_link_callback  netif.o
    0x0800c848   0x0800c848   0x00000080   Code   RO         8874    i.netif_set_link_down  netif.o
    0x0800c8c8   0x0800c8c8   0x0000008c   Code   RO         8875    i.netif_set_link_up  netif.o
    0x0800c954   0x0800c954   0x00000074   Code   RO         8877    i.netif_set_up      netif.o
    0x0800c9c8   0x0800c9c8   0x00000006   Code   RO         9029    i.pbuf_add_header   pbuf.o
    0x0800c9ce   0x0800c9ce   0x00000002   PAD
    0x0800c9d0   0x0800c9d0   0x00000088   Code   RO         9031    i.pbuf_add_header_impl  pbuf.o
    0x0800ca58   0x0800ca58   0x00000234   Code   RO         9032    i.pbuf_alloc        pbuf.o
    0x0800cc8c   0x0800cc8c   0x00000080   Code   RO         9033    i.pbuf_alloc_reference  pbuf.o
    0x0800cd0c   0x0800cd0c   0x00000038   Code   RO         9034    i.pbuf_alloced_custom  pbuf.o
    0x0800cd44   0x0800cd44   0x000000fc   Code   RO         9035    i.pbuf_cat          pbuf.o
    0x0800ce40   0x0800ce40   0x00000012   Code   RO         9037    i.pbuf_clen         pbuf.o
    0x0800ce52   0x0800ce52   0x00000002   PAD
    0x0800ce54   0x0800ce54   0x00000064   Code   RO         9038    i.pbuf_clone        pbuf.o
    0x0800ceb8   0x0800ceb8   0x000001b4   Code   RO         9040    i.pbuf_copy         pbuf.o
    0x0800d06c   0x0800d06c   0x000000e4   Code   RO         9041    i.pbuf_copy_partial  pbuf.o
    0x0800d150   0x0800d150   0x00000134   Code   RO         9043    i.pbuf_free         pbuf.o
    0x0800d284   0x0800d284   0x0000000c   Code   RO        10449    i.pbuf_free_custom  netif_port.o
    0x0800d290   0x0800d290   0x00000034   Code   RO         9045    i.pbuf_free_ooseq_callback  pbuf.o
    0x0800d2c4   0x0800d2c4   0x00000006   Code   RO         9049    i.pbuf_header_force  pbuf.o
    0x0800d2ca   0x0800d2ca   0x0000000e   Code   RO         9050    i.pbuf_header_impl  pbuf.o
    0x0800d2d8   0x0800d2d8   0x0000001c   Code   RO         9051    i.pbuf_init_alloced_pbuf  pbuf.o
    0x0800d2f4   0x0800d2f4   0x00000100   Code   RO         9055    i.pbuf_realloc      pbuf.o
    0x0800d3f4   0x0800d3f4   0x00000064   Code   RO         9056    i.pbuf_ref          pbuf.o
    0x0800d458   0x0800d458   0x00000098   Code   RO         9057    i.pbuf_remove_header  pbuf.o
    0x0800d4f0   0x0800d4f0   0x00000024   Code   RO         7039    i.pcTaskGetName     tasks.o
    0x0800d514   0x0800d514   0x000000c0   Code   RO         7975    i.pcb_new           api_msg.o
    0x0800d5d4   0x0800d5d4   0x00000170   Code   RO         8645    i.plug_holes        mem.o
    0x0800d744   0x0800d744   0x000000a8   Code   RO         7976    i.poll_tcp          api_msg.o
    0x0800d7ec   0x0800d7ec   0x00000070   Code   RO         7040    i.prvAddCurrentTaskToDelayedList  tasks.o
    0x0800d85c   0x0800d85c   0x000000d0   Code   RO         7041    i.prvAddNewTaskToReadyList  tasks.o
    0x0800d92c   0x0800d92c   0x00000050   Code   RO         7376    i.prvCheckForValidListAndQueue  timers.o
    0x0800d97c   0x0800d97c   0x00000026   Code   RO         6639    i.prvCopyDataFromQueue  queue.o
    0x0800d9a2   0x0800d9a2   0x0000006c   Code   RO         6640    i.prvCopyDataToQueue  queue.o
    0x0800da0e   0x0800da0e   0x00000014   Code   RO         7042    i.prvDeleteTCB      tasks.o
    0x0800da22   0x0800da22   0x00000002   PAD
    0x0800da24   0x0800da24   0x0000004c   Code   RO         7601    i.prvHeapInit       heap_4.o
    0x0800da70   0x0800da70   0x0000005c   Code   RO         7043    i.prvIdleTask       tasks.o
    0x0800dacc   0x0800dacc   0x000000ae   Code   RO         7044    i.prvInitialiseNewTask  tasks.o
    0x0800db7a   0x0800db7a   0x00000002   PAD
    0x0800db7c   0x0800db7c   0x0000004c   Code   RO         7602    i.prvInsertBlockIntoFreeList  heap_4.o
    0x0800dbc8   0x0800dbc8   0x00000038   Code   RO         7377    i.prvInsertTimerInActiveList  timers.o
    0x0800dc00   0x0800dc00   0x0000001a   Code   RO         6641    i.prvIsQueueEmpty   queue.o
    0x0800dc1a   0x0800dc1a   0x00000074   Code   RO         6642    i.prvNotifyQueueSetContainer  queue.o
    0x0800dc8e   0x0800dc8e   0x00000002   PAD
    0x0800dc90   0x0800dc90   0x00000100   Code   RO         7378    i.prvProcessReceivedCommands  timers.o
    0x0800dd90   0x0800dd90   0x000000c4   Code   RO         7379    i.prvProcessTimerOrBlockTask  timers.o
    0x0800de54   0x0800de54   0x00000020   Code   RO         7046    i.prvResetNextTaskUnblockTime  tasks.o
    0x0800de74   0x0800de74   0x00000028   Code   RO         7380    i.prvSampleTimeNow  timers.o
    0x0800de9c   0x0800de9c   0x00000070   Code   RO         7381    i.prvSwitchTimerLists  timers.o
    0x0800df0c   0x0800df0c   0x00000030   Code   RO         7526    i.prvTaskExitError  port.o
    0x0800df3c   0x0800df3c   0x00000028   Code   RO         7382    i.prvTimerTask      timers.o
    0x0800df64   0x0800df64   0x00000078   Code   RO         6643    i.prvUnlockQueue    queue.o
    0x0800dfdc   0x0800dfdc   0x0000000c   Code   RO         8646    i.ptr_to_mem        mem.o
    0x0800dfe8   0x0800dfe8   0x000000e4   Code   RO         7603    i.pvPortMalloc      heap_4.o
    0x0800e0cc   0x0800e0cc   0x00000018   Code   RO         7048    i.pvTaskIncrementMutexHeldCount  tasks.o
    0x0800e0e4   0x0800e0e4   0x0000002c   Code   RO         7527    i.pxPortInitialiseStack  port.o
    0x0800e110   0x0800e110   0x00000030   Code   RO          538    i.receive_server_data_task  tcp_client.o
    0x0800e140   0x0800e140   0x00000150   Code   RO         7977    i.recv_tcp          api_msg.o
    0x0800e290   0x0800e290   0x00000134   Code   RO         7978    i.recv_udp          api_msg.o
    0x0800e3c4   0x0800e3c4   0x000000a4   Code   RO          791    i.send_buffer_task  send_buffer_task.o
    0x0800e468   0x0800e468   0x0000009c   Code   RO         7979    i.sent_tcp          api_msg.o
    0x0800e504   0x0800e504   0x00000044   Code   RO         7980    i.setup_tcp         api_msg.o
    0x0800e548   0x0800e548   0x00000028   Code   RO          540    i.sumofRxdBuf       tcp_client.o
    0x0800e570   0x0800e570   0x00000050   Code   RO        10257    i.sys_arch_assert   sys_arch.o
    0x0800e5c0   0x0800e5c0   0x000000b4   Code   RO        10258    i.sys_arch_mbox_fetch  sys_arch.o
    0x0800e674   0x0800e674   0x00000020   Code   RO        10259    i.sys_arch_mbox_tryfetch  sys_arch.o
    0x0800e694   0x0800e694   0x0000000a   Code   RO        10260    i.sys_arch_protect  sys_arch.o
    0x0800e69e   0x0800e69e   0x00000002   PAD
    0x0800e6a0   0x0800e6a0   0x000000a4   Code   RO        10261    i.sys_arch_sem_wait  sys_arch.o
    0x0800e744   0x0800e744   0x00000004   Code   RO        10262    i.sys_arch_unprotect  sys_arch.o
    0x0800e748   0x0800e748   0x00000040   Code   RO         9787    i.sys_check_timeouts  timeouts.o
    0x0800e788   0x0800e788   0x00000002   Code   RO        10263    i.sys_init          sys_arch.o
    0x0800e78a   0x0800e78a   0x00000002   PAD
    0x0800e78c   0x0800e78c   0x00000084   Code   RO        10265    i.sys_mbox_free     sys_arch.o
    0x0800e810   0x0800e810   0x00000022   Code   RO        10266    i.sys_mbox_new      sys_arch.o
    0x0800e832   0x0800e832   0x00000006   Code   RO        10268    i.sys_mbox_set_invalid  sys_arch.o
    0x0800e838   0x0800e838   0x00000020   Code   RO        10269    i.sys_mbox_trypost  sys_arch.o
    0x0800e858   0x0800e858   0x0000000a   Code   RO        10271    i.sys_mbox_valid    sys_arch.o
    0x0800e862   0x0800e862   0x0000000e   Code   RO        10273    i.sys_mutex_lock    sys_arch.o
    0x0800e870   0x0800e870   0x00000018   Code   RO        10274    i.sys_mutex_new     sys_arch.o
    0x0800e888   0x0800e888   0x00000012   Code   RO        10275    i.sys_mutex_unlock  sys_arch.o
    0x0800e89a   0x0800e89a   0x00000004   Code   RO        10276    i.sys_now           sys_arch.o
    0x0800e89e   0x0800e89e   0x00000006   Code   RO        10277    i.sys_sem_free      sys_arch.o
    0x0800e8a4   0x0800e8a4   0x00000036   Code   RO        10278    i.sys_sem_new       sys_arch.o
    0x0800e8da   0x0800e8da   0x00000006   Code   RO        10279    i.sys_sem_set_invalid  sys_arch.o
    0x0800e8e0   0x0800e8e0   0x00000012   Code   RO        10280    i.sys_sem_signal    sys_arch.o
    0x0800e8f2   0x0800e8f2   0x0000000a   Code   RO        10281    i.sys_sem_valid     sys_arch.o
    0x0800e8fc   0x0800e8fc   0x0000002c   Code   RO        10282    i.sys_thread_new    sys_arch.o
    0x0800e928   0x0800e928   0x0000008c   Code   RO         9789    i.sys_timeout       timeouts.o
    0x0800e9b4   0x0800e9b4   0x000000c8   Code   RO         9790    i.sys_timeout_abs   timeouts.o
    0x0800ea7c   0x0800ea7c   0x00000024   Code   RO         9791    i.sys_timeouts_init  timeouts.o
    0x0800eaa0   0x0800eaa0   0x00000028   Code   RO         9792    i.sys_timeouts_sleeptime  timeouts.o
    0x0800eac8   0x0800eac8   0x00000178   Code   RO         9265    i.tcp_abandon       tcp.o
    0x0800ec40   0x0800ec40   0x00000006   Code   RO         9266    i.tcp_abort         tcp.o
    0x0800ec46   0x0800ec46   0x0000000e   Code   RO         9267    i.tcp_accept        tcp.o
    0x0800ec54   0x0800ec54   0x00000160   Code   RO         9269    i.tcp_alloc         tcp.o
    0x0800edb4   0x0800edb4   0x00000008   Code   RO         9270    i.tcp_arg           tcp.o
    0x0800edbc   0x0800edbc   0x000002d4   Code   RO          541    i.tcp_client_conn_server_task  tcp_client.o
    0x0800f090   0x0800f090   0x0000006c   Code   RO         9273    i.tcp_close         tcp.o
    0x0800f0fc   0x0800f0fc   0x000001a8   Code   RO         9274    i.tcp_close_shutdown  tcp.o
    0x0800f2a4   0x0800f2a4   0x00000090   Code   RO         9275    i.tcp_close_shutdown_fin  tcp.o
    0x0800f334   0x0800f334   0x000001b4   Code   RO         9276    i.tcp_connect       tcp.o
    0x0800f4e8   0x0800f4e8   0x00000154   Code   RO         9638    i.tcp_create_segment  tcp_out.o
    0x0800f63c   0x0800f63c   0x00000080   Code   RO         9278    i.tcp_eff_send_mss_netif  tcp.o
    0x0800f6bc   0x0800f6bc   0x00000204   Code   RO         9639    i.tcp_enqueue_flags  tcp_out.o
    0x0800f8c0   0x0800f8c0   0x0000006c   Code   RO         9279    i.tcp_err           tcp.o
    0x0800f92c   0x0800f92c   0x0000006c   Code   RO         9280    i.tcp_fasttmr       tcp.o
    0x0800f998   0x0800f998   0x00000058   Code   RO         9281    i.tcp_free          tcp.o
    0x0800f9f0   0x0800f9f0   0x0000010c   Code   RO         9561    i.tcp_free_acked_segments  tcp_in.o
    0x0800fafc   0x0800fafc   0x00000014   Code   RO         9282    i.tcp_free_ooseq    tcp.o
    0x0800fb10   0x0800fb10   0x00000028   Code   RO         9562    i.tcp_get_next_optbyte  tcp_in.o
    0x0800fb38   0x0800fb38   0x00000002   Code   RO         9283    i.tcp_init          tcp.o
    0x0800fb3a   0x0800fb3a   0x00000002   PAD
    0x0800fb3c   0x0800fb3c   0x00000620   Code   RO         9563    i.tcp_input         tcp_in.o
    0x0801015c   0x0801015c   0x0000009c   Code   RO         9564    i.tcp_input_delayed_close  tcp_in.o
    0x080101f8   0x080101f8   0x00000094   Code   RO         9640    i.tcp_keepalive     tcp_out.o
    0x0801028c   0x0801028c   0x00000084   Code   RO         9284    i.tcp_kill_state    tcp.o
    0x08010310   0x08010310   0x000000dc   Code   RO         9285    i.tcp_listen_closed  tcp.o
    0x080103ec   0x080103ec   0x00000160   Code   RO         9565    i.tcp_listen_input  tcp_in.o
    0x0801054c   0x0801054c   0x0000004c   Code   RO         9288    i.tcp_netif_ip_addr_changed  tcp.o
    0x08010598   0x08010598   0x0000008c   Code   RO         9289    i.tcp_netif_ip_addr_changed_pcblist  tcp.o
    0x08010624   0x08010624   0x00000006   Code   RO         9291    i.tcp_new_ip_type   tcp.o
    0x0801062a   0x0801062a   0x00000002   PAD
    0x0801062c   0x0801062c   0x0000005c   Code   RO         9292    i.tcp_new_port      tcp.o
    0x08010688   0x08010688   0x00000060   Code   RO         9293    i.tcp_next_iss      tcp.o
    0x080106e8   0x080106e8   0x000000d4   Code   RO         9566    i.tcp_oos_insert_segment  tcp_in.o
    0x080107bc   0x080107bc   0x000002b4   Code   RO         9641    i.tcp_output        tcp_out.o
    0x08010a70   0x08010a70   0x00000094   Code   RO         9642    i.tcp_output_alloc_header  tcp_out.o
    0x08010b04   0x08010b04   0x000000d8   Code   RO         9643    i.tcp_output_alloc_header_common  tcp_out.o
    0x08010bdc   0x08010bdc   0x000000a8   Code   RO         9644    i.tcp_output_control_segment  tcp_out.o
    0x08010c84   0x08010c84   0x000000a4   Code   RO         9645    i.tcp_output_fill_options  tcp_out.o
    0x08010d28   0x08010d28   0x000001a8   Code   RO         9646    i.tcp_output_segment  tcp_out.o
    0x08010ed0   0x08010ed0   0x00000074   Code   RO         9647    i.tcp_output_segment_busy  tcp_out.o
    0x08010f44   0x08010f44   0x000000c4   Code   RO         9567    i.tcp_parseopt      tcp_in.o
    0x08011008   0x08011008   0x0000011c   Code   RO         9648    i.tcp_pbuf_prealloc  tcp_out.o
    0x08011124   0x08011124   0x00000098   Code   RO         9294    i.tcp_pcb_purge     tcp.o
    0x080111bc   0x080111bc   0x00000160   Code   RO         9295    i.tcp_pcb_remove    tcp.o
    0x0801131c   0x0801131c   0x00000098   Code   RO         9296    i.tcp_poll          tcp.o
    0x080113b4   0x080113b4   0x000004a4   Code   RO         9568    i.tcp_process       tcp_in.o
    0x08011858   0x08011858   0x000000d0   Code   RO         9297    i.tcp_process_refused_data  tcp.o
    0x08011928   0x08011928   0x000008ec   Code   RO         9569    i.tcp_receive       tcp_in.o
    0x08012214   0x08012214   0x0000006c   Code   RO         9298    i.tcp_recv          tcp.o
    0x08012280   0x08012280   0x00000078   Code   RO         9299    i.tcp_recv_null     tcp.o
    0x080122f8   0x080122f8   0x000000d0   Code   RO         9300    i.tcp_recved        tcp.o
    0x080123c8   0x080123c8   0x000000b4   Code   RO         9649    i.tcp_rexmit        tcp_out.o
    0x0801247c   0x0801247c   0x000000b4   Code   RO         9650    i.tcp_rexmit_fast   tcp_out.o
    0x08012530   0x08012530   0x0000006c   Code   RO         9651    i.tcp_rexmit_rto    tcp_out.o
    0x0801259c   0x0801259c   0x00000078   Code   RO         9652    i.tcp_rexmit_rto_commit  tcp_out.o
    0x08012614   0x08012614   0x000000cc   Code   RO         9653    i.tcp_rexmit_rto_prepare  tcp_out.o
    0x080126e0   0x080126e0   0x00000010   Code   RO         9654    i.tcp_route         tcp_out.o
    0x080126f0   0x080126f0   0x000000e0   Code   RO         9655    i.tcp_rst           tcp_out.o
    0x080127d0   0x080127d0   0x00000078   Code   RO         9301    i.tcp_seg_copy      tcp.o
    0x08012848   0x08012848   0x0000001c   Code   RO         9302    i.tcp_seg_free      tcp.o
    0x08012864   0x08012864   0x00000012   Code   RO         9303    i.tcp_segs_free     tcp.o
    0x08012876   0x08012876   0x00000002   PAD
    0x08012878   0x08012878   0x000000b4   Code   RO         9656    i.tcp_send_empty_ack  tcp_out.o
    0x0801292c   0x0801292c   0x00000098   Code   RO         9657    i.tcp_send_fin      tcp_out.o
    0x080129c4   0x080129c4   0x0000006c   Code   RO         9304    i.tcp_sent          tcp.o
    0x08012a30   0x08012a30   0x000000a4   Code   RO         9306    i.tcp_shutdown      tcp.o
    0x08012ad4   0x08012ad4   0x000005a0   Code   RO         9307    i.tcp_slowtmr       tcp.o
    0x08013074   0x08013074   0x00000200   Code   RO         9658    i.tcp_split_unsent_seg  tcp_out.o
    0x08013274   0x08013274   0x00000034   Code   RO         9794    i.tcp_timer_needed  timeouts.o
    0x080132a8   0x080132a8   0x000000c8   Code   RO         9570    i.tcp_timewait_input  tcp_in.o
    0x08013370   0x08013370   0x00000020   Code   RO         9309    i.tcp_tmr           tcp.o
    0x08013390   0x08013390   0x00000010   Code   RO         9571    i.tcp_trigger_input_pcb_close  tcp_in.o
    0x080133a0   0x080133a0   0x000000c0   Code   RO         9311    i.tcp_update_rcv_ann_wnd  tcp.o
    0x08013460   0x08013460   0x00000740   Code   RO         9659    i.tcp_write         tcp_out.o
    0x08013ba0   0x08013ba0   0x00000140   Code   RO         9660    i.tcp_write_checks  tcp_out.o
    0x08013ce0   0x08013ce0   0x00000110   Code   RO         9661    i.tcp_zero_window_probe  tcp_out.o
    0x08013df0   0x08013df0   0x000000d8   Code   RO         8297    i.tcpip_init        tcpip.o
    0x08013ec8   0x08013ec8   0x0000008c   Code   RO         8298    i.tcpip_inpkt       tcpip.o
    0x08013f54   0x08013f54   0x0000001c   Code   RO         8299    i.tcpip_input       tcpip.o
    0x08013f70   0x08013f70   0x00000020   Code   RO         8300    i.tcpip_send_msg_wait_sem  tcpip.o
    0x08013f90   0x08013f90   0x00000038   Code   RO         9795    i.tcpip_tcp_timer   timeouts.o
    0x08013fc8   0x08013fc8   0x000000c0   Code   RO         8301    i.tcpip_thread      tcpip.o
    0x08014088   0x08014088   0x00000094   Code   RO         8302    i.tcpip_thread_handle_msg  tcpip.o
    0x0801411c   0x0801411c   0x0000008c   Code   RO         8303    i.tcpip_try_callback  tcpip.o
    0x080141a8   0x080141a8   0x00000100   Code   RO         9866    i.udp_bind          udp.o
    0x080142a8   0x080142a8   0x000000cc   Code   RO         9868    i.udp_connect       udp.o
    0x08014374   0x08014374   0x00000002   Code   RO         9870    i.udp_init          udp.o
    0x08014376   0x08014376   0x00000002   PAD
    0x08014378   0x08014378   0x000001b4   Code   RO         9871    i.udp_input         udp.o
    0x0801452c   0x0801452c   0x000000dc   Code   RO         9872    i.udp_input_local_match  udp.o
    0x08014608   0x08014608   0x00000034   Code   RO         9873    i.udp_netif_ip_addr_changed  udp.o
    0x0801463c   0x0801463c   0x00000040   Code   RO         9874    i.udp_new           udp.o
    0x0801467c   0x0801467c   0x00000004   Code   RO         9875    i.udp_new_ip_type   udp.o
    0x08014680   0x08014680   0x00000058   Code   RO         9876    i.udp_recv          udp.o
    0x080146d8   0x080146d8   0x00000084   Code   RO         9877    i.udp_remove        udp.o
    0x0801475c   0x0801475c   0x00000026   Code   RO         6593    i.uxListRemove      list.o
    0x08014782   0x08014782   0x00000028   Code   RO         6646    i.uxQueueMessagesWaiting  queue.o
    0x080147aa   0x080147aa   0x00000016   Code   RO         6594    i.vListInitialise   list.o
    0x080147c0   0x080147c0   0x00000006   Code   RO         6595    i.vListInitialiseItem  list.o
    0x080147c6   0x080147c6   0x00000030   Code   RO         6596    i.vListInsert       list.o
    0x080147f6   0x080147f6   0x00000018   Code   RO         6597    i.vListInsertEnd    list.o
    0x0801480e   0x0801480e   0x00000002   PAD
    0x08014810   0x08014810   0x00000048   Code   RO         7529    i.vPortEnterCritical  port.o
    0x08014858   0x08014858   0x0000002c   Code   RO         7530    i.vPortExitCritical  port.o
    0x08014884   0x08014884   0x00000064   Code   RO         7604    i.vPortFree         heap_4.o
    0x080148e8   0x080148e8   0x00000018   Code   RO         7531    i.vPortSetupTimerInterrupt  port.o
    0x08014900   0x08014900   0x0000005c   Code   RO         7532    i.vPortValidateInterruptPriority  port.o
    0x0801495c   0x0801495c   0x00000024   Code   RO         6649    i.vQueueAddToRegistry  queue.o
    0x08014980   0x08014980   0x00000028   Code   RO         6650    i.vQueueDelete      queue.o
    0x080149a8   0x080149a8   0x00000028   Code   RO         6652    i.vQueueUnregisterQueue  queue.o
    0x080149d0   0x080149d0   0x00000044   Code   RO         6653    i.vQueueWaitForMessageRestricted  queue.o
    0x08014a14   0x08014a14   0x00000050   Code   RO         7056    i.vTaskDelay        tasks.o
    0x08014a64   0x08014a64   0x00000010   Code   RO         7061    i.vTaskInternalSetTimeOutState  tasks.o
    0x08014a74   0x08014a74   0x00000030   Code   RO            5    i.vTaskLED          main.o
    0x08014aa4   0x08014aa4   0x00000064   Code   RO            6    i.vTaskLwip         main.o
    0x08014b08   0x08014b08   0x0000000c   Code   RO         7062    i.vTaskMissedYield  tasks.o
    0x08014b14   0x08014b14   0x00000034   Code   RO         7064    i.vTaskPlaceOnEventList  tasks.o
    0x08014b48   0x08014b48   0x0000003c   Code   RO         7065    i.vTaskPlaceOnEventListRestricted  tasks.o
    0x08014b84   0x08014b84   0x000000b4   Code   RO         7067    i.vTaskPriorityDisinheritAfterTimeout  tasks.o
    0x08014c38   0x08014c38   0x00000078   Code   RO         7073    i.vTaskStartScheduler  tasks.o
    0x08014cb0   0x08014cb0   0x00000010   Code   RO         7075    i.vTaskSuspendAll   tasks.o
    0x08014cc0   0x08014cc0   0x00000060   Code   RO         7076    i.vTaskSwitchContext  tasks.o
    0x08014d20   0x08014d20   0x00000004   Code   RO            7    i.vTaskTDataProcess  main.o
    0x08014d24   0x08014d24   0x00000004   Code   RO            8    i.vTaskTSendBuf     main.o
    0x08014d28   0x08014d28   0x00000004   Code   RO            9    i.vTaskTlvloop      main.o
    0x08014d2c   0x08014d2c   0x000000c4   Code   RO         7533    i.xPortStartScheduler  port.o
    0x08014df0   0x08014df0   0x00000024   Code   RO         6656    i.xQueueCreateMutex  queue.o
    0x08014e14   0x08014e14   0x0000005a   Code   RO         6658    i.xQueueGenericCreate  queue.o
    0x08014e6e   0x08014e6e   0x00000002   PAD
    0x08014e70   0x08014e70   0x0000008c   Code   RO         6659    i.xQueueGenericReset  queue.o
    0x08014efc   0x08014efc   0x00000188   Code   RO         6660    i.xQueueGenericSend  queue.o
    0x08015084   0x08015084   0x000000da   Code   RO         6661    i.xQueueGenericSendFromISR  queue.o
    0x0801515e   0x0801515e   0x000000be   Code   RO         6662    i.xQueueGiveFromISR  queue.o
    0x0801521c   0x0801521c   0x00000144   Code   RO         6668    i.xQueueReceive     queue.o
    0x08015360   0x08015360   0x00000188   Code   RO         6673    i.xQueueSemaphoreTake  queue.o
    0x080154e8   0x080154e8   0x0000007c   Code   RO         7077    i.xTaskCheckForTimeOut  tasks.o
    0x08015564   0x08015564   0x00000056   Code   RO         7078    i.xTaskCreate       tasks.o
    0x080155ba   0x080155ba   0x00000002   PAD
    0x080155bc   0x080155bc   0x000000ec   Code   RO         7079    i.xTaskGenericNotify  tasks.o
    0x080156a8   0x080156a8   0x0000001c   Code   RO         7082    i.xTaskGetSchedulerState  tasks.o
    0x080156c4   0x080156c4   0x0000000c   Code   RO         7083    i.xTaskGetTickCount  tasks.o
    0x080156d0   0x080156d0   0x000000cc   Code   RO         7085    i.xTaskIncrementTick  tasks.o
    0x0801579c   0x0801579c   0x0000008c   Code   RO         7087    i.xTaskNotifyWait   tasks.o
    0x08015828   0x08015828   0x000000a0   Code   RO         7088    i.xTaskPriorityDisinherit  tasks.o
    0x080158c8   0x080158c8   0x00000094   Code   RO         7089    i.xTaskPriorityInherit  tasks.o
    0x0801595c   0x0801595c   0x00000078   Code   RO         7090    i.xTaskRemoveFromEventList  tasks.o
    0x080159d4   0x080159d4   0x000000c8   Code   RO         7091    i.xTaskResumeAll    tasks.o
    0x08015a9c   0x08015a9c   0x00000050   Code   RO         7389    i.xTimerCreateTimerTask  timers.o
    0x08015aec   0x08015aec   0x00000068   Code   RO         7390    i.xTimerGenericCommand  timers.o
    0x08015b54   0x08015b54   0x0000001c   Data   RO          543    .constdata          tcp_client.o
    0x08015b70   0x08015b70   0x00000011   Data   RO         1557    .constdata          bsp_spi_ad7606.o
    0x08015b81   0x08015b81   0x00000003   PAD
    0x08015b84   0x08015b84   0x0000000e   Data   RO         1685    .constdata          bsp_tim_pwm.o
    0x08015b92   0x08015b92   0x00000008   Data   RO         3592    .constdata          stm32h7xx_hal_dma.o
    0x08015b9a   0x08015b9a   0x00000010   Data   RO         6282    .constdata          system_stm32h7xx.o
    0x08015baa   0x08015baa   0x00000003   Data   RO         7981    .constdata          api_msg.o
    0x08015bad   0x08015bad   0x00000003   PAD
    0x08015bb0   0x08015bb0   0x00000010   Data   RO         8729    .constdata          memp.o
    0x08015bc0   0x08015bc0   0x00000010   Data   RO         8730    .constdata          memp.o
    0x08015bd0   0x08015bd0   0x00000010   Data   RO         8731    .constdata          memp.o
    0x08015be0   0x08015be0   0x00000010   Data   RO         8732    .constdata          memp.o
    0x08015bf0   0x08015bf0   0x00000010   Data   RO         8733    .constdata          memp.o
    0x08015c00   0x08015c00   0x00000010   Data   RO         8734    .constdata          memp.o
    0x08015c10   0x08015c10   0x00000010   Data   RO         8735    .constdata          memp.o
    0x08015c20   0x08015c20   0x00000010   Data   RO         8736    .constdata          memp.o
    0x08015c30   0x08015c30   0x00000010   Data   RO         8737    .constdata          memp.o
    0x08015c40   0x08015c40   0x00000010   Data   RO         8738    .constdata          memp.o
    0x08015c50   0x08015c50   0x00000010   Data   RO         8739    .constdata          memp.o
    0x08015c60   0x08015c60   0x0000002c   Data   RO         8740    .constdata          memp.o
    0x08015c8c   0x08015c8c   0x00000054   Data   RO         9312    .constdata          tcp.o
    0x08015ce0   0x08015ce0   0x00000010   Data   RO         9796    .constdata          timeouts.o
    0x08015cf0   0x08015cf0   0x00000004   Data   RO        10170    .constdata          ip4_addr.o
    0x08015cf4   0x08015cf4   0x00000006   Data   RO        10231    .constdata          ethernet.o
    0x08015cfa   0x08015cfa   0x00000006   Data   RO        10232    .constdata          ethernet.o
    0x08015d00   0x08015d00   0x00000022   Data   RO        10455    .constdata          netif_port.o
    0x08015d22   0x08015d22   0x0000008c   Data   RO        10671    .constdata          elog.o
    0x08015dae   0x08015dae   0x00000023   Data   RO        10830    .constdata          elog_utils.o
    0x08015dd1   0x08015dd1   0x00000003   PAD
    0x08015dd4   0x08015dd4   0x00000018   Data   RO        10924    .constdata          eventrecorder.o
    0x08015dec   0x08015dec   0x00000081   Data   RO        11086    .constdata          mc_w.l(ctype_o.o)
    0x08015e6d   0x08015e6d   0x00000003   PAD
    0x08015e70   0x08015e70   0x00000004   Data   RO        11087    .constdata          mc_w.l(ctype_o.o)
    0x08015e74   0x08015e74   0x00000008   Data   RO         8741    .conststring        memp.o
    0x08015e7c   0x08015e7c   0x00000008   Data   RO         8742    .conststring        memp.o
    0x08015e84   0x08015e84   0x0000000f   Data   RO         8743    .conststring        memp.o
    0x08015e93   0x08015e93   0x00000001   PAD
    0x08015e94   0x08015e94   0x00000008   Data   RO         8744    .conststring        memp.o
    0x08015e9c   0x08015e9c   0x00000007   Data   RO         8745    .conststring        memp.o
    0x08015ea3   0x08015ea3   0x00000001   PAD
    0x08015ea4   0x08015ea4   0x00000008   Data   RO         8746    .conststring        memp.o
    0x08015eac   0x08015eac   0x0000000e   Data   RO         8747    .conststring        memp.o
    0x08015eba   0x08015eba   0x00000002   PAD
    0x08015ebc   0x08015ebc   0x00000010   Data   RO         8748    .conststring        memp.o
    0x08015ecc   0x08015ecc   0x0000000c   Data   RO         8749    .conststring        memp.o
    0x08015ed8   0x08015ed8   0x0000000d   Data   RO         8750    .conststring        memp.o
    0x08015ee5   0x08015ee5   0x00000003   PAD
    0x08015ee8   0x08015ee8   0x0000000a   Data   RO         8751    .conststring        memp.o
    0x08015ef2   0x08015ef2   0x00000002   PAD
    0x08015ef4   0x08015ef4   0x0000006d   Data   RO         9313    .conststring        tcp.o
    0x08015f61   0x08015f61   0x00000003   PAD
    0x08015f64   0x08015f64   0x00000055   Data   RO         9662    .conststring        tcp_out.o
    0x08015fb9   0x08015fb9   0x00000003   PAD
    0x08015fbc   0x08015fbc   0x00000041   Data   RO        10006    .conststring        etharp.o
    0x08015ffd   0x08015ffd   0x00000003   PAD
    0x08016000   0x08016000   0x00000017   Data   RO        10456    .conststring        netif_port.o
    0x08016017   0x08016017   0x00000001   PAD
    0x08016018   0x08016018   0x00000048   Data   RO        10672    .conststring        elog.o
    0x08016060   0x08016060   0x00000050   Data   RO        11452    Region$$Table       anon$$obj.o


    Execution Region RW_IRAM2 (Exec base: 0x24000000, Load base: 0x080160b0, Size: 0x0001fe28, Max: 0x00080000, ABSOLUTE, COMPRESSED[0x0000013c])

    Exec Addr    Load Addr    Size         Type   Attr      Idx    E Section Name        Object

    0x24000000   COMPRESSED   0x00001900   Data   RW         1555    .RAM_D1             bsp_spi_ad7606.o
    0x24001900   COMPRESSED   0x0000001c   Data   RW           12    .data               main.o
    0x2400191c   COMPRESSED   0x00000004   PAD
    0x24001920   COMPRESSED   0x000001f8   Data   RW           13    .data               main.o
    0x24001b18   COMPRESSED   0x00000014   Data   RW          544    .data               tcp_client.o
    0x24001b2c   COMPRESSED   0x00000010   Data   RW          735    .data               date_process_task.o
    0x24001b3c   COMPRESSED   0x0000000c   Data   RW          795    .data               send_buffer_task.o
    0x24001b48   COMPRESSED   0x0000001c   Data   RW         1092    .data               bsp_timer.o
    0x24001b64   COMPRESSED   0x00000010   Data   RW         1558    .data               bsp_spi_ad7606.o
    0x24001b74   COMPRESSED   0x00000008   Data   RW         1920    .data               bsp_cpu_rtc.o
    0x24001b7c   COMPRESSED   0x0000000c   Data   RW         2024    .data               stm32h7xx_hal.o
    0x24001b88   COMPRESSED   0x00000004   Data   RW         6283    .data               system_stm32h7xx.o
    0x24001b8c   COMPRESSED   0x00000004   Data   RW         6284    .data               system_stm32h7xx.o
    0x24001b90   COMPRESSED   0x00000004   Data   RW         6323    .data               segger_hardfaulthandler.o
    0x24001b94   COMPRESSED   0x0000003c   Data   RW         7094    .data               tasks.o
    0x24001bd0   COMPRESSED   0x00000014   Data   RW         7398    .data               timers.o
    0x24001be4   COMPRESSED   0x0000000c   Data   RW         7534    .data               port.o
    0x24001bf0   COMPRESSED   0x00000018   Data   RW         7609    .data               heap_4.o
    0x24001c08   COMPRESSED   0x00000010   Data   RW         8304    .data               tcpip.o
    0x24001c18   COMPRESSED   0x00000014   Data   RW         8647    .data               mem.o
    0x24001c2c   COMPRESSED   0x00000004   Data   RW         8752    .data               memp.o
    0x24001c30   COMPRESSED   0x00000004   Data   RW         8753    .data               memp.o
    0x24001c34   COMPRESSED   0x00000004   Data   RW         8754    .data               memp.o
    0x24001c38   COMPRESSED   0x00000004   Data   RW         8755    .data               memp.o
    0x24001c3c   COMPRESSED   0x00000004   Data   RW         8756    .data               memp.o
    0x24001c40   COMPRESSED   0x00000004   Data   RW         8757    .data               memp.o
    0x24001c44   COMPRESSED   0x00000004   Data   RW         8758    .data               memp.o
    0x24001c48   COMPRESSED   0x00000004   Data   RW         8759    .data               memp.o
    0x24001c4c   COMPRESSED   0x00000004   Data   RW         8760    .data               memp.o
    0x24001c50   COMPRESSED   0x00000004   Data   RW         8761    .data               memp.o
    0x24001c54   COMPRESSED   0x00000004   Data   RW         8762    .data               memp.o
    0x24001c58   COMPRESSED   0x0000000c   Data   RW         8878    .data               netif.o
    0x24001c64   COMPRESSED   0x00000001   Data   RW         9064    .data               pbuf.o
    0x24001c65   COMPRESSED   0x00000003   PAD
    0x24001c68   COMPRESSED   0x00000020   Data   RW         9314    .data               tcp.o
    0x24001c88   COMPRESSED   0x00000024   Data   RW         9573    .data               tcp_in.o
    0x24001cac   COMPRESSED   0x0000000c   Data   RW         9798    .data               timeouts.o
    0x24001cb8   COMPRESSED   0x00000008   Data   RW         9882    .data               udp.o
    0x24001cc0   COMPRESSED   0x00000001   Data   RW        10007    .data               etharp.o
    0x24001cc1   COMPRESSED   0x00000001   PAD
    0x24001cc2   COMPRESSED   0x00000002   Data   RW        10126    .data               ip4.o
    0x24001cc4   COMPRESSED   0x00000018   Data   RW        10457    .data               netif_port.o
    0x24001cdc   COMPRESSED   0x00000004   Data   RW        10458    .data               netif_port.o
    0x24001ce0   COMPRESSED   0x00000034   Data   RW        10673    .data               elog.o
    0x24001d14   COMPRESSED   0x00000008   Data   RW        10804    .data               elog_buf.o
    0x24001d1c   COMPRESSED   0x00000004   Data   RW        11081    .data               mc_w.l(stdout.o)
    0x24001d20        -       0x00000c50   Zero   RW           10    .bss                main.o
    0x24002970        -       0x00000034   Zero   RW           11    .bss                main.o
    0x240029a4        -       0x00001400   Zero   RW          542    .bss                tcp_client.o
    0x24003da4        -       0x00002150   Zero   RW          734    .bss                date_process_task.o
    0x24005ef4        -       0x00004e8c   Zero   RW          794    .bss                send_buffer_task.o
    0x2400ad80        -       0x00001058   Zero   RW         1275    .bss                bsp_uart_fifo.o
    0x2400bdd8        -       0x00000040   Zero   RW         1489    .bss                stm32h7xx_hal_timebase_tim.o
    0x2400be18   COMPRESSED   0x00000008   PAD
    0x2400be20        -       0x000011b0   Zero   RW         1556    .bss                bsp_spi_ad7606.o
    0x2400cfd0        -       0x00000024   Zero   RW         1918    .bss                bsp_cpu_rtc.o
    0x2400cff4        -       0x00000040   Zero   RW         6322    .bss                segger_hardfaulthandler.o
    0x2400d034        -       0x000004b8   Zero   RW         6376    .bss                segger_rtt.o
    0x2400d4ec        -       0x00000040   Zero   RW         6675    .bss                queue.o
    0x2400d52c        -       0x000000c8   Zero   RW         7093    .bss                tasks.o
    0x2400d5f4        -       0x00000028   Zero   RW         7397    .bss                timers.o
    0x2400d61c        -       0x0000b800   Zero   RW         7608    .bss                heap_4.o
    0x24018e1c        -       0x00000018   Zero   RW         8625    .bss                ip.o
    0x24018e34        -       0x000000e7   Zero   RW         8718    .bss                memp.o
    0x24018f1b        -       0x000004b3   Zero   RW         8719    .bss                memp.o
    0x240193ce        -       0x000000db   Zero   RW         8720    .bss                memp.o
    0x240194a9        -       0x00000403   Zero   RW         8721    .bss                memp.o
    0x240198ac        -       0x0000007b   Zero   RW         8722    .bss                memp.o
    0x24019927        -       0x00000193   Zero   RW         8723    .bss                memp.o
    0x24019aba        -       0x000001e3   Zero   RW         8724    .bss                memp.o
    0x24019c9d        -       0x000001e3   Zero   RW         8725    .bss                memp.o
    0x24019e80        -       0x0000025b   Zero   RW         8726    .bss                memp.o
    0x2401a0db        -       0x000003c3   Zero   RW         8727    .bss                memp.o
    0x2401a49e        -       0x00003d93   Zero   RW         8728    .bss                memp.o
    0x2401e231   COMPRESSED   0x00000003   PAD
    0x2401e234        -       0x00000014   Zero   RW         9572    .bss                tcp_in.o
    0x2401e248        -       0x000000f0   Zero   RW        10005    .bss                etharp.o
    0x2401e338        -       0x00000010   Zero   RW        10169    .bss                ip4_addr.o
    0x2401e348        -       0x000000bc   Zero   RW        10453    .bss                netif_port.o
    0x2401e404        -       0x00000103   Zero   RW        10454    .bss                netif_port.o
    0x2401e507   COMPRESSED   0x00000001   PAD
    0x2401e508        -       0x00000454   Zero   RW        10670    .bss                elog.o
    0x2401e95c        -       0x00000010   Zero   RW        10859    .bss                elog_port.o
    0x2401e96c   COMPRESSED   0x00000014   PAD
    0x2401e980        -       0x000004a4   Zero   RW        10923    .bss.noinit         eventrecorder.o
    0x2401ee24   COMPRESSED   0x00000004   PAD
    0x2401ee28        -       0x00001000   Zero   RW         1965    STACK               startup_stm32h743xx.o


    Execution Region RW_DMARxDscrTab (Exec base: 0x30040000, Load base: 0x080161ec, Size: 0x00000060, Max: 0x00000060, ABSOLUTE)

    Exec Addr    Load Addr    Size         Type   Attr      Idx    E Section Name        Object

    0x30040000   0x080161ec   0x00000060   Data   RW        10451    .RxDecripSection    netif_port.o


    Execution Region RW_DMATxDscrTab (Exec base: 0x30040060, Load base: 0x0801624c, Size: 0x00000060, Max: 0x00000140, ABSOLUTE)

    Exec Addr    Load Addr    Size         Type   Attr      Idx    E Section Name        Object

    0x30040060   0x0801624c   0x00000060   Data   RW        10452    .TxDecripSection    netif_port.o


    Execution Region RW_Rx_Buffb (Exec base: 0x30040200, Load base: 0x080162ac, Size: 0x00001800, Max: 0x00001800, ABSOLUTE, COMPRESSED[0x00000034])

    Exec Addr    Load Addr    Size         Type   Attr      Idx    E Section Name        Object

    0x30040200   COMPRESSED   0x00001800   Data   RW        10450    .RxArraySection     netif_port.o



  Load Region LR$$.ARM.__AT_0xC0000000 (Base: 0xc0000000, Size: 0x00000000, Max: 0x00190000, ABSOLUTE)

    Execution Region ER$$.ARM.__AT_0xC0000000 (Exec base: 0xc0000000, Load base: 0xc0000000, Size: 0x00190000, Max: 0x00190000, ABSOLUTE, UNINIT)

    Exec Addr    Load Addr    Size         Type   Attr      Idx    E Section Name        Object

    0xc0000000        -       0x00190000   Zero   RW          792    .ARM.__AT_0xC0000000  send_buffer_task.o



  Load Region LR$$.ARM.__AT_0xC0200000 (Base: 0xc0200000, Size: 0x00000000, Max: 0x00989680, ABSOLUTE)

    Execution Region ER$$.ARM.__AT_0xC0200000 (Exec base: 0xc0200000, Load base: 0xc0200000, Size: 0x00989680, Max: 0x00989680, ABSOLUTE, UNINIT)

    Exec Addr    Load Addr    Size         Type   Attr      Idx    E Section Name        Object

    0xc0200000        -       0x00989680   Zero   RW          793    .ARM.__AT_0xC0200000  send_buffer_task.o


==============================================================================

Image component sizes


      Code (inc. data)   RO Data    RW Data    ZI Data      Debug   Object Name

      1952        750          0          0          0      30531   api_lib.o
      5670       2034          3          0          0      39437   api_msg.o
       526         26          0          0          0      38746   bsp.o
       702        156          0          8         36       4807   bsp_cpu_rtc.o
       542         72          0          0          0       3399   bsp_fmc_sdram.o
        96         12          0          0          0       1642   bsp_led.o
      1412        186         17       6416       4528      16201   bsp_spi_ad7606.o
      1360        288         14          0          0       6287   bsp_tim_pwm.o
       148          4          0         28          0       2477   bsp_timer.o
       364         12          0          0       4184       8114   bsp_uart_fifo.o
         0          0          0          0          0        524   croutine.o
       852         70          0         16       8528       4221   date_process_task.o
         8          0          0          0          0       1058   def.o
      1752        646        212         52       1108      14041   elog.o
         0          0          0          0          0       2999   elog_async.o
       120         10          0          8          0       2049   elog_buf.o
        78         30          0          0         16       3829   elog_port.o
       248        100         35          0          0       2785   elog_utils.o
         0          0          0          0          0       2316   err.o
      2600        798         65          1        240      12747   etharp.o
       356         96         12          0          0       2650   ethernet.o
         0          0         24          0       1188       4108   eventrecorder.o
        18          0          0          0          0        324   hardfaulthandler.o
       480         24          0         24      47104       4651   heap_4.o
       668        238          0          0          0       3821   icmp.o
       160          0          0          0          0       2719   inet_chksum.o
        34          0          0          0          0      15130   init.o
         0          0          0          0         24       3174   ip.o
       830        130          0          2          0       5372   ip4.o
       524         68          4          0         16      12969   ip4_addr.o
       400          0          0          0          0       2998   lan8742.o
       138          0          0          0          0       3298   list.o
       480        102          0        532       3204    1325125   main.o
      2254        862          0         20          0      10071   mem.o
       786        386        339         44      21501      13006   memp.o
        34          0          0          0          0       9836   netbuf.o
      1438        604          0         12          0      15992   netif.o
      1588        398         57       6364        447      21695   netif_port.o
      2840       1180          0          1          0      16469   pbuf.o
       762         80          0         12          0      11489   port.o
      2414         24          0          0         64      31412   queue.o
       228         60          0          4         64       3527   segger_hardfaulthandler.o
       430         40          0          0       1208      10358   segger_rtt.o
       544        130          0         12   11658508      41353   send_buffer_task.o
        36          8        664          0       4096        940   startup_stm32h743xx.o
       130         24          0         12          0       5118   stm32h7xx_hal.o
       340         28          0          0          0      41150   stm32h7xx_hal_cortex.o
      1872         96          8          0          0      10257   stm32h7xx_hal_dma.o
      4280        104          0          0          0      24555   stm32h7xx_hal_eth.o
       530         50          0          0          0       4076   stm32h7xx_hal_gpio.o
      1046         20          0          0          0       5934   stm32h7xx_hal_mdma.o
        16          4          0          0          0        563   stm32h7xx_hal_pwr.o
      2092        110          0          0          0       6710   stm32h7xx_hal_rcc.o
      2756         80          0          0          0       5818   stm32h7xx_hal_rcc_ex.o
       938         24          0          0          0       8286   stm32h7xx_hal_rtc.o
        20          0          0          0          0       1779   stm32h7xx_hal_rtc_ex.o
       162          4          0          0          0       3396   stm32h7xx_hal_sdram.o
      1868         40          0          0          0      11440   stm32h7xx_hal_spi.o
      1944        186          0          0          0      17610   stm32h7xx_hal_tim.o
         4          0          0          0          0       1846   stm32h7xx_hal_tim_ex.o
       144         24          0          0         64       2581   stm32h7xx_hal_timebase_tim.o
        10          0          0          0          0       2405   stm32h7xx_it.o
       254          4          0          0          0       3596   stm32h7xx_ll_fmc.o
       884        326          0          0          0      14425   sys_arch.o
       132         16         16          8          0       1494   system_stm32h7xx.o
      2788        210          0         60        200      29832   tasks.o
      6486       2500        193         32          0      40265   tcp.o
      1544        432         28         20       5120      56513   tcp_client.o
      6480       1530          0         36         20      22671   tcp_in.o
      7540       2858         85          0          0      35014   tcp_out.o
       896        386          0         16          0      13889   tcpip.o
       648        258         16         12          0       7283   timeouts.o
       964         86          0         20         40      20211   timers.o
      1458        550          0          8          0      10055   udp.o

    ----------------------------------------------------------------------
     84196      19574       1900      13788   11761544    2179469   Object Totals
         0          0         80          0          0          0   (incl. Generated)
        98          0         28          8         36          0   (incl. Padding)

    ----------------------------------------------------------------------

      Code (inc. data)   RO Data    RW Data    ZI Data      Debug   Library Member Name

        86          0          0          0          0          0   __dczerorl2.o
         8          4        133          0          0         68   ctype_o.o
         0          0          0          0          0          0   entry.o
         0          0          0          0          0          0   entry10a.o
         0          0          0          0          0          0   entry11a.o
         8          4          0          0          0          0   entry2.o
         4          0          0          0          0          0   entry5.o
         0          0          0          0          0          0   entry7b.o
         0          0          0          0          0          0   entry8b.o
         8          4          0          0          0          0   entry9a.o
        30          0          0          0          0          0   handlers.o
        36          8          0          0          0         68   init.o
         0          0          0          0          0          0   iusefp.o
        30          0          0          0          0         68   llshl.o
        36          0          0          0          0         68   llsshr.o
        32          0          0          0          0         68   llushr.o
        26          0          0          0          0         80   memcmp.o
        64          0          0          0          0         76   memmovea.o
        36          0          0          0          0        108   memseta.o
      2372         98          0          0          0        684   printfa.o
         0          0          0          4          0          0   stdout.o
        18          0          0          0          0         68   strcpy.o
        14          0          0          0          0         68   strlen.o
        36          0          0          0          0         80   strstr.o
        44          0          0          0          0         80   uidiv.o
        98          0          0          0          0         92   uldiv.o
        48          0          0          0          0         68   cdrcmple.o
       334          0          0          0          0        148   dadd.o
       222          0          0          0          0        100   ddiv.o
       186          0          0          0          0        176   depilogue.o
        48          0          0          0          0         68   dfixul.o
       228          0          0          0          0         96   dmul.o

    ----------------------------------------------------------------------
      4056        118        136          4          0       2332   Library Totals
         4          0          3          0          0          0   (incl. Padding)

    ----------------------------------------------------------------------

      Code (inc. data)   RO Data    RW Data    ZI Data      Debug   Library Name

      2986        118        133          4          0       1676   mc_w.l
      1066          0          0          0          0        656   mf_w.l

    ----------------------------------------------------------------------
      4056        118        136          4          0       2332   Library Totals

    ----------------------------------------------------------------------

==============================================================================


      Code (inc. data)   RO Data    RW Data    ZI Data      Debug   

     88252      19692       2036      13792   11761544    2125189   Grand Totals
     88252      19692       2036        560   11761544    2125189   ELF Image Totals (compressed)
     88252      19692       2036        560          0          0   ROM Totals

==============================================================================

    Total RO  Size (Code + RO Data)                90288 (  88.17kB)
    Total RW  Size (RW Data + ZI Data)          11775336 (11499.35kB)
    Total ROM Size (Code + RO Data + RW Data)      90848 (  88.72kB)

==============================================================================

